
> @ptah-extension/source@0.0.0 build:all
> nx run-many -t build


 NX   Running target build for 10 projects and 2 tasks they depend on:

- @ptah-extension/workspace-intelligence
- @ptah-extension/template-generation
- @ptah-extension/ai-providers-core
- @ptah-extension/llm-abstraction
- vscode-lm-tools
- ptah-extension-webview
- @ptah-extension/claude-domain
- ptah-extension-vscode
- @ptah-extension/vscode-core
- @ptah-extension/shared



> nx run @ptah-extension/shared:build


[2m..\..\dist\libs\shared\package.json[22m

> nx run @ptah-extension/vscode-core:build


[2m..\..\..\dist\libs\backend\vscode-core\CLAUDE.md[22m

[2m..\..\..\dist\libs\backend\vscode-core\README.md[22m

[2m..\..\..\dist\libs\backend\vscode-core\package.json[22m

> nx run @ptah-extension/workspace-intelligence:build


[2m..\..\..\dist\libs\backend\workspace-intelligence\CLAUDE.md[22m

[2m..\..\..\dist\libs\backend\workspace-intelligence\README.md[22m

[2m..\..\..\dist\libs\backend\workspace-intelligence\package.json[22m

> nx run @ptah-extension/claude-domain:build


[2m..\..\..\dist\libs\backend\claude-domain\CLAUDE.md[22m

[2m..\..\..\dist\libs\backend\claude-domain\README.md[22m

[2m..\..\..\dist\libs\backend\claude-domain\package.json[22m

> nx run ptah-extension-webview:build:production

[33m❯[39m Building...
[32m✔[39m Building...
[37mApplication bundle generation failed. [8.775 seconds][39m
[37m[39m
[1m[31m[31mX [41;31m[[41;97mERROR[41;31m][0m [1mTS2571: Object is of type 'unknown'.[0m [1m[35m[plugin angular-compiler][0m[39m[22m
[1m[31m[39m[22m
[1m[31m    libs/frontend/chat/src/lib/components/agent-status-badge/agent-status-badge.component.html:29:55:[39m[22m
[1m[31m[37m      29 │       @for (agent of activeAgents(); track agent.agent.[32magentId[37m) {[39m[22m
[1m[31m         ╵                                                        [32m~~~~~~~[0m[39m[22m
[1m[31m[39m[22m
[1m[31m  Error occurs in the template of component AgentStatusBadgeComponent.[39m[22m
[1m[31m[39m[22m
[1m[31m    libs/frontend/chat/src/lib/components/agent-status-badge/agent-status-badge.component.ts:55:15:[39m[22m
[1m[31m[37m      55 │   templateUrl: [32m'./agent-status-badge.component.html'[37m,[39m[22m
[1m[31m         ╵                [32m~~~~~~~~~~~~~~~~~~~~~~~~~~~~~~~~~~~~~[0m[39m[22m
[1m[31m[39m[22m
[1m[31m[39m[22m
[1m[31m[31mX [41;31m[[41;97mERROR[41;31m][0m [1mTS2571: Object is of type 'unknown'.[0m [1m[35m[plugin angular-compiler][0m[39m[22m
[1m[31m[39m[22m
[1m[31m    libs/frontend/chat/src/lib/components/agent-status-badge/agent-status-badge.component.html:31:51:[39m[22m
[1m[31m[37m      31 │ ... <span class="tooltip-agent">{{ agent.agent.[32msubagentType[37m }}</span>[39m[22m
[1m[31m         ╵                                                [32m~~~~~~~~~~~~[0m[39m[22m
[1m[31m[39m[22m
[1m[31m  Error occurs in the template of component AgentStatusBadgeComponent.[39m[22m
[1m[31m[39m[22m
[1m[31m    libs/frontend/chat/src/lib/components/agent-status-badge/agent-status-badge.component.ts:55:15:[39m[22m
[1m[31m[37m      55 │   templateUrl: [32m'./agent-status-badge.component.html'[37m,[39m[22m
[1m[31m         ╵                [32m~~~~~~~~~~~~~~~~~~~~~~~~~~~~~~~~~~~~~[0m[39m[22m
[1m[31m[39m[22m
[1m[31m[39m[22m
[1m[31m[31mX [41;31m[[41;97mERROR[41;31m][0m [1mTS2571: Object is of type 'unknown'.[0m [1m[35m[plugin angular-compiler][0m[39m[22m
[1m[31m[39m[22m
[1m[31m    libs/frontend/chat/src/lib/components/agent-status-badge/agent-status-badge.component.html:34:47:[39m[22m
[1m[31m[37m      34 │           { ({{ getRunningDuration(agent.agent.[32mtimestamp[37m) }}) } @if[39m[22m
[1m[31m         ╵                                                [32m~~~~~~~~~[0m[39m[22m
[1m[31m[39m[22m
[1m[31m  Error occurs in the template of component AgentStatusBadgeComponent.[39m[22m
[1m[31m[39m[22m
[1m[31m    libs/frontend/chat/src/lib/components/agent-status-badg[39m[22m[1m[31me/agent-status-badge.component.ts:55:15:[39m[22m
[1m[31m[37m      55 │   templateUrl: [32m'./agent-status-badge.component.html'[37m,[39m[22m
[1m[31m         ╵                [32m~~~~~~~~~~~~~~~~~~~~~~~~~~~~~~~~~~~~~[0m[39m[22m
[1m[31m[39m[22m
[1m[31m[39m[22m
[1m[31m[31mX [41;31m[[41;97mERROR[41;31m][0m [1mTS18046: 'node.agent' is of type 'unknown'.[0m [1m[35m[plugin angular-compiler][0m[39m[22m
[1m[31m[39m[22m
[1m[31m    libs/frontend/chat/src/lib/components/agent-status-badge/agent-status-badge.component.ts:120:19:[39m[22m
[1m[31m[37m      120 │       const type = [32mnode.agent[37m.subagentType;[39m[22m
[1m[31m          ╵                    [32m~~~~~~~~~~[0m[39m[22m
[1m[31m[39m[22m
[1m[31m[39m[22m
[1m[31m[31mX [41;31m[[41;97mERROR[41;31m][0m [1mTS18046: 'node.agent' is of type 'unknown'.[0m [1m[35m[plugin angular-compiler][0m[39m[22m
[1m[31m[39m[22m
[1m[31m    libs/frontend/chat/src/lib/components/agent-status-badge/agent-status-badge.component.ts:123:34:[39m[22m
[1m[31m[37m      123 │         : this.getRunningDuration([32mnode.agent[37m.timestamp);[39m[22m
[1m[31m          ╵                                   [32m~~~~~~~~~~[0m[39m[22m
[1m[31m[39m[22m
[1m[31m[39m[22m
[1m[31m[31mX [41;31m[[41;97mERROR[41;31m][0m [1mTS2571: Object is of type 'unknown'.[0m [1m[35m[plugin angular-compiler][0m[39m[22m
[1m[31m[39m[22m
[1m[31m    libs/frontend/chat/src/lib/components/agent-timeline/agent-timeline.component.html:25:55:[39m[22m
[1m[31m[37m      25 │     @for (agent of timelineAgents(); track agent.agent.[32magentId[37m) {[39m[22m
[1m[31m         ╵                                                        [32m~~~~~~~[0m[39m[22m
[1m[31m[39m[22m
[1m[31m  Error occurs in the template of component AgentTimelineComponent.[39m[22m
[1m[31m[39m[22m
[1m[31m    libs/frontend/chat/src/lib/components/agent-timeline/agent-timeline.component.ts:56:15:[39m[22m
[1m[31m[37m      56 │   templateUrl: [32m'./agent-timeline.component.html'[37m,[39m[22m
[1m[31m         ╵                [32m~~~~~~~~~~~~~~~~~~~~~~~~~~~~~~~~~[0m[39m[22m
[1m[31m[39m[22m
[1m[31m[39m[22m
[1m[31m[31mX [41;31m[[41;97mERROR[41;31m][0m [1mTS2571: Object is of type 'unknown'.[0m [1m[35m[plugin angular-compiler][0m[39m[22m
[1m[31m[39m[22m
[1m[31m    libs/frontend/chat/src/lib/components/agent-timeline/agent-timeline.component.html:34:20:[39m[22m
[1m[31m[37m      34 │         agent.agent.[32msubagentType[37m +[39m[22m
[1m[31m         ╵                     [32m~~~~~~~~~~~~[0m[39m[22m
[1m[31m[39m[22m
[1m[31m  Error occur[39m[22m[1m[31ms in the template of component AgentTimelineComponent.[39m[22m
[1m[31m[39m[22m
[1m[31m    libs/frontend/chat/src/lib/components/agent-timeline/agent-timeline.component.ts:56:15:[39m[22m
[1m[31m[37m      56 │   templateUrl: [32m'./agent-timeline.component.html'[37m,[39m[22m
[1m[31m         ╵                [32m~~~~~~~~~~~~~~~~~~~~~~~~~~~~~~~~~[0m[39m[22m
[1m[31m[39m[22m
[1m[31m[39m[22m
[1m[31m[31mX [41;31m[[41;97mERROR[41;31m][0m [1mTS2571: Object is of type 'unknown'.[0m [1m[35m[plugin angular-compiler][0m[39m[22m
[1m[31m[39m[22m
[1m[31m    libs/frontend/chat/src/lib/components/agent-timeline/agent-timeline.component.html:48:56:[39m[22m
[1m[31m[37m      48 │           'background-color': getAgentColor(agent.agent.[32msubagentType[37m)[39m[22m
[1m[31m         ╵                                                         [32m~~~~~~~~~~~~[0m[39m[22m
[1m[31m[39m[22m
[1m[31m  Error occurs in the template of component AgentTimelineComponent.[39m[22m
[1m[31m[39m[22m
[1m[31m    libs/frontend/chat/src/lib/components/agent-timeline/agent-timeline.component.ts:56:15:[39m[22m
[1m[31m[37m      56 │   templateUrl: [32m'./agent-timeline.component.html'[37m,[39m[22m
[1m[31m         ╵                [32m~~~~~~~~~~~~~~~~~~~~~~~~~~~~~~~~~[0m[39m[22m
[1m[31m[39m[22m
[1m[31m[39m[22m
[1m[31m[31mX [41;31m[[41;97mERROR[41;31m][0m [1mTS2571: Object is of type 'unknown'.[0m [1m[35m[plugin angular-compiler][0m[39m[22m
[1m[31m[39m[22m
[1m[31m    libs/frontend/chat/src/lib/components/agent-timeline/agent-timeline.component.html:55:25:[39m[22m
[1m[31m[37m      55 │           {{ agent.agent.[32msubagentType[37m }} ({{[39m[22m
[1m[31m         ╵                          [32m~~~~~~~~~~~~[0m[39m[22m
[1m[31m[39m[22m
[1m[31m  Error occurs in the template of component AgentTimelineComponent.[39m[22m
[1m[31m[39m[22m
[1m[31m    libs/frontend/chat/src/lib/components/agent-timeline/agent-timeline.component.ts:56:15:[39m[22m
[1m[31m[37m      56 │   templateUrl: [32m'./agent-timeline.component.html'[37m,[39m[22m
[1m[31m         ╵                [32m~~~~~~~~~~~~~~~~~~~~~~~~~~~~~~~~~[0m[39m[22m
[1m[31m[39m[22m
[1m[31m[39m[22m
[1m[31m[31mX [41;31m[[41;97mERROR[41;31m][0m [1mTS2571: Object is of type 'unknown'.[0m [1m[35m[plugin angular-compiler][0m[39m[22m
[1m[31m[39m[22m
[1m[31m    libs/frontend/chat/src/lib/components/agent-timeline/agent-timeline.component.html:75:54:[39m[22m
[1m[31m[37m      75 │ ...ia-label]="'Details for ' + hovered.agent.[32msubagentType[37m + ' agent'"[39m[22m
[1m[31m         ╵ [39m[22m[1m[31m                                             [32m~~~~~~~~~~~~[0m[39m[22m
[1m[31m[39m[22m
[1m[31m  Error occurs in the template of component AgentTimelineComponent.[39m[22m
[1m[31m[39m[22m
[1m[31m    libs/frontend/chat/src/lib/components/agent-timeline/agent-timeline.component.ts:56:15:[39m[22m
[1m[31m[37m      56 │   templateUrl: [32m'./agent-timeline.component.html'[37m,[39m[22m
[1m[31m         ╵                [32m~~~~~~~~~~~~~~~~~~~~~~~~~~~~~~~~~[0m[39m[22m
[1m[31m[39m[22m
[1m[31m[39m[22m
[1m[31m[31mX [41;31m[[41;97mERROR[41;31m][0m [1mTS2571: Object is of type 'unknown'.[0m [1m[35m[plugin angular-compiler][0m[39m[22m
[1m[31m[39m[22m
[1m[31m    libs/frontend/chat/src/lib/components/agent-timeline/agent-timeline.component.html:79:51:[39m[22m
[1m[31m[37m      79 │ ...span class="popover-title">{{ hovered.agent.[32msubagentType[37m }}</span>[39m[22m
[1m[31m         ╵                                                [32m~~~~~~~~~~~~[0m[39m[22m
[1m[31m[39m[22m
[1m[31m  Error occurs in the template of component AgentTimelineComponent.[39m[22m
[1m[31m[39m[22m
[1m[31m    libs/frontend/chat/src/lib/components/agent-timeline/agent-timeline.component.ts:56:15:[39m[22m
[1m[31m[37m      56 │   templateUrl: [32m'./agent-timeline.component.html'[37m,[39m[22m
[1m[31m         ╵                [32m~~~~~~~~~~~~~~~~~~~~~~~~~~~~~~~~~[0m[39m[22m
[1m[31m[39m[22m
[1m[31m[39m[22m
[1m[31m[31mX [41;31m[[41;97mERROR[41;31m][0m [1mTS2571: Object is of type 'unknown'.[0m [1m[35m[plugin angular-compiler][0m[39m[22m
[1m[31m[39m[22m
[1m[31m    libs/frontend/chat/src/lib/components/agent-timeline/agent-timeline.component.html:107:63:[39m[22m
[1m[31m[37m      107 │ ... @for (activity of hovered.activities; track activity.[32mtoolName[37m) {[39m[22m
[1m[31m          ╵                                                          [32m~~~~~~~~[0m[39m[22m
[1m[31m[39m[22m
[1m[31m  Error occurs in the template of component AgentTimelineComponent.[39m[22m
[1m[31m[39m[22m
[1m[31m    libs/frontend/chat/src/lib/components/agent-timeline/agent-timeline.component.ts:56:15:[39m[22m
[1m[31m[37m      56 │   templateUrl: [32m'./agent-timeline.component.html'[37m,[39m[22m
[1m[31m         ╵                [32m~~~~~~~~~~~~~~~~~~~~~~~~~~~~~~~~~[0m[39m[22m
[1m[31m[39m[22m
[1m[31m[39m[22m
[1m[31m[31mX [41;31m[[41;97mERROR[41;31m][0m [1mTS2571: Object is of type 'unknown'.[0m [1m[35m[plugin angular-compiler][0m[39m[22m
[1m[31m[39m[22m
[1m[31m    libs/frontend/chat/src/lib/components/agent-timeline/agent-timeline.co[39m[22m[1m[31mmponent.html:109:48:[39m[22m
[1m[31m[37m      109 │             <span class="tool-name">{{ activity.[32mtoolName[37m }}</span>[39m[22m
[1m[31m          ╵                                                 [32m~~~~~~~~[0m[39m[22m
[1m[31m[39m[22m
[1m[31m  Error occurs in the template of component AgentTimelineComponent.[39m[22m
[1m[31m[39m[22m
[1m[31m    libs/frontend/chat/src/lib/components/agent-timeline/agent-timeline.component.ts:56:15:[39m[22m
[1m[31m[37m      56 │   templateUrl: [32m'./agent-timeline.component.html'[37m,[39m[22m
[1m[31m         ╵                [32m~~~~~~~~~~~~~~~~~~~~~~~~~~~~~~~~~[0m[39m[22m
[1m[31m[39m[22m
[1m[31m[39m[22m
[1m[31m[31mX [41;31m[[41;97mERROR[41;31m][0m [1mTS2571: Object is of type 'unknown'.[0m [1m[35m[plugin angular-compiler][0m[39m[22m
[1m[31m[39m[22m
[1m[31m    libs/frontend/chat/src/lib/components/agent-timeline/agent-timeline.component.html:110:26:[39m[22m
[1m[31m[37m      110 │             @if (activity.[32mtoolInput[37m) {[39m[22m
[1m[31m          ╵                           [32m~~~~~~~~~[0m[39m[22m
[1m[31m[39m[22m
[1m[31m  Error occurs in the template of component AgentTimelineComponent.[39m[22m
[1m[31m[39m[22m
[1m[31m    libs/frontend/chat/src/lib/components/agent-timeline/agent-timeline.component.ts:56:15:[39m[22m
[1m[31m[37m      56 │   templateUrl: [32m'./agent-timeline.component.html'[37m,[39m[22m
[1m[31m         ╵                [32m~~~~~~~~~~~~~~~~~~~~~~~~~~~~~~~~~[0m[39m[22m
[1m[31m[39m[22m
[1m[31m[39m[22m
[1m[31m[31mX [41;31m[[41;97mERROR[41;31m][0m [1mTS2571: Object is of type 'unknown'.[0m [1m[35m[plugin angular-compiler][0m[39m[22m
[1m[31m[39m[22m
[1m[31m    libs/frontend/chat/src/lib/components/agent-timeline/agent-timeline.component.html:111:49:[39m[22m
[1m[31m[37m      111 │             <span class="tool-input">{{ activity.[32mtoolInput[37m }}</span>[39m[22m
[1m[31m          ╵                                                  [32m~~~~~~~~~[0m[39m[22m
[1m[31m[39m[22m
[1m[31m  Error occurs in the template of component AgentTimelineComponent.[39m[22m
[1m[31m[39m[22m
[1m[31m    libs/frontend/chat/src/lib/components/agent-timeline/agent-timeline.component.ts:56:15:[39m[22m
[1m[31m[37m      56 │   templateUrl: [32m'./agent-timeline.component.html'[37m,[39m[22m
[1m[31m         ╵                [32m~~~~~~~~~~~~~~~~~~~~~~~~~~~~~~~~~[0m[39m[22m
[1m[31m[39m[22m
[1m[31m[39m[22m
[1m[31m[31mX [41;31m[[41;97mERROR[41;31m][0m [1mTS18046: 'agent.agent' is of type 'unknown'.[0m [1m[35m[plugin angular-compiler][0m[39m[22m
[1m[31m[39m[22m[1m[31m[39m[22m
[1m[31m    libs/frontend/chat/src/lib/components/agent-timeline/agent-timeline.component.ts:85:20:[39m[22m
[1m[31m[37m      85 │         (agent) => ([32magent.agent[37m.timestamp ?? 0) + (agent.duration ...[39m[22m
[1m[31m         ╵                     [32m~~~~~~~~~~~[0m[39m[22m
[1m[31m[39m[22m
[1m[31m[39m[22m
[1m[31m[31mX [41;31m[[41;97mERROR[41;31m][0m [1mTS18046: 'a.agent' is of type 'unknown'.[0m [1m[35m[plugin angular-compiler][0m[39m[22m
[1m[31m[39m[22m
[1m[31m    libs/frontend/chat/src/lib/components/agent-timeline/agent-timeline.component.ts:122:17:[39m[22m
[1m[31m[37m      122 │       (a, b) => ([32ma.agent[37m.timestamp ?? 0) - (b.agent.timestamp ?? 0)[39m[22m
[1m[31m          ╵                  [32m~~~~~~~[0m[39m[22m
[1m[31m[39m[22m
[1m[31m[39m[22m
[1m[31m[31mX [41;31m[[41;97mERROR[41;31m][0m [1mTS18046: 'b.agent' is of type 'unknown'.[0m [1m[35m[plugin angular-compiler][0m[39m[22m
[1m[31m[39m[22m
[1m[31m    libs/frontend/chat/src/lib/components/agent-timeline/agent-timeline.component.ts:122:44:[39m[22m
[1m[31m[37m      122 │       (a, b) => (a.agent.timestamp ?? 0) - ([32mb.agent[37m.timestamp ?? 0)[39m[22m
[1m[31m          ╵                                             [32m~~~~~~~[0m[39m[22m
[1m[31m[39m[22m
[1m[31m[39m[22m
[1m[31m[31mX [41;31m[[41;97mERROR[41;31m][0m [1mTS18046: 'agent.agent' is of type 'unknown'.[0m [1m[35m[plugin angular-compiler][0m[39m[22m
[1m[31m[39m[22m
[1m[31m    libs/frontend/chat/src/lib/components/agent-timeline/agent-timeline.component.ts:130:24:[39m[22m
[1m[31m[37m      130 │       const startTime = [32magent.agent[37m.timestamp ?? 0;[39m[22m
[1m[31m          ╵                         [32m~~~~~~~~~~~[0m[39m[22m
[1m[31m[39m[22m
[1m[31m[39m[22m
[1m[31m[31mX [41;31m[[41;97mERROR[41;31m][0m [1mTS18046: 'agent.agent' is of type 'unknown'.[0m [1m[35m[plugin angular-compiler][0m[39m[22m
[1m[31m[39m[22m
[1m[31m    libs/frontend/chat/src/lib/components/agent-timeline/agent-timeline.component.ts:280:37:[39m[22m
[1m[31m[37m      280 │     const color = this.getAgentColor([32magent.agent[37m.subagentType);[39m[22m
[1m[31m          ╵                                      [32m~~~~~~~~~~~[0m[39m[22m
[1m[31m[39m[22m
[1m[31m[39m[22m
[1m[31m[31mX [41;31m[[41;97mERROR[41;31m][0m [1mTS18046: 'agent.agent' is of type 'unknown'.[0m [1m[35m[plugin angular-compiler][0m[39m[22m
[1m[31m[39m[22m
[1m[31m    libs/frontend/chat/src/lib/components/agent-timeline/agent-timeline.component.ts:302:30:[39m[22m
[1m[31m[37m [39m[22m[1m[31m     302 │     return this.getAgentColor([32magent.agent[37m.subagentType);[39m[22m
[1m[31m          ╵                               [32m~~~~~~~~~~~[0m[39m[22m
[1m[31m[39m[22m
[1m[31m[39m[22m
[1m[31m[31mX [41;31m[[41;97mERROR[41;31m][0m [1mTS2571: Object is of type 'unknown'.[0m [1m[35m[plugin angular-compiler][0m[39m[22m
[1m[31m[39m[22m
[1m[31m    libs/frontend/chat/src/lib/components/agent-tree/agent-tree.component.html:2:43:[39m[22m
[1m[31m[37m      2 │   @for (node of agents(); track node.agent.[32magentId[37m) {[39m[22m
[1m[31m        ╵                                            [32m~~~~~~~[0m[39m[22m
[1m[31m[39m[22m
[1m[31m  Error occurs in the template of component AgentTreeComponent.[39m[22m
[1m[31m[39m[22m
[1m[31m    libs/frontend/chat/src/lib/components/agent-tree/agent-tree.component.ts:55:15:[39m[22m
[1m[31m[37m      55 │   templateUrl: [32m'./agent-tree.component.html'[37m,[39m[22m
[1m[31m         ╵                [32m~~~~~~~~~~~~~~~~~~~~~~~~~~~~~[0m[39m[22m
[1m[31m[39m[22m
[1m[31m[39m[22m
[1m[31m[31mX [41;31m[[41;97mERROR[41;31m][0m [1mTS2571: Object is of type 'unknown'.[0m [1m[35m[plugin angular-compiler][0m[39m[22m
[1m[31m[39m[22m
[1m[31m    libs/frontend/chat/src/lib/components/agent-tree/agent-tree.component.html:5:44:[39m[22m
[1m[31m[37m      5 │     [class.expanded]="isExpanded(node.agent.[32magentId[37m)"[39m[22m
[1m[31m        ╵                                             [32m~~~~~~~[0m[39m[22m
[1m[31m[39m[22m
[1m[31m  Error occurs in the template of component AgentTreeComponent.[39m[22m
[1m[31m[39m[22m
[1m[31m    libs/frontend/chat/src/lib/components/agent-tree/agent-tree.component.ts:55:15:[39m[22m
[1m[31m[37m      55 │   templateUrl: [32m'./agent-tree.component.html'[37m,[39m[22m
[1m[31m         ╵                [32m~~~~~~~~~~~~~~~~~~~~~~~~~~~~~[0m[39m[22m
[1m[31m[39m[22m
[1m[31m[39m[22m
[1m[31m[31mX [41;31m[[41;97mERROR[41;31m][0m [1mTS2571: Object is of type 'unknown'.[0m [1m[35m[plugin angular-compiler][0m[39m[22m
[1m[31m[39m[22m
[1m[31m    libs/frontend/chat/src/lib/components/agent-tree/agent-tree.component.html:8:48:[39m[22m
[1m[31m[37m      8 │     [attr.aria-expanded]="isExpanded(node.agent.[32magentId[37m)"[39m[22m
[1m[31m        ╵                                                 [32m~~~~~~~[0m[39m[22m
[1m[31m[39m[22m
[1m[31m  Error occurs in the template of component AgentTreeComponent.[39m[22m
[1m[31m[39m[22m
[1m[31m    libs/frontend/chat/src/lib/components/agent-tree/agent-tree.component.ts:55:15:[39m[22m
[1m[31m[37m      55 │   templateUrl: [[39m[22m[1m[31m32m'./agent-tree.component.html'[37m,[39m[22m
[1m[31m         ╵                [32m~~~~~~~~~~~~~~~~~~~~~~~~~~~~~[0m[39m[22m
[1m[31m[39m[22m
[1m[31m[39m[22m
[1m[31m[31mX [41;31m[[41;97mERROR[41;31m][0m [1mTS2571: Object is of type 'unknown'.[0m [1m[35m[plugin angular-compiler][0m[39m[22m
[1m[31m[39m[22m
[1m[31m    libs/frontend/chat/src/lib/components/agent-tree/agent-tree.component.html:12:39:[39m[22m
[1m[31m[37m      12 │     (click)="toggleExpanded(node.agent.[32magentId[37m)"[39m[22m
[1m[31m         ╵                                        [32m~~~~~~~[0m[39m[22m
[1m[31m[39m[22m
[1m[31m  Error occurs in the template of component AgentTreeComponent.[39m[22m
[1m[31m[39m[22m
[1m[31m    libs/frontend/chat/src/lib/components/agent-tree/agent-tree.component.ts:55:15:[39m[22m
[1m[31m[37m      55 │   templateUrl: [32m'./agent-tree.component.html'[37m,[39m[22m
[1m[31m         ╵                [32m~~~~~~~~~~~~~~~~~~~~~~~~~~~~~[0m[39m[22m
[1m[31m[39m[22m
[1m[31m[39m[22m
[1m[31m[31mX [41;31m[[41;97mERROR[41;31m][0m [1mTS2571: Object is of type 'unknown'.[0m [1m[35m[plugin angular-compiler][0m[39m[22m
[1m[31m[39m[22m
[1m[31m    libs/frontend/chat/src/lib/components/agent-tree/agent-tree.component.html:13:48:[39m[22m
[1m[31m[37m      13 │     (keydown)="handleKeydown($event, node.agent.[32magentId[37m)"[39m[22m
[1m[31m         ╵                                                 [32m~~~~~~~[0m[39m[22m
[1m[31m[39m[22m
[1m[31m  Error occurs in the template of component AgentTreeComponent.[39m[22m
[1m[31m[39m[22m
[1m[31m    libs/frontend/chat/src/lib/components/agent-tree/agent-tree.component.ts:55:15:[39m[22m
[1m[31m[37m      55 │   templateUrl: [32m'./agent-tree.component.html'[37m,[39m[22m
[1m[31m         ╵                [32m~~~~~~~~~~~~~~~~~~~~~~~~~~~~~[0m[39m[22m
[1m[31m[39m[22m
[1m[31m[39m[22m
[1m[31m[31mX [41;31m[[41;97mERROR[41;31m][0m [1mTS2571: Object is of type 'unknown'.[0m [1m[35m[plugin angular-compiler][0m[39m[22m
[1m[31m[39m[22m
[1m[31m    libs/frontend/chat/src/lib/components/agent-tree/agent-tree.component.html:18:30:[39m[22m
[1m[31m[37m      18 │         isExpanded(node.agent.[32magentId[37m) ? ChevronDownIcon : Chevron...[39m[22m
[1m[31m         ╵                               [32m~~~~~~~[0m[39m[22m
[1m[31m[39m[22m
[1m[31m  Error occurs in the template of component AgentTreeComponent.[39m[22m
[1m[31m[39m[22m
[1m[31m    libs/frontend/chat/src/lib/components/agent-tree/agent-tree.component.ts:55:15:[39m[22m
[1m[31m[37m      55 │   templateUrl: [32m'./agent-tree.component.html'[3[39m[22m[1m[31m7m,[39m[22m
[1m[31m         ╵                [32m~~~~~~~~~~~~~~~~~~~~~~~~~~~~~[0m[39m[22m
[1m[31m[39m[22m
[1m[31m[39m[22m
[1m[31m[31mX [41;31m[[41;97mERROR[41;31m][0m [1mTS2571: Object is of type 'unknown'.[0m [1m[35m[plugin angular-compiler][0m[39m[22m
[1m[31m[39m[22m
[1m[31m    libs/frontend/chat/src/lib/components/agent-tree/agent-tree.component.html:22:46:[39m[22m
[1m[31m[37m      22 │       [class.expanded]="isExpanded(node.agent.[32magentId[37m)"[39m[22m
[1m[31m         ╵                                               [32m~~~~~~~[0m[39m[22m
[1m[31m[39m[22m
[1m[31m  Error occurs in the template of component AgentTreeComponent.[39m[22m
[1m[31m[39m[22m
[1m[31m    libs/frontend/chat/src/lib/components/agent-tree/agent-tree.component.ts:55:15:[39m[22m
[1m[31m[37m      55 │   templateUrl: [32m'./agent-tree.component.html'[37m,[39m[22m
[1m[31m         ╵                [32m~~~~~~~~~~~~~~~~~~~~~~~~~~~~~[0m[39m[22m
[1m[31m[39m[22m
[1m[31m[39m[22m
[1m[31m[31mX [41;31m[[41;97mERROR[41;31m][0m [1mTS2571: Object is of type 'unknown'.[0m [1m[35m[plugin angular-compiler][0m[39m[22m
[1m[31m[39m[22m
[1m[31m    libs/frontend/chat/src/lib/components/agent-tree/agent-tree.component.html:27:43:[39m[22m
[1m[31m[37m      27 │     <span class="agent-type">{{ node.agent.[32msubagentType[37m }}</span>[39m[22m
[1m[31m         ╵                                            [32m~~~~~~~~~~~~[0m[39m[22m
[1m[31m[39m[22m
[1m[31m  Error occurs in the template of component AgentTreeComponent.[39m[22m
[1m[31m[39m[22m
[1m[31m    libs/frontend/chat/src/lib/components/agent-tree/agent-tree.component.ts:55:15:[39m[22m
[1m[31m[37m      55 │   templateUrl: [32m'./agent-tree.component.html'[37m,[39m[22m
[1m[31m         ╵                [32m~~~~~~~~~~~~~~~~~~~~~~~~~~~~~[0m[39m[22m
[1m[31m[39m[22m
[1m[31m[39m[22m
[1m[31m[31mX [41;31m[[41;97mERROR[41;31m][0m [1mTS2571: Object is of type 'unknown'.[0m [1m[35m[plugin angular-compiler][0m[39m[22m
[1m[31m[39m[22m
[1m[31m    libs/frontend/chat/src/lib/components/agent-tree/agent-tree.component.html:43:31:[39m[22m
[1m[31m[37m      43 │     @if (isExpanded(node.agent.[32magentId[37m)) {[39m[22m
[1m[31m         ╵                                [32m~~~~~~~[0m[39m[22m
[1m[31m[39m[22m
[1m[31m  Error occurs in the template of component AgentTreeComponent.[39m[22m
[1m[31m[39m[22m
[1m[31m    libs/frontend/chat/src/lib/components/agent-tree/agent-tree.component.ts:55:15:[39m[22m
[1m[31m[37m      55 │   templateUrl: [32m'./agent-tree.component.html'[37m,[39m[22m
[1m[31m         ╵                [32m~~~~[39m[22m[1m[31m~~~~~~~~~~~~~~~~~~~~~~~~~[0m[39m[22m
[1m[31m[39m[22m
[1m[31m[39m[22m
[1m[31m[31mX [41;31m[[41;97mERROR[41;31m][0m [1mTS2571: Object is of type 'unknown'.[0m [1m[35m[plugin angular-compiler][0m[39m[22m
[1m[31m[39m[22m
[1m[31m    libs/frontend/chat/src/lib/components/agent-tree/agent-tree.component.html:48:28:[39m[22m
[1m[31m[37m      48 │         [title]="node.agent.[32mprompt[37m || node.agent.description"[39m[22m
[1m[31m         ╵                             [32m~~~~~~[0m[39m[22m
[1m[31m[39m[22m
[1m[31m  Error occurs in the template of component AgentTreeComponent.[39m[22m
[1m[31m[39m[22m
[1m[31m    libs/frontend/chat/src/lib/components/agent-tree/agent-tree.component.ts:55:15:[39m[22m
[1m[31m[37m      55 │   templateUrl: [32m'./agent-tree.component.html'[37m,[39m[22m
[1m[31m         ╵                [32m~~~~~~~~~~~~~~~~~~~~~~~~~~~~~[0m[39m[22m
[1m[31m[39m[22m
[1m[31m[39m[22m
[1m[31m[31mX [41;31m[[41;97mERROR[41;31m][0m [1mTS2571: Object is of type 'unknown'.[0m [1m[35m[plugin angular-compiler][0m[39m[22m
[1m[31m[39m[22m
[1m[31m    libs/frontend/chat/src/lib/components/agent-tree/agent-tree.component.html:48:49:[39m[22m
[1m[31m[37m      48 │         [title]="node.agent.prompt || node.agent.[32mdescription[37m"[39m[22m
[1m[31m         ╵                                                  [32m~~~~~~~~~~~[0m[39m[22m
[1m[31m[39m[22m
[1m[31m  Error occurs in the template of component AgentTreeComponent.[39m[22m
[1m[31m[39m[22m
[1m[31m    libs/frontend/chat/src/lib/components/agent-tree/agent-tree.component.ts:55:15:[39m[22m
[1m[31m[37m      55 │   templateUrl: [32m'./agent-tree.component.html'[37m,[39m[22m
[1m[31m         ╵                [32m~~~~~~~~~~~~~~~~~~~~~~~~~~~~~[0m[39m[22m
[1m[31m[39m[22m
[1m[31m[39m[22m
[1m[31m[31mX [41;31m[[41;97mERROR[41;31m][0m [1mTS2571: Object is of type 'unknown'.[0m [1m[35m[plugin angular-compiler][0m[39m[22m
[1m[31m[39m[22m
[1m[31m    libs/frontend/chat/src/lib/components/agent-tree/agent-tree.component.html:50:22:[39m[22m
[1m[31m[37m      50 │         {{ node.agent.[32mdescription[37m }}[39m[22m
[1m[31m         ╵                       [32m~~~~~~~~~~~[0m[39m[22m
[1m[31m[39m[22m
[1m[31m  Error occurs in the template of component AgentTreeComponent.[39m[22m
[1m[31m[39m[22m
[1m[31m    libs/frontend/chat/src/lib/components/agent-tree/agent-tree.component.ts:55:15:[39m[22m
[1m[31m[37m      55 │   templateUrl: [32m'./agent-tree.component.html'[37m,[39m[22m
[1m[31m         ╵                [32m~~~~~~~~~~~~~~~~~~~~~~~~~~~~~[0m[39m[22m
[1m[31m[39m[22m
[1m[31m[39m[22m
[1m[31m[31mX [41;31m[[41;97mERROR[39m[22m[1m[31m[41;31m][0m [1mTS2571: Object is of type 'unknown'.[0m [1m[35m[plugin angular-compiler][0m[39m[22m
[1m[31m[39m[22m
[1m[31m    libs/frontend/chat/src/lib/components/agent-tree/agent-tree.component.html:64:58:[39m[22m
[1m[31m[37m      64 │ ...    @for (activity of node.activities; track activity.[32mtimestamp[37m) {[39m[22m
[1m[31m         ╵                                                          [32m~~~~~~~~~[0m[39m[22m
[1m[31m[39m[22m
[1m[31m  Error occurs in the template of component AgentTreeComponent.[39m[22m
[1m[31m[39m[22m
[1m[31m    libs/frontend/chat/src/lib/components/agent-tree/agent-tree.component.ts:55:15:[39m[22m
[1m[31m[37m      55 │   templateUrl: [32m'./agent-tree.component.html'[37m,[39m[22m
[1m[31m         ╵                [32m~~~~~~~~~~~~~~~~~~~~~~~~~~~~~[0m[39m[22m
[1m[31m[39m[22m
[1m[31m[39m[22m
[1m[31m[31mX [41;31m[[41;97mERROR[41;31m][0m [1mTS2571: Object is of type 'unknown'.[0m [1m[35m[plugin angular-compiler][0m[39m[22m
[1m[31m[39m[22m
[1m[31m    libs/frontend/chat/src/lib/components/agent-tree/agent-tree.component.html:70:38:[39m[22m
[1m[31m[37m      70 │           [title]="stringify(activity.[32mtoolInput[37m)"[39m[22m
[1m[31m         ╵                                       [32m~~~~~~~~~[0m[39m[22m
[1m[31m[39m[22m
[1m[31m  Error occurs in the template of component AgentTreeComponent.[39m[22m
[1m[31m[39m[22m
[1m[31m    libs/frontend/chat/src/lib/components/agent-tree/agent-tree.component.ts:55:15:[39m[22m
[1m[31m[37m      55 │   templateUrl: [32m'./agent-tree.component.html'[37m,[39m[22m
[1m[31m         ╵                [32m~~~~~~~~~~~~~~~~~~~~~~~~~~~~~[0m[39m[22m
[1m[31m[39m[22m
[1m[31m[39m[22m
[1m[31m[31mX [41;31m[[41;97mERROR[41;31m][0m [1mTS2345: Argument of type 'unknown' is not assignable to parameter of type '{ toolName: string; toolInput: Record<string, unknown>; }'.[0m [1m[35m[plugin angular-compiler][0m[39m[22m
[1m[31m[39m[22m
[1m[31m    libs/frontend/chat/src/lib/components/agent-tree/agent-tree.component.html:72:61:[39m[22m
[1m[31m[37m      72 │ ...n class="tool-activity-text">{{ formatActivity([32mactivity[37m) }}</span>[39m[22m
[1m[31m         ╵                                                   [32m~~~~~~~~[0m[39m[22m
[1m[31m[39m[22m
[1m[31m  Error occurs in the template of component AgentTreeComponent.[39m[22m
[1m[31m[39m[22m
[1m[31m    libs/frontend/chat/src/lib/components/agent-tree/agent-tree.component.ts:55:15:[39m[22m
[1m[31m[37m      55 │   templateUrl: [32m'./agent-tree.component.[39m[22m[1m[31mhtml'[37m,[39m[22m
[1m[31m         ╵                [32m~~~~~~~~~~~~~~~~~~~~~~~~~~~~~[0m[39m[22m
[1m[31m[39m[22m
[1m[31m[39m[22m
[1m[31m[31mX [41;31m[[41;97mERROR[41;31m][0m [1mTS2339: Property 'cost' does not exist on type 'AgentTreeNode'.[0m [1m[35m[plugin angular-compiler][0m[39m[22m
[1m[31m[39m[22m
[1m[31m    libs/frontend/chat/src/lib/components/agent-tree/agent-tree.component.html:79:16:[39m[22m
[1m[31m[37m      79 │       @if (node.[32mcost[37m !== undefined) {[39m[22m
[1m[31m         ╵                 [32m~~~~[0m[39m[22m
[1m[31m[39m[22m
[1m[31m  Error occurs in the template of component AgentTreeComponent.[39m[22m
[1m[31m[39m[22m
[1m[31m    libs/frontend/chat/src/lib/components/agent-tree/agent-tree.component.ts:55:15:[39m[22m
[1m[31m[37m      55 │   templateUrl: [32m'./agent-tree.component.html'[37m,[39m[22m
[1m[31m         ╵                [32m~~~~~~~~~~~~~~~~~~~~~~~~~~~~~[0m[39m[22m
[1m[31m[39m[22m
[1m[31m[39m[22m
[1m[31m[31mX [41;31m[[41;97mERROR[41;31m][0m [1mTS2339: Property 'cost' does not exist on type 'AgentTreeNode'.[0m [1m[35m[plugin angular-compiler][0m[39m[22m
[1m[31m[39m[22m
[1m[31m    libs/frontend/chat/src/lib/components/agent-tree/agent-tree.component.html:82:42:[39m[22m
[1m[31m[37m      82 │         <span class="cost-value">${{ node.[32mcost[37m.toFixed(4) }}</span>[39m[22m
[1m[31m         ╵                                           [32m~~~~[0m[39m[22m
[1m[31m[39m[22m
[1m[31m  Error occurs in the template of component AgentTreeComponent.[39m[22m
[1m[31m[39m[22m
[1m[31m    libs/frontend/chat/src/lib/components/agent-tree/agent-tree.component.ts:55:15:[39m[22m
[1m[31m[37m      55 │   templateUrl: [32m'./agent-tree.component.html'[37m,[39m[22m
[1m[31m         ╵                [32m~~~~~~~~~~~~~~~~~~~~~~~~~~~~~[0m[39m[22m
[1m[31m[39m[22m
[1m[31m[39m[22m
[1m[31m[31mX [41;31m[[41;97mERROR[41;31m][0m [1mTS2339: Property 'tokens' does not exist on type 'AgentTreeNode'.[0m [1m[35m[plugin angular-compiler][0m[39m[22m
[1m[31m[39m[22m
[1m[31m    libs/frontend/chat/src/lib/components/agent-tree/agent-tree.component.html:84:18:[39m[22m
[1m[31m[37m      84 │       } @if (node.[32mtokens[37m !== undefined) {[39m[22m
[1m[31m         ╵                   [32m~~~~~~[0m[39m[22m
[1m[31m[39m[22m
[1m[31m  Error occurs in the template of component AgentTreeComponent.[39m[22m
[1m[31m[39m[22m
[1m[31m    libs/frontend/chat/src/lib/components/agent-tree/agent-tree.component.ts:55:15:[39m[22m
[1m[31m[37m      55 │   templateUrl: [32m'./agent-tree.component.html'[37m,[39m[22m
[1m[31m         ╵       [39m[22m[1m[31m         [32m~~~~~~~~~~~~~~~~~~~~~~~~~~~~~[0m[39m[22m
[1m[31m[39m[22m
[1m[31m[39m[22m
[1m[31m[31mX [41;31m[[41;97mERROR[41;31m][0m [1mTS2339: Property 'tokens' does not exist on type 'AgentTreeNode'.[0m [1m[35m[plugin angular-compiler][0m[39m[22m
[1m[31m[39m[22m
[1m[31m    libs/frontend/chat/src/lib/components/agent-tree/agent-tree.component.html:88:18:[39m[22m
[1m[31m[37m      88 │           {{ node.[32mtokens[37m.input }} in / {{ node.tokens.output }} out[39m[22m
[1m[31m         ╵                   [32m~~~~~~[0m[39m[22m
[1m[31m[39m[22m
[1m[31m  Error occurs in the template of component AgentTreeComponent.[39m[22m
[1m[31m[39m[22m
[1m[31m    libs/frontend/chat/src/lib/components/agent-tree/agent-tree.component.ts:55:15:[39m[22m
[1m[31m[37m      55 │   templateUrl: [32m'./agent-tree.component.html'[37m,[39m[22m
[1m[31m         ╵                [32m~~~~~~~~~~~~~~~~~~~~~~~~~~~~~[0m[39m[22m
[1m[31m[39m[22m
[1m[31m[39m[22m
[1m[31m[31mX [41;31m[[41;97mERROR[41;31m][0m [1mTS2339: Property 'tokens' does not exist on type 'AgentTreeNode'.[0m [1m[35m[plugin angular-compiler][0m[39m[22m
[1m[31m[39m[22m
[1m[31m    libs/frontend/chat/src/lib/components/agent-tree/agent-tree.component.html:88:47:[39m[22m
[1m[31m[37m      88 │           {{ node.tokens.input }} in / {{ node.[32mtokens[37m.output }} out[39m[22m
[1m[31m         ╵                                                [32m~~~~~~[0m[39m[22m
[1m[31m[39m[22m
[1m[31m  Error occurs in the template of component AgentTreeComponent.[39m[22m
[1m[31m[39m[22m
[1m[31m    libs/frontend/chat/src/lib/components/agent-tree/agent-tree.component.ts:55:15:[39m[22m
[1m[31m[37m      55 │   templateUrl: [32m'./agent-tree.component.html'[37m,[39m[22m
[1m[31m         ╵                [32m~~~~~~~~~~~~~~~~~~~~~~~~~~~~~[0m[39m[22m
[1m[31m[39m[22m
[1m[31m[39m[22m
[1m[31m[31mX [41;31m[[41;97mERROR[41;31m][0m [1mTS2339: Property 'mcpTools' does not exist on type 'AgentTreeNode'.[0m [1m[35m[plugin angular-compiler][0m[39m[22m
[1m[31m[39m[22m
[1m[31m    libs/frontend/chat/src/lib/components/agent-tree/agent-tree.component.html:91:18:[39m[22m
[1m[31m[37m      91 │       } @if (node.[32mmcpTools[37m !== undefined && node.mcpTools.length >...[39m[22m
[1m[31m         ╵                   [32m~~~~~~~~[0m[39m[22m
[1m[31m[39m[22m
[1m[31m  Error occurs in the template of component AgentTreeComponent.[39m[22m
[1m[31m[39m[22m
[1m[31m    libs/frontend/chat/src/lib/components/agent-tree/agent-tree.component.ts:55:15:[39m[22m
[1m[31m[37m      55 │   templateUrl: [32m'./ag[39m[22m[1m[31ment-tree.component.html'[37m,[39m[22m
[1m[31m         ╵                [32m~~~~~~~~~~~~~~~~~~~~~~~~~~~~~[0m[39m[22m
[1m[31m[39m[22m
[1m[31m[39m[22m
[1m[31m[31mX [41;31m[[41;97mERROR[41;31m][0m [1mTS2339: Property 'mcpTools' does not exist on type 'AgentTreeNode'.[0m [1m[35m[plugin angular-compiler][0m[39m[22m
[1m[31m[39m[22m
[1m[31m    libs/frontend/chat/src/lib/components/agent-tree/agent-tree.component.html:91:49:[39m[22m
[1m[31m[37m      91 │ ... } @if (node.mcpTools !== undefined && node.[32mmcpTools[37m.length > 0) {[39m[22m
[1m[31m         ╵                                                [32m~~~~~~~~[0m[39m[22m
[1m[31m[39m[22m
[1m[31m  Error occurs in the template of component AgentTreeComponent.[39m[22m
[1m[31m[39m[22m
[1m[31m    libs/frontend/chat/src/lib/components/agent-tree/agent-tree.component.ts:55:15:[39m[22m
[1m[31m[37m      55 │   templateUrl: [32m'./agent-tree.component.html'[37m,[39m[22m
[1m[31m         ╵                [32m~~~~~~~~~~~~~~~~~~~~~~~~~~~~~[0m[39m[22m
[1m[31m[39m[22m
[1m[31m[39m[22m
[1m[31m[31mX [41;31m[[41;97mERROR[41;31m][0m [1mTS2339: Property 'mcpTools' does not exist on type 'AgentTreeNode'.[0m [1m[35m[plugin angular-compiler][0m[39m[22m
[1m[31m[39m[22m
[1m[31m    libs/frontend/chat/src/lib/components/agent-tree/agent-tree.component.html:94:46:[39m[22m
[1m[31m[37m      94 │ ...span class="mcp-tools-value">{{ node.[32mmcpTools[37m.join(', ') }}</span>[39m[22m
[1m[31m         ╵                                         [32m~~~~~~~~[0m[39m[22m
[1m[31m[39m[22m
[1m[31m  Error occurs in the template of component AgentTreeComponent.[39m[22m
[1m[31m[39m[22m
[1m[31m    libs/frontend/chat/src/lib/components/agent-tree/agent-tree.component.ts:55:15:[39m[22m
[1m[31m[37m      55 │   templateUrl: [32m'./agent-tree.component.html'[37m,[39m[22m
[1m[31m         ╵                [32m~~~~~~~~~~~~~~~~~~~~~~~~~~~~~[0m[39m[22m
[1m[31m[39m[22m
[1m[31m[39m[22m
[1m[31m[31mX [41;31m[[41;97mERROR[41;31m][0m [1mTS2339: Property 'isCustomAgent' does not exist on type 'AgentTreeNode'.[0m [1m[35m[plugin angular-compiler][0m[39m[22m
[1m[31m[39m[22m
[1m[31m    libs/frontend/chat/src/lib/components/agent-tree/agent-tree.component.html:96:18:[39m[22m
[1m[31m[37m      96 │       } @if (node.[32misCustomAgent[37m) {[39m[22m
[1m[31m         ╵                   [32m~~~~~~~~~~~~~[0m[39m[22m
[1m[31m[39m[22m
[1m[31m  Error occurs in the template of component AgentTreeComponent.[39m[22m
[1m[31m[39m[22m
[1m[31m    libs/frontend/chat/src/lib/components/agent-tree/agent-tree.comp[39m[22m[1m[31monent.ts:55:15:[39m[22m
[1m[31m[37m      55 │   templateUrl: [32m'./agent-tree.component.html'[37m,[39m[22m
[1m[31m         ╵                [32m~~~~~~~~~~~~~~~~~~~~~~~~~~~~~[0m[39m[22m
[1m[31m[39m[22m
[1m[31m[39m[22m
[1m[31m[31mX [41;31m[[41;97mERROR[41;31m][0m [1mTS18048: 'message.content' is possibly 'undefined'.[0m [1m[35m[plugin angular-compiler][0m[39m[22m
[1m[31m[39m[22m
[1m[31m    libs/frontend/chat/src/lib/components/chat-messages-list/chat-messages-list.component.ts:341:30:[39m[22m
[1m[31m[37m      341 │     for (const contentItem of [32mmessage.content[37m) {[39m[22m
[1m[31m          ╵                               [32m~~~~~~~~~~~~~~~[0m[39m[22m
[1m[31m[39m[22m
[1m[31m[39m[22m
[1m[31m[31mX [41;31m[[41;97mERROR[41;31m][0m [1mTS2339: Property 'type' does not exist on type 'string'.[0m [1m[35m[plugin angular-compiler][0m[39m[22m
[1m[31m[39m[22m
[1m[31m    libs/frontend/chat/src/lib/components/chat-messages-list/chat-messages-list.component.ts:342:22:[39m[22m
[1m[31m[37m      342 │       if (contentItem.[32mtype[37m === 'text') {[39m[22m
[1m[31m          ╵                       [32m~~~~[0m[39m[22m
[1m[31m[39m[22m
[1m[31m[39m[22m
[1m[31m[31mX [41;31m[[41;97mERROR[41;31m][0m [1mTS2339: Property 'text' does not exist on type 'string'.[0m [1m[35m[plugin angular-compiler][0m[39m[22m
[1m[31m[39m[22m
[1m[31m    libs/frontend/chat/src/lib/components/chat-messages-list/chat-messages-list.component.ts:343:35:[39m[22m
[1m[31m[37m      343 │         textContent += contentItem.[32mtext[37m + '\n';[39m[22m
[1m[31m          ╵                                    [32m~~~~[0m[39m[22m
[1m[31m[39m[22m
[1m[31m[39m[22m
[1m[31m[31mX [41;31m[[41;97mERROR[41;31m][0m [1mTS2551: Property 'isStreaming' does not exist on type 'ProcessedClaudeMessage'. Did you mean 'streaming'?[0m [1m[35m[plugin angular-compiler][0m[39m[22m
[1m[31m[39m[22m
[1m[31m    libs/frontend/chat/src/lib/components/chat-messages/components/chat-message-content/chat-message-content.component.html:6:31:[39m[22m
[1m[31m[37m      6 │   [class.streaming]="message().[32misStreaming[37m"[39m[22m
[1m[31m        ╵                                [32m~~~~~~~~~~~[0m[39m[22m
[1m[31m[39m[22m
[1m[31m  Error occurs in the template of component ChatMessageContentComponent.[39m[22m
[1m[31m[39m[22m
[1m[31m    libs/frontend/chat/src/lib/components/chat-messages/components/chat-message-content/chat-message-content.component.ts:58:15:[39m[22m
[1m[31m[37m      58 │   templateUrl: [32m'./c[39m[22m[1m[31mhat-message-content.component.html'[37m,[39m[22m
[1m[31m         ╵                [32m~~~~~~~~~~~~~~~~~~~~~~~~~~~~~~~~~~~~~~~[0m[39m[22m
[1m[31m[39m[22m
[1m[31m[39m[22m
[1m[31m[31mX [41;31m[[41;97mERROR[41;31m][0m [1mTS2339: Property 'model' does not exist on type 'ProcessedClaudeMessage'.[0m [1m[35m[plugin angular-compiler][0m[39m[22m
[1m[31m[39m[22m
[1m[31m    libs/frontend/chat/src/lib/components/chat-messages/components/chat-message-content/chat-message-content.component.html:25:19:[39m[22m
[1m[31m[37m      25 │     @if (message().[32mmodel[37m) {[39m[22m
[1m[31m         ╵                    [32m~~~~~[0m[39m[22m
[1m[31m[39m[22m
[1m[31m  Error occurs in the template of component ChatMessageContentComponent.[39m[22m
[1m[31m[39m[22m
[1m[31m    libs/frontend/chat/src/lib/components/chat-messages/components/chat-message-content/chat-message-content.component.ts:58:15:[39m[22m
[1m[31m[37m      58 │   templateUrl: [32m'./chat-message-content.component.html'[37m,[39m[22m
[1m[31m         ╵                [32m~~~~~~~~~~~~~~~~~~~~~~~~~~~~~~~~~~~~~~~[0m[39m[22m
[1m[31m[39m[22m
[1m[31m[39m[22m
[1m[31m[31mX [41;31m[[41;97mERROR[41;31m][0m [1mTS2339: Property 'model' does not exist on type 'ProcessedClaudeMessage'.[0m [1m[35m[plugin angular-compiler][0m[39m[22m
[1m[31m[39m[22m
[1m[31m    libs/frontend/chat/src/lib/components/chat-messages/components/chat-message-content/chat-message-content.component.html:27:44:[39m[22m
[1m[31m[37m      27 │       <span class="model-name">{{ message().[32mmodel[37m }}</span>[39m[22m
[1m[31m         ╵                                             [32m~~~~~[0m[39m[22m
[1m[31m[39m[22m
[1m[31m  Error occurs in the template of component ChatMessageContentComponent.[39m[22m
[1m[31m[39m[22m
[1m[31m    libs/frontend/chat/src/lib/components/chat-messages/components/chat-message-content/chat-message-content.component.ts:58:15:[39m[22m
[1m[31m[37m      58 │   templateUrl: [32m'./chat-message-content.component.html'[37m,[39m[22m
[1m[31m         ╵                [32m~~~~~~~~~~~~~~~~~~~~~~~~~~~~~~~~~~~~~~~[0m[39m[22m
[1m[31m[39m[22m
[1m[31m[39m[22m
[1m[31m[31mX [41;31m[[41;97mERROR[41;31m][0m [1mTS2345: Argument of type 'string' is not assignable to parameter of type 'ClaudeContent'.[0m [1m[35m[plugin angular-compiler][0m[39m[22m
[1m[31m[39m[22m
[1m[31m    libs/frontend/chat/src/lib/components/chat-messages/components/chat-message-content/chat-message-content.component.html:46:[39m[22m[1m[31m4:[39m[22m
[1m[31m[37m      46 │     [32mcontentBlock[37m)) {[39m[22m
[1m[31m         ╵     [32m~~~~~~~~~~~~[0m[39m[22m
[1m[31m[39m[22m
[1m[31m  Error occurs in the template of component ChatMessageContentComponent.[39m[22m
[1m[31m[39m[22m
[1m[31m    libs/frontend/chat/src/lib/components/chat-messages/components/chat-message-content/chat-message-content.component.ts:58:15:[39m[22m
[1m[31m[37m      58 │   templateUrl: [32m'./chat-message-content.component.html'[37m,[39m[22m
[1m[31m         ╵                [32m~~~~~~~~~~~~~~~~~~~~~~~~~~~~~~~~~~~~~~~[0m[39m[22m
[1m[31m[39m[22m
[1m[31m[39m[22m
[1m[31m[31mX [41;31m[[41;97mERROR[41;31m][0m [1mTS2339: Property 'type' does not exist on type 'string'.[0m [1m[35m[plugin angular-compiler][0m[39m[22m
[1m[31m[39m[22m
[1m[31m    libs/frontend/chat/src/lib/components/chat-messages/components/chat-message-content/chat-message-content.component.html:47:70:[39m[22m
[1m[31m[37m      47 │ ...lass="content-block" [attr.data-content-type]="contentBlock.[32mtype[37m">[39m[22m
[1m[31m         ╵                                                                [32m~~~~[0m[39m[22m
[1m[31m[39m[22m
[1m[31m  Error occurs in the template of component ChatMessageContentComponent.[39m[22m
[1m[31m[39m[22m
[1m[31m    libs/frontend/chat/src/lib/components/chat-messages/components/chat-message-content/chat-message-content.component.ts:58:15:[39m[22m
[1m[31m[37m      58 │   templateUrl: [32m'./chat-message-content.component.html'[37m,[39m[22m
[1m[31m         ╵                [32m~~~~~~~~~~~~~~~~~~~~~~~~~~~~~~~~~~~~~~~[0m[39m[22m
[1m[31m[39m[22m
[1m[31m[39m[22m
[1m[31m[31mX [41;31m[[41;97mERROR[41;31m][0m [1mTS2345: Argument of type 'string' is not assignable to parameter of type 'ClaudeContent'.[0m [1m[35m[plugin angular-compiler][0m[39m[22m
[1m[31m[39m[22m
[1m[31m    libs/frontend/chat/src/lib/components/chat-messages/components/chat-message-content/chat-message-content.component.html:49:25:[39m[22m
[1m[31m[37m      49 │       @if (isTextContent([32mcontentBlock[37m)) {[39m[22m
[1m[31m         ╵                          [32m~~~~~~~~~~~~[0m[39m[22m
[1m[31m[39m[22m
[1m[31m  Error occurs in the template of component ChatMessageContentComponent.[39m[22m
[1m[31m[39m[22m
[1m[31m    libs/frontend/chat/src/lib/components/chat-messages/components/chat-message-content/chat-message-content.component.ts:58:15:[39m[22m
[1m[31m[37m      58 │   templateUrl: [32m'./chat-message-content.component.html'[37m,[39m[22m
[1m[31m[39m[22m[1m[31m         ╵                [32m~~~~~~~~~~~~~~~~~~~~~~~~~~~~~~~~~~~~~~~[0m[39m[22m
[1m[31m[39m[22m
[1m[31m[39m[22m
[1m[31m[31mX [41;31m[[41;97mERROR[41;31m][0m [1mTS2339: Property 'renderedContent' does not exist on type 'ContentProcessingResult'.[0m [1m[35m[plugin angular-compiler][0m[39m[22m
[1m[31m[39m[22m
[1m[31m    libs/frontend/chat/src/lib/components/chat-messages/components/chat-message-content/chat-message-content.component.html:52:40:[39m[22m
[1m[31m[37m      52 │         [innerHTML]="processedContent().[32mrenderedContent[37m | safeHtml"[39m[22m
[1m[31m         ╵                                         [32m~~~~~~~~~~~~~~~[0m[39m[22m
[1m[31m[39m[22m
[1m[31m  Error occurs in the template of component ChatMessageContentComponent.[39m[22m
[1m[31m[39m[22m
[1m[31m    libs/frontend/chat/src/lib/components/chat-messages/components/chat-message-content/chat-message-content.component.ts:58:15:[39m[22m
[1m[31m[37m      58 │   templateUrl: [32m'./chat-message-content.component.html'[37m,[39m[22m
[1m[31m         ╵                [32m~~~~~~~~~~~~~~~~~~~~~~~~~~~~~~~~~~~~~~~[0m[39m[22m
[1m[31m[39m[22m
[1m[31m[39m[22m
[1m[31m[31mX [41;31m[[41;97mERROR[41;31m][0m [1mTS2345: Argument of type 'string' is not assignable to parameter of type 'ClaudeContent'.[0m [1m[35m[plugin angular-compiler][0m[39m[22m
[1m[31m[39m[22m
[1m[31m    libs/frontend/chat/src/lib/components/chat-messages/components/chat-message-content/chat-message-content.component.html:57:29:[39m[22m
[1m[31m[37m      57 │       @if (isThinkingContent([32mcontentBlock[37m)) {[39m[22m
[1m[31m         ╵                              [32m~~~~~~~~~~~~[0m[39m[22m
[1m[31m[39m[22m
[1m[31m  Error occurs in the template of component ChatMessageContentComponent.[39m[22m
[1m[31m[39m[22m
[1m[31m    libs/frontend/chat/src/lib/components/chat-messages/components/chat-message-content/chat-message-content.component.ts:58:15:[39m[22m
[1m[31m[37m      58 │   templateUrl: [32m'./chat-message-content.component.html'[37m,[39m[22m
[1m[31m         ╵                [32m~~~~~~~~~~~~~~~~~~~~~~~~~~~~~~~~~~~~~~~[0m[39m[22m
[1m[31m[39m[22m
[1m[31m[39m[22m
[1m[31m[31mX [41;31m[[41;97mERROR[41;31m][0m [1mTS2339: Property 'thinking' does not exist on type 'string'.[0m [1m[35m[plugin angular-compiler][0m[39m[22m
[1m[31m[39m[22m
[1m[31m    libs/frontend/chat/src/lib/components/chat-messages/components/chat-message-content/chat-message-content.component.htm[39m[22m[1m[31ml:58:52:[39m[22m
[1m[31m[37m      58 │       <ptah-thinking-block [thinking]="contentBlock.[32mthinking[37m" />[39m[22m
[1m[31m         ╵                                                     [32m~~~~~~~~[0m[39m[22m
[1m[31m[39m[22m
[1m[31m  Error occurs in the template of component ChatMessageContentComponent.[39m[22m
[1m[31m[39m[22m
[1m[31m    libs/frontend/chat/src/lib/components/chat-messages/components/chat-message-content/chat-message-content.component.ts:58:15:[39m[22m
[1m[31m[37m      58 │   templateUrl: [32m'./chat-message-content.component.html'[37m,[39m[22m
[1m[31m         ╵                [32m~~~~~~~~~~~~~~~~~~~~~~~~~~~~~~~~~~~~~~~[0m[39m[22m
[1m[31m[39m[22m
[1m[31m[39m[22m
[1m[31m[31mX [41;31m[[41;97mERROR[41;31m][0m [1mTS2345: Argument of type 'string' is not assignable to parameter of type 'ClaudeContent'.[0m [1m[35m[plugin angular-compiler][0m[39m[22m
[1m[31m[39m[22m
[1m[31m    libs/frontend/chat/src/lib/components/chat-messages/components/chat-message-content/chat-message-content.component.html:62:28:[39m[22m
[1m[31m[37m      62 │       @if (isToolUseContent([32mcontentBlock[37m)) {[39m[22m
[1m[31m         ╵                             [32m~~~~~~~~~~~~[0m[39m[22m
[1m[31m[39m[22m
[1m[31m  Error occurs in the template of component ChatMessageContentComponent.[39m[22m
[1m[31m[39m[22m
[1m[31m    libs/frontend/chat/src/lib/components/chat-messages/components/chat-message-content/chat-message-content.component.ts:58:15:[39m[22m
[1m[31m[37m      58 │   templateUrl: [32m'./chat-message-content.component.html'[37m,[39m[22m
[1m[31m         ╵                [32m~~~~~~~~~~~~~~~~~~~~~~~~~~~~~~~~~~~~~~~[0m[39m[22m
[1m[31m[39m[22m
[1m[31m[39m[22m
[1m[31m[31mX [41;31m[[41;97mERROR[41;31m][0m [1mTS2339: Property 'id' does not exist on type 'string'.[0m [1m[35m[plugin angular-compiler][0m[39m[22m
[1m[31m[39m[22m
[1m[31m    libs/frontend/chat/src/lib/components/chat-messages/components/chat-message-content/chat-message-content.component.html:64:34:[39m[22m
[1m[31m[37m      64 │         [toolUseId]="contentBlock.[32mid[37m"[39m[22m
[1m[31m         ╵                                   [32m~~[0m[39m[22m
[1m[31m[39m[22m
[1m[31m  Error occurs in the template of component ChatMessageContentComponent.[39m[22m
[1m[31m[39m[22m
[1m[31m    libs/frontend/chat/src/lib/components/chat-messages/components/chat-message-content/chat-message-content.component.ts:58:15:[39m[22m
[1m[31m[37m      58 │   templateUrl: [32m'./chat-mes[39m[22m[1m[31msage-content.component.html'[37m,[39m[22m
[1m[31m         ╵                [32m~~~~~~~~~~~~~~~~~~~~~~~~~~~~~~~~~~~~~~~[0m[39m[22m
[1m[31m[39m[22m
[1m[31m[39m[22m
[1m[31m[31mX [41;31m[[41;97mERROR[41;31m][0m [1mTS2339: Property 'name' does not exist on type 'string'.[0m [1m[35m[plugin angular-compiler][0m[39m[22m
[1m[31m[39m[22m
[1m[31m    libs/frontend/chat/src/lib/components/chat-messages/components/chat-message-content/chat-message-content.component.html:65:33:[39m[22m
[1m[31m[37m      65 │         [toolName]="contentBlock.[32mname[37m"[39m[22m
[1m[31m         ╵                                  [32m~~~~[0m[39m[22m
[1m[31m[39m[22m
[1m[31m  Error occurs in the template of component ChatMessageContentComponent.[39m[22m
[1m[31m[39m[22m
[1m[31m    libs/frontend/chat/src/lib/components/chat-messages/components/chat-message-content/chat-message-content.component.ts:58:15:[39m[22m
[1m[31m[37m      58 │   templateUrl: [32m'./chat-message-content.component.html'[37m,[39m[22m
[1m[31m         ╵                [32m~~~~~~~~~~~~~~~~~~~~~~~~~~~~~~~~~~~~~~~[0m[39m[22m
[1m[31m[39m[22m
[1m[31m[39m[22m
[1m[31m[31mX [41;31m[[41;97mERROR[41;31m][0m [1mTS2339: Property 'input' does not exist on type 'string'.[0m [1m[35m[plugin angular-compiler][0m[39m[22m
[1m[31m[39m[22m
[1m[31m    libs/frontend/chat/src/lib/components/chat-messages/components/chat-message-content/chat-message-content.component.html:66:30:[39m[22m
[1m[31m[37m      66 │         [input]="contentBlock.[32minput[37m"[39m[22m
[1m[31m         ╵                               [32m~~~~~[0m[39m[22m
[1m[31m[39m[22m
[1m[31m  Error occurs in the template of component ChatMessageContentComponent.[39m[22m
[1m[31m[39m[22m
[1m[31m    libs/frontend/chat/src/lib/components/chat-messages/components/chat-message-content/chat-message-content.component.ts:58:15:[39m[22m
[1m[31m[37m      58 │   templateUrl: [32m'./chat-message-content.component.html'[37m,[39m[22m
[1m[31m         ╵                [32m~~~~~~~~~~~~~~~~~~~~~~~~~~~~~~~~~~~~~~~[0m[39m[22m
[1m[31m[39m[22m
[1m[31m[39m[22m
[1m[31m[31mX [41;31m[[41;97mERROR[41;31m][0m [1mTS2345: Argument of type 'string' is not assignable to parameter of type 'ClaudeContent'.[0m [1m[35m[plugin angular-compiler][0m[39m[22m
[1m[31m[39m[22m
[1m[31m    libs/frontend/chat/src/lib/components/chat-messages/components/chat-message-content/chat-message-content.component.html:71:31:[39m[22m
[1m[31m[37m      71 │       @if (isToolResultContent([[39m[22m[1m[31m32mcontentBlock[37m)) {[39m[22m
[1m[31m         ╵                                [32m~~~~~~~~~~~~[0m[39m[22m
[1m[31m[39m[22m
[1m[31m  Error occurs in the template of component ChatMessageContentComponent.[39m[22m
[1m[31m[39m[22m
[1m[31m    libs/frontend/chat/src/lib/components/chat-messages/components/chat-message-content/chat-message-content.component.ts:58:15:[39m[22m
[1m[31m[37m      58 │   templateUrl: [32m'./chat-message-content.component.html'[37m,[39m[22m
[1m[31m         ╵                [32m~~~~~~~~~~~~~~~~~~~~~~~~~~~~~~~~~~~~~~~[0m[39m[22m
[1m[31m[39m[22m
[1m[31m[39m[22m
[1m[31m[31mX [41;31m[[41;97mERROR[41;31m][0m [1mTS2339: Property 'tool_use_id' does not exist on type 'string'.[0m [1m[35m[plugin angular-compiler][0m[39m[22m
[1m[31m[39m[22m
[1m[31m    libs/frontend/chat/src/lib/components/chat-messages/components/chat-message-content/chat-message-content.component.html:73:34:[39m[22m
[1m[31m[37m      73 │         [toolUseId]="contentBlock.[32mtool_use_id[37m"[39m[22m
[1m[31m         ╵                                   [32m~~~~~~~~~~~[0m[39m[22m
[1m[31m[39m[22m
[1m[31m  Error occurs in the template of component ChatMessageContentComponent.[39m[22m
[1m[31m[39m[22m
[1m[31m    libs/frontend/chat/src/lib/components/chat-messages/components/chat-message-content/chat-message-content.component.ts:58:15:[39m[22m
[1m[31m[37m      58 │   templateUrl: [32m'./chat-message-content.component.html'[37m,[39m[22m
[1m[31m         ╵                [32m~~~~~~~~~~~~~~~~~~~~~~~~~~~~~~~~~~~~~~~[0m[39m[22m
[1m[31m[39m[22m
[1m[31m[39m[22m
[1m[31m[31mX [41;31m[[41;97mERROR[41;31m][0m [1mTS2339: Property 'content' does not exist on type 'string'.[0m [1m[35m[plugin angular-compiler][0m[39m[22m
[1m[31m[39m[22m
[1m[31m    libs/frontend/chat/src/lib/components/chat-messages/components/chat-message-content/chat-message-content.component.html:74:32:[39m[22m
[1m[31m[37m      74 │         [content]="contentBlock.[32mcontent[37m"[39m[22m
[1m[31m         ╵                                 [32m~~~~~~~[0m[39m[22m
[1m[31m[39m[22m
[1m[31m  Error occurs in the template of component ChatMessageContentComponent.[39m[22m
[1m[31m[39m[22m
[1m[31m    libs/frontend/chat/src/lib/components/chat-messages/components/chat-message-content/chat-message-content.component.ts:58:15:[39m[22m
[1m[31m[37m      58 │   templateUrl: [32m'./chat-message-content.component.html'[37m,[39m[22m
[1m[31m         ╵                [32m~~~~~~~~~~~~~~~~~~~~~~~~~~~~~~~~~~[39m[22m[1m[31m~~~~~[0m[39m[22m
[1m[31m[39m[22m
[1m[31m[39m[22m
[1m[31m[31mX [41;31m[[41;97mERROR[41;31m][0m [1mTS2339: Property 'is_error' does not exist on type 'string'.[0m [1m[35m[plugin angular-compiler][0m[39m[22m
[1m[31m[39m[22m
[1m[31m    libs/frontend/chat/src/lib/components/chat-messages/components/chat-message-content/chat-message-content.component.html:75:32:[39m[22m
[1m[31m[37m      75 │         [isError]="contentBlock.[32mis_error[37m ?? false"[39m[22m
[1m[31m         ╵                                 [32m~~~~~~~~[0m[39m[22m
[1m[31m[39m[22m
[1m[31m  Error occurs in the template of component ChatMessageContentComponent.[39m[22m
[1m[31m[39m[22m
[1m[31m    libs/frontend/chat/src/lib/components/chat-messages/components/chat-message-content/chat-message-content.component.ts:58:15:[39m[22m
[1m[31m[37m      58 │   templateUrl: [32m'./chat-message-content.component.html'[37m,[39m[22m
[1m[31m         ╵                [32m~~~~~~~~~~~~~~~~~~~~~~~~~~~~~~~~~~~~~~~[0m[39m[22m
[1m[31m[39m[22m
[1m[31m[39m[22m
[1m[31m[31mX [41;31m[[41;97mERROR[41;31m][0m [1mTS2339: Property 'hasFiles' does not exist on type 'ProcessedClaudeMessage'.[0m [1m[35m[plugin angular-compiler][0m[39m[22m
[1m[31m[39m[22m
[1m[31m    libs/frontend/chat/src/lib/components/chat-messages/components/chat-message-content/chat-message-content.component.html:83:17:[39m[22m
[1m[31m[37m      83 │   @if (message().[32mhasFiles[37m && processedContent().extractedFiles.len...[39m[22m
[1m[31m         ╵                  [32m~~~~~~~~[0m[39m[22m
[1m[31m[39m[22m
[1m[31m  Error occurs in the template of component ChatMessageContentComponent.[39m[22m
[1m[31m[39m[22m
[1m[31m    libs/frontend/chat/src/lib/components/chat-messages/components/chat-message-content/chat-message-content.component.ts:58:15:[39m[22m
[1m[31m[37m      58 │   templateUrl: [32m'./chat-message-content.component.html'[37m,[39m[22m
[1m[31m         ╵                [32m~~~~~~~~~~~~~~~~~~~~~~~~~~~~~~~~~~~~~~~[0m[39m[22m
[1m[31m[39m[22m
[1m[31m[39m[22m
[1m[31m[31mX [41;31m[[41;97mERROR[41;31m][0m [1mTS2339: Property 'isClickable' does not exist on type 'ExtractedFileInfo'.[0m [1m[35m[plugin angular-compiler][0m[39m[22m
[1m[31m[39m[22m
[1m[31m    libs/frontend/chat/src/lib/components/chat-messages/components/chat-message-content/chat-message-content.component.html:90:32:[39m[22m
[1m[31m[37m      90 │         [class.clickable]="file.[32misClickable[37m"[39m[22m
[1m[31m         ╵                      [39m[22m[1m[31m           [32m~~~~~~~~~~~[0m[39m[22m
[1m[31m[39m[22m
[1m[31m  Error occurs in the template of component ChatMessageContentComponent.[39m[22m
[1m[31m[39m[22m
[1m[31m    libs/frontend/chat/src/lib/components/chat-messages/components/chat-message-content/chat-message-content.component.ts:58:15:[39m[22m
[1m[31m[37m      58 │   templateUrl: [32m'./chat-message-content.component.html'[37m,[39m[22m
[1m[31m         ╵                [32m~~~~~~~~~~~~~~~~~~~~~~~~~~~~~~~~~~~~~~~[0m[39m[22m
[1m[31m[39m[22m
[1m[31m[39m[22m
[1m[31m[31mX [41;31m[[41;97mERROR[41;31m][0m [1mTS18048: 'content.text' is possibly 'undefined'.[0m [1m[35m[plugin angular-compiler][0m[39m[22m
[1m[31m[39m[22m
[1m[31m    libs/frontend/chat/src/lib/components/chat-messages/components/chat-message-content/chat-message-content.component.ts:141:30:[39m[22m
[1m[31m[37m      141 │       return `text-${index}-${[32mcontent.text[37m.substring(0, 50)}`;[39m[22m
[1m[31m          ╵                               [32m~~~~~~~~~~~~[0m[39m[22m
[1m[31m[39m[22m
[1m[31m[39m[22m
[1m[31m[31mX [41;31m[[41;97mERROR[41;31m][0m [1mTS2769: No overload matches this call.[39m[22m
[1m[31m  Overload 1 of 2, '(o: {}): string[]', gave the following error.[39m[22m
[1m[31m    Argument of type '{} | null' is not assignable to parameter of type '{}'.[39m[22m
[1m[31m      Type 'null' is not assignable to type '{}'.[39m[22m
[1m[31m  Overload 2 of 2, '(o: object): string[]', gave the following error.[39m[22m
[1m[31m    Argument of type '{} | null' is not assignable to parameter of type 'object'.[39m[22m
[1m[31m      Type 'null' is not assignable to type 'object'.[0m [1m[35m[plugin angular-compiler][0m[39m[22m
[1m[31m[39m[22m
[1m[31m    libs/frontend/chat/src/lib/components/chat-messages/components/chat-message-content/chat-message-content.component.ts:184:54:[39m[22m
[1m[31m[37m      184 │ ...Use.input !== undefined && Object.keys([32mtoolUse.input[37m).length > 0;[39m[22m
[1m[31m          ╵                                           [32m~~~~~~~~~~~~~[0m[39m[22m
[1m[31m[39m[22m
[1m[31m[39m[22m
[1m[31m[31mX [41;31m[[41;97mERROR[41;31m][0m [1mTS2339: Property 'activeAgents' does not exist on type 'ChatService'.[0m [1m[35m[plugin angular-compiler][0m[39m[22m
[1m[31m[39m[22m
[1m[31m    libs/frontend/chat/src/lib/containers/chat/chat.component.ts:96:38:[39m[22m
[1m[31m[37m      96 │           [activeAgents]="chatService.[32mactiveAgents[37m()"[39m[22m
[1m[31m         ╵               [39m[22m[1m[31m                        [32m~~~~~~~~~~~~[0m[39m[22m
[1m[31m[39m[22m
[1m[31m[39m[22m
[1m[31m[31mX [41;31m[[41;97mERROR[41;31m][0m [1mTS2339: Property 'currentThinking' does not exist on type 'ChatService'.[0m [1m[35m[plugin angular-compiler][0m[39m[22m
[1m[31m[39m[22m
[1m[31m    libs/frontend/chat/src/lib/containers/chat/chat.component.ts:122:55:[39m[22m
[1m[31m[37m      122 │ ...ah-thinking-display [thinking]="chatService.[32mcurrentThinking[37m()" />[39m[22m
[1m[31m          ╵                                                [32m~~~~~~~~~~~~~~~[0m[39m[22m
[1m[31m[39m[22m
[1m[31m[39m[22m
[1m[31m[31mX [41;31m[[41;97mERROR[41;31m][0m [1mTS2339: Property 'toolExecutions' does not exist on type 'ChatService'.[0m [1m[35m[plugin angular-compiler][0m[39m[22m
[1m[31m[39m[22m
[1m[31m    libs/frontend/chat/src/lib/containers/chat/chat.component.ts:123:54:[39m[22m
[1m[31m[37m      123 │ ...ptah-tool-timeline [executions]="chatService.[32mtoolExecutions[37m()" />[39m[22m
[1m[31m          ╵                                                 [32m~~~~~~~~~~~~~~[0m[39m[22m
[1m[31m[39m[22m
[1m[31m[39m[22m
[1m[31m[31mX [41;31m[[41;97mERROR[41;31m][0m [1mTS2339: Property 'pendingPermissions' does not exist on type 'ChatService'.[0m [1m[35m[plugin angular-compiler][0m[39m[22m
[1m[31m[39m[22m
[1m[31m    libs/frontend/chat/src/lib/containers/chat/chat.component.ts:174:23:[39m[22m
[1m[31m[37m      174 │       @if (chatService.[32mpendingPermissions[37m().length > 0) {[39m[22m
[1m[31m          ╵                        [32m~~~~~~~~~~~~~~~~~~[0m[39m[22m
[1m[31m[39m[22m
[1m[31m[39m[22m
[1m[31m[31mX [41;31m[[41;97mERROR[41;31m][0m [1mTS2339: Property 'pendingPermissions' does not exist on type 'ChatService'.[0m [1m[35m[plugin angular-compiler][0m[39m[22m
[1m[31m[39m[22m
[1m[31m    libs/frontend/chat/src/lib/containers/chat/chat.component.ts:176:34:[39m[22m
[1m[31m[37m      176 │         [permission]="chatService.[32mpendingPermissions[37m()[0]"[39m[22m
[1m[31m          ╵                                   [32m~~~~~~~~~~~~~~~~~~[0m[39m[22m
[1m[31m[39m[22m
[1m[31m[39m[22m
[1m[31m[31mX [41;31m[[41;97mERROR[41;31m][0m [1mTS18046: 'node.agent' is of type 'unknown'.[0m [1m[35m[plugin angular-compiler][0m[39m[22m
[1m[31m[39m[22m
[1m[31m    libs/frontend/chat/src/lib/containers/chat/chat.component.ts:397:15:[39m[22m
[1m[31m[37m      397 │       agentId: [32mnode.agent[37m.agentId,[39m[22m
[1m[31m          ╵                [32m~~~~~~~~~~[0m[39m[22m
[1m[31m[39m[22m
[1m[31m[39m[22m
[1m[31m[31[39m[22m[1m[31mmX [41;31m[[41;97mERROR[41;31m][0m [1mTS18046: 'node.agent' is of type 'unknown'.[0m [1m[35m[plugin angular-compiler][0m[39m[22m
[1m[31m[39m[22m
[1m[31m    libs/frontend/chat/src/lib/containers/chat/chat.component.ts:398:12:[39m[22m
[1m[31m[37m      398 │       name: [32mnode.agent[37m.subagentType,[39m[22m
[1m[31m          ╵             [32m~~~~~~~~~~[0m[39m[22m
[1m[31m[39m[22m
[1m[31m[39m[22m
[1m[31m[31mX [41;31m[[41;97mERROR[41;31m][0m [1mTS18046: 'node.agent' is of type 'unknown'.[0m [1m[35m[plugin angular-compiler][0m[39m[22m
[1m[31m[39m[22m
[1m[31m    libs/frontend/chat/src/lib/containers/chat/chat.component.ts:403:17:[39m[22m
[1m[31m[37m      403 │       startTime: [32mnode.agent[37m.timestamp ?? Date.now(),[39m[22m
[1m[31m          ╵                  [32m~~~~~~~~~~[0m[39m[22m
[1m[31m[39m[22m
[1m[31m[39m[22m
[1m[31m[31mX [41;31m[[41;97mERROR[41;31m][0m [1mTS18046: 'node.agent' is of type 'unknown'.[0m [1m[35m[plugin angular-compiler][0m[39m[22m
[1m[31m[39m[22m
[1m[31m    libs/frontend/chat/src/lib/containers/chat/chat.component.ts:406:13:[39m[22m
[1m[31m[37m      406 │           ? ([32mnode.agent[37m.timestamp ?? Date.now()) + (node.duration...[39m[22m
[1m[31m          ╵              [32m~~~~~~~~~~[0m[39m[22m
[1m[31m[39m[22m
[1m[31m[39m[22m
[1m[31m[31mX [41;31m[[41;97mERROR[41;31m][0m [1mTS2554: Expected 1 arguments, but got 2.[0m [1m[35m[plugin angular-compiler][0m[39m[22m
[1m[31m[39m[22m
[1m[31m    libs/frontend/chat/src/lib/containers/chat/chat.component.ts:464:35:[39m[22m
[1m[31m[37m      464 │     this.chat.sendMessage(content, [32magent[37m);[39m[22m
[1m[31m          ╵                                    [32m~~~~~[0m[39m[22m
[1m[31m[39m[22m
[1m[31m[39m[22m

> nx run vscode-lm-tools:build


[2m..\..\..\dist\libs\backend\claude-domain\README.md[22m

[2m..\..\..\dist\libs\backend\claude-domain\package.json[22m

> nx run @ptah-extension/ai-providers-core:build


[2m..\..\..\dist\libs\backend\ai-providers-core\CLAUDE.md[22m

[2m..\..\..\dist\libs\backend\ai-providers-core\README.md[22m

[2m..\..\..\dist\libs\backend\ai-providers-core\package.json[22m

> nx run @ptah-extension/llm-abstraction:build


[2m..\..\..\dist\libs\backend\llm-abstraction\README.md[22m

[2m..\..\..\dist\libs\backend\llm-abstraction\package.json[22m

> nx run ptah-extension-vscode:build-webpack:production


✓ Webpack build complete - reflect-metadata loaded first in entry array

asset [1m[33mmain.js[39m[22m [1m[33m1.06 MiB[39m[22m [1m[32m[emitted][39m[22m [1m[33m[big][39m[22m (name: main) 1 related asset
webpack 5.101.3 compiled [1m[32msuccessfully[39m[22m in 3098 ms

> nx run @ptah-extension/template-generation:build


[2m..\..\..\dist\libs\backend\template-generation\README.md[22m

[2m..\..\..\dist\libs\backend\template-generation\package.json[22m
[4m[34mlibs\backend\template-generation\src\index.ts:7:15[39m[24m - [31m[1merror[22m[39m [90mTS2307[39m: Cannot find module './interfaces' or its corresponding type declarations.

[0m [90m  5 | [39m[0m
[0m [90m  6 | [39m[90m// Interfaces[39m[0m
[0m[31m[1m>[22m[39m[90m  7 | [39m[36mexport[39m [33m*[39m from [32m'./interfaces'[39m[33m;[39m[0m
[0m [90m    | [39m              [31m[1m^[22m[39m[0m
[0m [90m  8 | [39m[0m
[0m [90m  9 | [39m[90m// Errors[39m[0m
[0m [90m 10 | [39m[36mexport[39m [33m*[39m from [32m'./errors'[39m[33m;[39m[0m

[4m[34mlibs\backend\template-generation\src\index.ts:10:15[39m[24m - [31m[1merror[22m[39m [90mTS2307[39m: Cannot find module './errors' or its corresponding type declarations.

[0m [90m  8 | [39m[0m
[0m [90m  9 | [39m[90m// Errors[39m[0m
[0m[31m[1m>[22m[39m[90m 10 | [39m[36mexport[39m [33m*[39m from [32m'./errors'[39m[33m;[39m[0m
[0m [90m    | [39m              [31m[1m^[22m[39m[0m
[0m [90m 11 | [39m[0m
[0m [90m 12 | [39m[90m// Services (only export main entry point and DI registration)[39m[0m
[0m [90m 13 | [39m[36mexport[39m { [33mTemplateGeneratorService[39m } from [32m'./services/template-generator.service'[39m[33m;[39m[0m

[4m[34mlibs\backend\template-generation\src\index.ts:13:42[39m[24m - [31m[1merror[22m[39m [90mTS2307[39m: Cannot find module './services/template-generator.service' or its corresponding type declarations.

[0m [90m 11 | [39m[0m
[0m [90m 12 | [39m[90m// Services (only export main entry point and DI registration)[39m[0m
[0m[31m[1m>[22m[39m[90m 13 | [39m[36mexport[39m { [33mTemplateGeneratorService[39m } from [32m'./services/template-generator.service'[39m[33m;[39m[0m
[0m [90m    | [39m                                         [31m[1m^[22m[39m[0m
[0m [90m 14 | [39m[0m
[0m [90m 15 | [39m[90m// DI Registration[39m[0m
[0m [90m 16 | [39m[36mexport[39m { registerTemplateGeneration } from [32m'./di/registration'[39m[33m;[39m[0m

[4m[34mlibs\backend\template-generation\src\index.ts:16:44[39m[24m - [31m[1merror[22m[39m [90mTS2307[39m: Cannot find module './di/registration' or its corresponding type declarations.

[0m [90m 14 | [39m[0m
[0m [90m 15 | [39m[90m// DI Registration[39m[0m
[0m[31m[1m>[22m[39m[90m 16 | [39m[36mexport[39m { registerTemplateGeneration } from [32m'./di/registration'[39m[33m;[39m[0m
[0m [90m    | [39m                                           [31m[1m^[22m[39m[0m
[0m [90m 17 | [39m[0m

[4m[34mlibs\backend\template-generation\src\lib\services\template-file-manager.service.ts:4:18[39m[24m - [31m[1merror[22m[39m [90mTS2305[39m: Module '"@ptah-extension/vscode-core"' has no exported member 'FileSystemService'.

[0m [90m 2 | [39m[36mimport[39m { injectable[33m,[39m inject } from [32m'tsyringe'[39m[33m;[39m[0m
[0m [90m 3 | [39m[36mimport[39m { [33mResult[39m } from [32m'@ptah-extension/shared'[39m[33m;[39m[0m
[0m[31m[1m>[22m[39m[90m 4 | [39m[36mimport[39m { [33mLogger[39m[33m,[39m [33mFileSystemService[39m[33m,[39m [33mTOKENS[39m } from [32m'@ptah-extension/vscode-core'[39m[33m;[39m[0m
[0m [90m   | [39m                 [31m[1m^[22m[39m[0m
[0m [90m 5 | [39m[36mimport[39m { [33mITemplateFileManager[39m } from [32m'../interfaces'[39m[33m;[39m[0m
[0m [90m 6 | [39m[36mimport[39m { [33mTemplateFileError[39m } from [32m'../errors'[39m[33m;[39m[0m
[0m [90m 7 | [39m[0m

[4m[34mlibs\backend\template-generation\src\lib\services\template-file-manager.service.ts:16:20[39m[24m - [31m[1merror[22m[39m [90mTS2339[39m: Property 'FILE_SYSTEM' does not exist on type '{ readonly EXTENSION_CONTEXT: unique symbol; readonly WEBVIEW_PROVIDER: unique symbol; readonly COMMAND_REGISTRY: unique symbol; readonly COMMAND_MANAGER: unique symbol; readonly WEBVIEW_MANAGER: unique symbol; ... 67 more ...; readonly WORKSPACE_ANALYZER: unique symbol; }'.

[0m [90m 14 | [39m[36mexport[39m [36mclass[39m [33mTemplateFileManagerService[39m implements [33mITemplateFileManager[39m {[0m
[0m [90m 15 | [39m  constructor([0m
[0m[31m[1m>[22m[39m[90m 16 | [39m    [33m@[39minject([33mTOKENS[39m[33m.[39m[33mFILE_SYSTEM[39m) private readonly fileSystem[33m:[39m [33mFileSystemService[39m[33m,[39m[0m
[0m [90m    | [39m                   [31m[1m^[22m[39m[0m
[0m [90m 17 | [39m    [33m@[39minject([33mTOKENS[39m[33m.[39m[33mLOGGER[39m) private readonly logger[33m:[39m [33mLogger[39m[0m
[0m [90m 18 | [39m  ) {}[0m
[0m [90m 19 | [39m[0m

[4m[34mlibs\backend\template-generation\src\lib\services\template-generator.service.ts:38:38[39m[24m - [31m[1merror[22m[39m [90mTS2339[39m: Property 'getWorkspaceRoot' does not exist on type 'WorkspaceAnalyzerService'.

[0m [90m 36 | [39m      [90m// Get workspace root from VS Code API[39m[0m
[0m [90m 37 | [39m      [36mconst[39m workspaceRootResult [33m=[39m[0m
[0m[31m[1m>[22m[39m[90m 38 | [39m        await [36mthis[39m[33m.[39mworkspaceAnalyzer[33m.[39mgetWorkspaceRoot()[33m;[39m[0m
[0m [90m    | [39m                                     [31m[1m^[22m[39m[0m
[0m [90m 39 | [39m      [36mif[39m (workspaceRootResult[33m.[39misErr()) {[0m
[0m [90m 40 | [39m        [36mconst[39m error [33m=[39m [36mnew[39m [33mTemplateGenerationError[39m([0m
[0m [90m 41 | [39m          [32m'Failed to get workspace root'[39m[33m,[39m[0m

[4m[34mlibs\backend\template-generation\src\lib\services\template-generator.service.ts:64:58[39m[24m - [31m[1merror[22m[39m [90mTS2339[39m: Property 'analyzeWorkspace' does not exist on type 'WorkspaceAnalyzerService'.

[0m [90m 62 | [39m[0m
[0m [90m 63 | [39m      [90m// Get project context from workspace analyzer[39m[0m
[0m[31m[1m>[22m[39m[90m 64 | [39m      [36mconst[39m contextResult [33m=[39m await [36mthis[39m[33m.[39mworkspaceAnalyzer[33m.[39manalyzeWorkspace()[33m;[39m[0m
[0m [90m    | [39m                                                         [31m[1m^[22m[39m[0m
[0m [90m 65 | [39m      [36mif[39m (contextResult[33m.[39misErr()) {[0m
[0m [90m 66 | [39m        [36mconst[39m error [33m=[39m [36mnew[39m [33mTemplateGenerationError[39m([0m
[0m [90m 67 | [39m          [32m'Failed to analyze workspace'[39m[33m,[39m[0m

[4m[34mlibs\backend\template-generation\src\lib\services\template-manager.service.ts:4:18[39m[24m - [31m[1merror[22m[39m [90mTS2305[39m: Module '"@ptah-extension/vscode-core"' has no exported member 'FileSystemService'.

[0m [90m 2 | [39m[36mimport[39m { injectable[33m,[39m inject } from [32m'tsyringe'[39m[33m;[39m[0m
[0m [90m 3 | [39m[36mimport[39m { [33mResult[39m } from [32m'@ptah-extension/shared'[39m[33m;[39m[0m
[0m[31m[1m>[22m[39m[90m 4 | [39m[36mimport[39m { [33mLogger[39m[33m,[39m [33mFileSystemService[39m[33m,[39m [33mTOKENS[39m } from [32m'@ptah-extension/vscode-core'[39m[33m;[39m[0m
[0m [90m   | [39m                 [31m[1m^[22m[39m[0m
[0m [90m 5 | [39m[36mimport[39m { [33mIPtahTemplateManager[39m } from [32m'../interfaces/template-manager.interface'[39m[33m;[39m[0m
[0m [90m 6 | [39m[36mimport[39m { [33mTemplateProcessingError[39m } from [32m'../errors'[39m[33m;[39m[0m
[0m [90m 7 | [39m[0m

[4m[34mlibs\backend\template-generation\src\lib\services\template-manager.service.ts:19:20[39m[24m - [31m[1merror[22m[39m [90mTS2339[39m: Property 'FILE_SYSTEM' does not exist on type '{ readonly EXTENSION_CONTEXT: unique symbol; readonly WEBVIEW_PROVIDER: unique symbol; readonly COMMAND_REGISTRY: unique symbol; readonly COMMAND_MANAGER: unique symbol; readonly WEBVIEW_MANAGER: unique symbol; ... 67 more ...; readonly WORKSPACE_ANALYZER: unique symbol; }'.

[0m [90m 17 | [39m[0m
[0m [90m 18 | [39m  constructor([0m
[0m[31m[1m>[22m[39m[90m 19 | [39m    [33m@[39minject([33mTOKENS[39m[33m.[39m[33mFILE_SYSTEM[39m) private readonly fileSystem[33m:[39m [33mFileSystemService[39m[33m,[39m[0m
[0m [90m    | [39m                   [31m[1m^[22m[39m[0m
[0m [90m 20 | [39m    [33m@[39minject([33mTOKENS[39m[33m.[39m[33mLOGGER[39m) private readonly logger[33m:[39m [33mLogger[39m[33m,[39m[0m
[0m [90m 21 | [39m    config[33m?[39m[33m:[39m { templateDir[33m?[39m[33m:[39m string[33m;[39m templateExt[33m?[39m[33m:[39m string }[0m
[0m [90m 22 | [39m  ) {[0m

[4m[34mlibs\backend\template-generation\src\lib\services\template-manager.service.ts:106:27[39m[24m - [31m[1merror[22m[39m [90mTS2345[39m: Argument of type 'Error | undefined' is not assignable to parameter of type 'Error'.
  Type 'undefined' is not assignable to type 'Error'.

[0m [90m 104 | [39m      [36mconst[39m loadResult [33m=[39m await [36mthis[39m[33m.[39mloadTemplate(name)[33m;[39m[0m
[0m [90m 105 | [39m      [36mif[39m (loadResult[33m.[39misErr()) {[0m
[0m[31m[1m>[22m[39m[90m 106 | [39m        [36mreturn[39m [33mResult[39m[33m.[39merr(loadResult[33m.[39merror)[33m;[39m[0m
[0m [90m     | [39m                          [31m[1m^[22m[39m[0m
[0m [90m 107 | [39m      }[0m
[0m [90m 108 | [39m[0m
[0m [90m 109 | [39m      let templateContent [33m=[39m loadResult[33m.[39mvalue[33m;[39m[0m

[4m[34mlibs\backend\template-generation\src\lib\services\template-manager.service.ts:115:27[39m[24m - [31m[1merror[22m[39m [90mTS18048[39m: 'templateContent' is possibly 'undefined'.

[0m [90m 113 | [39m        [36mconst[39m placeholder [33m=[39m [32m`{{${key}}}`[39m[33m;[39m[0m
[0m [90m 114 | [39m        [36mconst[39m replacementValue [33m=[39m [33mString[39m(value)[33m;[39m[0m
[0m[31m[1m>[22m[39m[90m 115 | [39m        templateContent [33m=[39m templateContent[33m.[39mreplace([0m
[0m [90m     | [39m                          [31m[1m^[22m[39m[0m
[0m [90m 116 | [39m          [36mnew[39m [33mRegExp[39m(placeholder[33m,[39m [32m'g'[39m)[33m,[39m[0m
[0m [90m 117 | [39m          replacementValue[0m
[0m [90m 118 | [39m        )[33m;[39m[0m

[4m[34mlibs\backend\template-generation\src\lib\services\template-manager.service.ts:122:7[39m[24m - [31m[1merror[22m[39m [90mTS2322[39m: Type 'Result<string | undefined, never>' is not assignable to type 'Result<string, Error>'.
  Type 'string | undefined' is not assignable to type 'string'.
    Type 'undefined' is not assignable to type 'string'.

[0m [90m 120 | [39m[0m
[0m [90m 121 | [39m      [36mthis[39m[33m.[39mlogger[33m.[39mdebug([32m`Successfully processed template: ${name}`[39m)[33m;[39m[0m
[0m[31m[1m>[22m[39m[90m 122 | [39m      [36mreturn[39m [33mResult[39m[33m.[39mok(templateContent)[33m;[39m[0m
[0m [90m     | [39m      [31m[1m^[22m[39m[0m
[0m [90m 123 | [39m    } [36mcatch[39m (error) {[0m
[0m [90m 124 | [39m      [36mconst[39m wrappedError [33m=[39m [36mnew[39m [33mTemplateProcessingError[39m([0m
[0m [90m 125 | [39m        [32m`Unexpected error processing template: ${name}`[39m[33m,[39m[0m

Found 13 errors.



 NX   Running target build for 10 projects and 2 tasks they depend on failed

Tasks not run because their dependencies failed or --nx-bail=true:

- ptah-extension-vscode:build
- ptah-extension-vscode:post-build-copy

Failed tasks:

- ptah-extension-webview:build:production
- @ptah-extension/template-generation:build

View structured, searchable error logs at https://nx.app/runs/Dz1lM5eI02

