
> nx run chat:test

[0m[7m[1m[31m FAIL [39m[22m[27m[0m [0m[7m[37m chat [39m[27m[0m [2mlibs/frontend/chat/src/lib/services/[22m[1mpending-session-manager.service.spec.ts[22m
  [1m● [22mConsole
    [2mconsole.log[22m
      [PendingSessionManager] Added pending resolution: { sessionId: 'session_123', tabId: 'tab_456' }
[2m[22m
[2m      [2mat PendingSessionManagerService.add ([22m[2msrc/lib/services/pending-session-manager.service.ts[2m:65:13)[22m[2m[22m
    [2mconsole.log[22m
      [PendingSessionManager] Added pending resolution: { sessionId: 'session_123', tabId: 'tab_456' }
[2m[22m
[2m      [2mat PendingSessionManagerService.add ([22m[2msrc/lib/services/pending-session-manager.service.ts[2m:65:13)[22m[2m[22m
    [2mconsole.log[22m
      [PendingSessionManager] Added pending resolution: { sessionId: 'session_123', tabId: 'tab_456' }
[2m[22m
[2m      [2mat PendingSessionManagerService.add ([22m[2msrc/lib/services/pending-session-manager.service.ts[2m:65:13)[22m[2m[22m
    [2mconsole.log[22m
      [PendingSessionManager] Added pending resolution: { sessionId: 'session_123', tabId: 'tab_456' }
[2m[22m
[2m      [2mat PendingSessionManagerService.add ([22m[2msrc/lib/services/pending-session-manager.service.ts[2m:65:13)[22m[2m[22m
    [2mconsole.log[22m
      [PendingSessionManager] Removed pending resolution: { sessionId: 'session_123', tabId: 'tab_456' }
[2m[22m
[2m      [2mat PendingSessionManagerService.remove ([22m[2msrc/lib/services/pending-session-manager.service.ts[2m:102:15)[22m[2m[22m
    [2mconsole.log[22m
      [PendingSessionManager] Added pending resolution: { sessionId: 'session_123', tabId: 'tab_456' }
[2m[22m
[2m      [2mat PendingSessionManagerService.add ([22m[2msrc/lib/services/pending-session-manager.service.ts[2m:65:13)[22m[2m[22m
    [2mconsole.log[22m
      [PendingSessionManager] Added pending resolution: { sessionId: 'session_timeout_test', tabId: 'tab_789' }
[2m[22m
[2m      [2mat PendingSessionManagerService.add ([22m[2msrc/lib/services/pending-session-manager.service.ts[2m:65:13)[22m[2m[22m
    [2mconsole.log[22m
      [PendingSessionManager] Added pending resolution: { sessionId: 'session_123', tabId: 'tab_456' }
[2m[22m
[2m      [2mat PendingSessionManagerService.add ([22m[2msrc/lib/services/pending-session-manager.service.ts[2m:65:13)[22m[2m[22m
    [2mconsole.log[22m
      [PendingSessionManager] Removed pending resolution: { sessionId: 'session_123', tabId: 'tab_456' }
[2m[22m
[2m      [2mat PendingSessionManagerService.remove ([22m[2msrc/lib/services/pending-session-manager.service.ts[2m:102:15)[22m[2m[22m
    [2mconsole.log[22m
      [PendingSessionManager] Added pending resolution: { sessionId: 'session_rapid_0', tabId: 'tab_rapid_0' }
[2m[22m
[2m      [2mat PendingSessionManagerService.add ([22m[2msrc/lib/services/pending-session-manager.service.ts[2m:65:13)[22m[2m[22m
    [2mconsole.log[22m
      [PendingSessionManager] Removed pending resolution: { sessionId: 'session_rapid_0', tabId: 'tab_rapid_0' }
[2m[22m
[2m      [2mat PendingSessionManagerService.remove ([22m[2msrc/lib/services/pending-session-manager.service.ts[2m:102:15)[22m[2m[22m
    [2mconsole.log[22m
      [PendingSessionManager] Added pending resolution: { sessionId: 'session_rapid_1', tabId: 'tab_rapid_1' }
[2m[22m
[2m      [2mat PendingSessionManagerService.add ([22m[2msrc/lib/services/pending-session-manager.service.ts[2m:65:13)[22m[2m[22m
    [2mconsole.log[22m
      [PendingSessionManager] Removed pending resolution: { sessionId: 'session_rapid_1', tabId: 'tab_rapid_1' }
[2m[22m
[2m      [2mat PendingSessionManagerService.remove ([22m[2msrc/lib/services/pending-session-manager.service.ts[2m:102:15)[22m[2m[22m
    [2mconsole.log[22m
      [PendingSessionManager] Added pending resolution: { sessionId: 'session_rapid_2', tabId: 'tab_rapid_2' }
[2m[22m
[2m      [2mat PendingSessionManagerService.add ([22m[2msrc/lib/services/pending-session-manager.service.ts[2m:65:13)[22m[2m[22m
    [2mconsole.log[22m
      [PendingSessionManager] Removed pending resolution: { sessionId: 'session_rapid_2', tabId: 'tab_rapid_2' }
[2m[22m
[2m      [2mat PendingSessionManagerService.remove ([22m[2msrc/lib/services/pending-session-manager.service.ts[2m:102:15)[22m[2m[22m
    [2mconsole.log[22m
      [PendingSessionManager] Added pending resolution: { sessionId: 'session_rapid_3', tabId: 'tab_rapid_3' }
[2m[22m
[2m      [2mat PendingSessionManagerService.add ([22m[2msrc/lib/services/pending-session-manager.service.ts[2m:65:13)[22m[2m[22m
    [2mconsole.log[22m
      [PendingSessionManager] Removed pending resolution: { sessionId: 'session_rapid_3', tabId: 'tab_rapid_3' }
[2m[22m
[2m      [2mat PendingSessionManagerService.remove ([22m[2msrc/lib/services/pending-session-manager.service.ts[2m:102:15)[22m[2m[22m
    [2mconsole.log[22m
      [PendingSessionManager] Added pending resolution: { sessionId: 'session_rapid_4', tabId: 'tab_rapid_4' }
[2m[22m
[2m      [2mat PendingSessionManagerService.add ([22m[2msrc/lib/services/pending-session-manager.service.ts[2m:65:13)[22m[2m[22m
    [2mconsole.log[22m
      [PendingSessionManager] Removed pending resolution: { sessionId: 'session_rapid_4', tabId: 'tab_rapid_4' }
[2m[22m
[2m      [2mat PendingSessionManagerService.remove ([22m[2msrc/lib/services/pending-session-manager.service.ts[2m:102:15)[22m[2m[22m
    [2mconsole.log[22m
      [PendingSessionManager] Added pending resolution: { sessionId: 'session_rapid_5', tabId: 'tab_rapid_5' }
[2m[22m
[2m      [2mat PendingSessionManagerService.add ([22m[2msrc/lib/services/pending-session-manager.service.ts[2m:65:13)[22m[2m[22m
    [2mconsole.log[22m
      [PendingSessionManager] Removed pending resolution: { sessionId: 'session_rapid_5', tabId: 'tab_rapid_5' }
[2m[22m
[2m      [2mat PendingSessionManagerService.remove ([22m[2msrc/lib/services/pending-session-manager.service.ts[2m:102:15)[22m[2m[22m
    [2mconsole.log[22m
      [PendingSessionManager] Added pending resolution: { sessionId: 'session_rapid_6', tabId: 'tab_rapid_6' }
[2m[22m
[2m      [2mat PendingSessionManagerService.add ([22m[2msrc/lib/services/pending-session-manager.service.ts[2m:65:13)[22m[2m[22m
    [2mconsole.log[22m
      [PendingSessionManager] Removed pending resolution: { sessionId: 'session_rapid_6', tabId: 'tab_rapid_6' }
[2m[22m
[2m      [2mat PendingSessionManagerService.remove ([22m[2msrc/lib/services/pending-session-manager.service.ts[2m:102:15)[22m[2m[22m
    [2mconsole.log[22m
      [PendingSessionManager] Added pending resolution: { sessionId: 'session_rapid_7', tabId: 'tab_rapid_7' }
[2m[22m
[2m      [2mat PendingSessionManagerService.add ([22m[2msrc/lib/services/pending-session-manager.service.ts[2m:65:13)[22m[2m[22m
    [2mconsole.log[22m
      [PendingSessionManager] Removed pending resolution: { sessionId: 'session_rapid_7', tabId: 'tab_rapid_7' }
[2m[22m
[2m      [2mat PendingSessionManagerService.remove ([22m[2msrc/lib/services/pending-session-manager.service.ts[2m:102:15)[22m[2m[22m
    [2mconsole.log[22m
      [PendingSessionManager] Added pending resolution: { sessionId: 'session_rapid_8', tabId: 'tab_rapid_8' }
[2m[22m
[2m      [2mat PendingSessionManagerService.add ([22m[2msrc/lib/services/pending-session-manager.service.ts[2m:65:13)[22m[2m[22m
    [2mconsole.log[22m
      [PendingSessionManager] Removed pending resolution: { sessionId: 'session_rapid_8', tabId: 'tab_rapid_8' }
[2m[22m
[2m      [2mat PendingSessionManagerService.remove ([22m[2msrc/lib/services/pending-session-manager.service.ts[2m:102:15)[22m[2m[22m
    [2mconsole.log[22m
      [PendingSessionManager] Added pending resolution: { sessionId: 'session_rapid_9', tabId: 'tab_rapid_9' }
[2m[22m
[2m      [2mat PendingSessionManagerService.add ([22m[2msrc/lib/services/pending-session-manager.service.ts[2m:65:13)[22m[2m[22m
    [2mconsole.log[22m
      [PendingSessionManager] Removed pending resolution: { sessionId: 'session_rapid_9', tabId: 'tab_rapid_9' }
[2m[22m
[2m      [2mat PendingSessionManagerService.remove ([22m[2msrc/lib/services/pending-session-manager.service.ts[2m:102:15)[22m[2m[22m
    [2mconsole.log[22m
      [PendingSessionManager] Added pending resolution: { sessionId: 'session_rapid_10', tabId: 'tab_rapid_10' }
[2m[22m
[2m      [2mat PendingSessionManagerService.add ([22m[2msrc/lib/services/pending-session-manager.service.ts[2m:65:13)[22m[2m[22m
    [2mconsole.log[22m
      [PendingSessionManager] Removed pending resolution: { sessionId: 'session_rapid_10', tabId: 'tab_rapid_10' }
[2m[22m
[2m      [2mat PendingSessionManagerService.remove ([22m[2msrc/lib/services/pending-session-manager.service.ts[2m:102:15)[22m[2m[22m
    [2mconsole.log[22m
      [PendingSessionManager] Added pending resolution: { sessionId: 'session_rapid_11', tabId: 'tab_rapid_11' }
[2m[22m
[2m      [2mat PendingSessionManagerService.add ([22m[2msrc/lib/services/pending-session-manager.service.ts[2m:65:13)[22m[2m[22m
    [2mconsole.log[22m
      [PendingSessionManager] Removed pending resolution: { sessionId: 'session_rapid_11', tabId: 'tab_rapid_11' }
[2m[22m
[2m      [2mat PendingSessionManagerService.remove ([22m[2msrc/lib/services/pending-session-manager.service.ts[2m:102:15)[22m[2m[22m
    [2mconsole.log[22m
      [PendingSessionManager] Added pending resolution: { sessionId: 'session_rapid_12', tabId: 'tab_rapid_12' }
[2m[22m
[2m      [2mat PendingSessionManagerService.add ([22m[2msrc/lib/services/pending-session-manager.service.ts[2m:65:13)[22m[2m[22m
    [2mconsole.log[22m
      [PendingSessionManager] Removed pending resolution: { sessionId: 'session_rapid_12', tabId: 'tab_rapid_12' }
[2m[22m
[2m      [2mat PendingSessionManagerService.remove ([22m[2msrc/lib/services/pending-session-manager.service.ts[2m:102:15)[22m[2m[22m
    [2mconsole.log[22m
      [PendingSessionManager] Added pending resolution: { sessionId: 'session_rapid_13', tabId: 'tab_rapid_13' }
[2m[22m
[2m      [2mat PendingSessionManagerService.add ([22m[2msrc/lib/services/pending-session-manager.service.ts[2m:65:13)[22m[2m[22m
    [2mconsole.log[22m
      [PendingSessionManager] Removed pending resolution: { sessionId: 'session_rapid_13', tabId: 'tab_rapid_13' }
[2m[22m
[2m      [2mat PendingSessionManagerService.remove ([22m[2msrc/lib/services/pending-session-manager.service.ts[2m:102:15)[22m[2m[22m
    [2mconsole.log[22m
      [PendingSessionManager] Added pending resolution: { sessionId: 'session_rapid_14', tabId: 'tab_rapid_14' }
[2m[22m
[2m      [2mat PendingSessionManagerService.add ([22m[2msrc/lib/services/pending-session-manager.service.ts[2m:65:13)[22m[2m[22m
    [2mconsole.log[22m
      [PendingSessionManager] Removed pending resolution: { sessionId: 'session_rapid_14', tabId: 'tab_rapid_14' }
[2m[22m
[2m      [2mat PendingSessionManagerService.remove ([22m[2msrc/lib/services/pending-session-manager.service.ts[2m:102:15)[22m[2m[22m
    [2mconsole.log[22m
      [PendingSessionManager] Added pending resolution: { sessionId: 'session_rapid_15', tabId: 'tab_rapid_15' }
[2m[22m
[2m      [2mat PendingSessionManagerService.add ([22m[2msrc/lib/services/pending-session-manager.service.ts[2m:65:13)[22m[2m[22m
    [2mconsole.log[22m
      [PendingSessionManager] Removed pending resolution: { sessionId: 'session_rapid_15', tabId: 'tab_rapid_15' }
[2m[22m
[2m      [2mat PendingSessionManagerService.remove ([22m[2msrc/lib/services/pending-session-manager.service.ts[2m:102:15)[22m[2m[22m
    [2mconsole.log[22m
      [PendingSessionManager] Added pending resolution: { sessionId: 'session_rapid_16', tabId: 'tab_rapid_16' }
[2m[22m
[2m      [2mat PendingSessionManagerService.add ([22m[2msrc/lib/services/pending-session-manager.service.ts[2m:65:13)[22m[2m[22m
    [2mconsole.log[22m
      [PendingSessionManager] Removed pending resolution: { sessionId: 'session_rapid_16', tabId: 'tab_rapid_16' }
[2m[22m
[2m      [2mat PendingSessionManagerService.remove ([22m[2msrc/lib/services/pending-session-manager.service.ts[2m:102:15)[22m[2m[22m
    [2mconsole.log[22m
      [PendingSessionManager] Added pending resolution: { sessionId: 'session_rapid_17', tabId: 'tab_rapid_17' }
[2m[22m
[2m      [2mat PendingSessionManagerService.add ([22m[2msrc/lib/services/pending-session-manager.service.ts[2m:65:13)[22m[2m[22m
    [2mconsole.log[22m
      [PendingSessionManager] Removed pending resolution: { sessionId: 'session_rapid_17', tabId: 'tab_rapid_17' }
[2m[22m
[2m      [2mat PendingSessionManagerService.remove ([22m[2msrc/lib/services/pending-session-manager.service.ts[2m:102:15)[22m[2m[22m
    [2mconsole.log[22m
      [PendingSessionManager] Added pending resolution: { sessionId: 'session_rapid_18', tabId: 'tab_rapid_18' }
[2m[22m
[2m      [2mat PendingSessionManagerService.add ([22m[2msrc/lib/services/pending-session-manager.service.ts[2m:65:13)[22m[2m[22m
    [2mconsole.log[22m
      [PendingSessionManager] Removed pending resolution: { sessionId: 'session_rapid_18', tabId: 'tab_rapid_18' }
[2m[22m
[2m      [2mat PendingSessionManagerService.remove ([22m[2msrc/lib/services/pending-session-manager.service.ts[2m:102:15)[22m[2m[22m
    [2mconsole.log[22m
      [PendingSessionManager] Added pending resolution: { sessionId: 'session_rapid_19', tabId: 'tab_rapid_19' }
[2m[22m
[2m      [2mat PendingSessionManagerService.add ([22m[2msrc/lib/services/pending-session-manager.service.ts[2m:65:13)[22m[2m[22m
    [2mconsole.log[22m
      [PendingSessionManager] Removed pending resolution: { sessionId: 'session_rapid_19', tabId: 'tab_rapid_19' }
[2m[22m
[2m      [2mat PendingSessionManagerService.remove ([22m[2msrc/lib/services/pending-session-manager.service.ts[2m:102:15)[22m[2m[22m
    [2mconsole.log[22m
      [PendingSessionManager] Added pending resolution: { sessionId: 'session_rapid_20', tabId: 'tab_rapid_20' }
[2m[22m
[2m      [2mat PendingSessionManagerService.add ([22m[2msrc/lib/services/pending-session-manager.service.ts[2m:65:13)[22m[2m[22m
    [2mconsole.log[22m
      [PendingSessionManager] Removed pending resolution: { sessionId: 'session_rapid_20', tabId: 'tab_rapid_20' }
[2m[22m
[2m      [2mat PendingSessionManagerService.remove ([22m[2msrc/lib/services/pending-session-manager.service.ts[2m:102:15)[22m[2m[22m
    [2mconsole.log[22m
      [PendingSessionManager] Added pending resolution: { sessionId: 'session_rapid_21', tabId: 'tab_rapid_21' }
[2m[22m
[2m      [2mat PendingSessionManagerService.add ([22m[2msrc/lib/services/pending-session-manager.service.ts[2m:65:13)[22m[2m[22m
    [2mconsole.log[22m
      [PendingSessionManager] Removed pending resolution: { sessionId: 'session_rapid_21', tabId: 'tab_rapid_21' }
[2m[22m
[2m      [2mat PendingSessionManagerService.remove ([22m[2msrc/lib/services/pending-session-manager.service.ts[2m:102:15)[22m[2m[22m
    [2mconsole.log[22m
      [PendingSessionManager] Added pending resolution: { sessionId: 'session_rapid_22', tabId: 'tab_rapid_22' }
[2m[22m
[2m      [2mat PendingSessionManagerService.add ([22m[2msrc/lib/services/pending-session-manager.service.ts[2m:65:13)[22m[2m[22m
    [2mconsole.log[22m
      [PendingSessionManager] Removed pending resolution: { sessionId: 'session_rapid_22', tabId: 'tab_rapid_22' }
[2m[22m
[2m      [2mat PendingSessionManagerService.remove ([22m[2msrc/lib/services/pending-session-manager.service.ts[2m:102:15)[22m[2m[22m
    [2mconsole.log[22m
      [PendingSessionManager] Added pending resolution: { sessionId: 'session_rapid_23', tabId: 'tab_rapid_23' }
[2m[22m
[2m      [2mat PendingSessionManagerService.add ([22m[2msrc/lib/services/pending-session-manager.service.ts[2m:65:13)[22m[2m[22m
    [2mconsole.log[22m
      [PendingSessionManager] Removed pending resolution: { sessionId: 'session_rapid_23', tabId: 'tab_rapid_23' }
[2m[22m
[2m      [2mat PendingSessionManagerService.remove ([22m[2msrc/lib/services/pending-session-manager.service.ts[2m:102:15)[22m[2m[22m
    [2mconsole.log[22m
      [PendingSessionManager] Added pending resolution: { sessionId: 'session_rapid_24', tabId: 'tab_rapid_24' }
[2m[22m
[2m      [2mat PendingSessionManagerService.add ([22m[2msrc/lib/services/pending-session-manager.service.ts[2m:65:13)[22m[2m[22m
    [2mconsole.log[22m
      [PendingSessionManager] Removed pending resolution: { sessionId: 'session_rapid_24', tabId: 'tab_rapid_24' }
[2m[22m
[2m      [2mat PendingSessionManagerService.remove ([22m[2msrc/lib/services/pending-session-manager.service.ts[2m:102:15)[22m[2m[22m
    [2mconsole.log[22m
      [PendingSessionManager] Added pending resolution: { sessionId: 'session_rapid_25', tabId: 'tab_rapid_25' }
[2m[22m
[2m      [2mat PendingSessionManagerService.add ([22m[2msrc/lib/services/pending-session-manager.service.ts[2m:65:13)[22m[2m[22m
    [2mconsole.log[22m
      [PendingSessionManager] Removed pending resolution: { sessionId: 'session_rapid_25', tabId: 'tab_rapid_25' }
[2m[22m
[2m      [2mat PendingSessionManagerService.remove ([22m[2msrc/lib/services/pending-session-manager.service.ts[2m:102:15)[22m[2m[22m
    [2mconsole.log[22m
      [PendingSessionManager] Added pending resolution: { sessionId: 'session_rapid_26', tabId: 'tab_rapid_26' }
[2m[22m
[2m      [2mat PendingSessionManagerService.add ([22m[2msrc/lib/services/pending-session-manager.service.ts[2m:65:13)[22m[2m[22m
    [2mconsole.log[22m
      [PendingSessionManager] Removed pending resolution: { sessionId: 'session_rapid_26', tabId: 'tab_rapid_26' }
[2m[22m
[2m      [2mat PendingSessionManagerService.remove ([22m[2msrc/lib/services/pending-session-manager.service.ts[2m:102:15)[22m[2m[22m
    [2mconsole.log[22m
      [PendingSessionManager] Added pending resolution: { sessionId: 'session_rapid_27', tabId: 'tab_rapid_27' }
[2m[22m
[2m      [2mat PendingSessionManagerService.add ([22m[2msrc/lib/services/pending-session-manager.service.ts[2m:65:13)[22m[2m[22m
    [2mconsole.log[22m
      [PendingSessionManager] Removed pending resolution: { sessionId: 'session_rapid_27', tabId: 'tab_rapid_27' }
[2m[22m
[2m      [2mat PendingSessionManagerService.remove ([22m[2msrc/lib/services/pending-session-manager.service.ts[2m:102:15)[22m[2m[22m
    [2mconsole.log[22m
      [PendingSessionManager] Added pending resolution: { sessionId: 'session_rapid_28', tabId: 'tab_rapid_28' }
[2m[22m
[2m      [2mat PendingSessionManagerService.add ([22m[2msrc/lib/services/pending-session-manager.service.ts[2m:65:13)[22m[2m[22m
    [2mconsole.log[22m
      [PendingSessionManager] Removed pending resolution: { sessionId: 'session_rapid_28', tabId: 'tab_rapid_28' }
[2m[22m
[2m      [2mat PendingSessionManagerService.remove ([22m[2msrc/lib/services/pending-session-manager.service.ts[2m:102:15)[22m[2m[22m
    [2mconsole.log[22m
      [PendingSessionManager] Added pending resolution: { sessionId: 'session_rapid_29', tabId: 'tab_rapid_29' }
[2m[22m
[2m      [2mat PendingSessionManagerService.add ([22m[2msrc/lib/services/pending-session-manager.service.ts[2m:65:13)[22m[2m[22m
    [2mconsole.log[22m
      [PendingSessionManager] Removed pending resolution: { sessionId: 'session_rapid_29', tabId: 'tab_rapid_29' }
[2m[22m
[2m      [2mat PendingSessionManagerService.remove ([22m[2msrc/lib/services/pending-session-manager.service.ts[2m:102:15)[22m[2m[22m
    [2mconsole.log[22m
      [PendingSessionManager] Added pending resolution: { sessionId: 'session_rapid_30', tabId: 'tab_rapid_30' }
[2m[22m
[2m      [2mat PendingSessionManagerService.add ([22m[2msrc/lib/services/pending-session-manager.service.ts[2m:65:13)[22m[2m[22m
    [2mconsole.log[22m
      [PendingSessionManager] Removed pending resolution: { sessionId: 'session_rapid_30', tabId: 'tab_rapid_30' }
[2m[22m
[2m      [2mat PendingSessionManagerService.remove ([22m[2msrc/lib/services/pending-session-manager.service.ts[2m:102:15)[22m[2m[22m
    [2mconsole.log[22m
      [PendingSessionManager] Added pending resolution: { sessionId: 'session_rapid_31', tabId: 'tab_rapid_31' }
[2m[22m
[2m      [2mat PendingSessionManagerService.add ([22m[2msrc/lib/services/pending-session-manager.service.ts[2m:65:13)[22m[2m[22m
    [2mconsole.log[22m
      [PendingSessionManager] Removed pending resolution: { sessionId: 'session_rapid_31', tabId: 'tab_rapid_31' }
[2m[22m
[2m      [2mat PendingSessionManagerService.remove ([22m[2msrc/lib/services/pending-session-manager.service.ts[2m:102:15)[22m[2m[22m
    [2mconsole.log[22m
      [PendingSessionManager] Added pending resolution: { sessionId: 'session_rapid_32', tabId: 'tab_rapid_32' }
[2m[22m
[2m      [2mat PendingSessionManagerService.add ([22m[2msrc/lib/services/pending-session-manager.service.ts[2m:65:13)[22m[2m[22m
    [2mconsole.log[22m
      [PendingSessionManager] Removed pending resolution: { sessionId: 'session_rapid_32', tabId: 'tab_rapid_32' }
[2m[22m
[2m      [2mat PendingSessionManagerService.remove ([22m[2msrc/lib/services/pending-session-manager.service.ts[2m:102:15)[22m[2m[22m
    [2mconsole.log[22m
      [PendingSessionManager] Added pending resolution: { sessionId: 'session_rapid_33', tabId: 'tab_rapid_33' }
[2m[22m
[2m      [2mat PendingSessionManagerService.add ([22m[2msrc/lib/services/pending-session-manager.service.ts[2m:65:13)[22m[2m[22m
    [2mconsole.log[22m
      [PendingSessionManager] Removed pending resolution: { sessionId: 'session_rapid_33', tabId: 'tab_rapid_33' }
[2m[22m
[2m      [2mat PendingSessionManagerService.remove ([22m[2msrc/lib/services/pending-session-manager.service.ts[2m:102:15)[22m[2m[22m
    [2mconsole.log[22m
      [PendingSessionManager] Added pending resolution: { sessionId: 'session_rapid_34', tabId: 'tab_rapid_34' }
[2m[22m
[2m      [2mat PendingSessionManagerService.add ([22m[2msrc/lib/services/pending-session-manager.service.ts[2m:65:13)[22m[2m[22m
    [2mconsole.log[22m
      [PendingSessionManager] Removed pending resolution: { sessionId: 'session_rapid_34', tabId: 'tab_rapid_34' }
[2m[22m
[2m      [2mat PendingSessionManagerService.remove ([22m[2msrc/lib/services/pending-session-manager.service.ts[2m:102:15)[22m[2m[22m
    [2mconsole.log[22m
      [PendingSessionManager] Added pending resolution: { sessionId: 'session_rapid_35', tabId: 'tab_rapid_35' }
[2m[22m
[2m      [2mat PendingSessionManagerService.add ([22m[2msrc/lib/services/pending-session-manager.service.ts[2m:65:13)[22m[2m[22m
    [2mconsole.log[22m
      [PendingSessionManager] Removed pending resolution: { sessionId: 'session_rapid_35', tabId: 'tab_rapid_35' }
[2m[22m
[2m      [2mat PendingSessionManagerService.remove ([22m[2msrc/lib/services/pending-session-manager.service.ts[2m:102:15)[22m[2m[22m
    [2mconsole.log[22m
      [PendingSessionManager] Added pending resolution: { sessionId: 'session_rapid_36', tabId: 'tab_rapid_36' }
[2m[22m
[2m      [2mat PendingSessionManagerService.add ([22m[2msrc/lib/services/pending-session-manager.service.ts[2m:65:13)[22m[2m[22m
    [2mconsole.log[22m
      [PendingSessionManager] Removed pending resolution: { sessionId: 'session_rapid_36', tabId: 'tab_rapid_36' }
[2m[22m
[2m      [2mat PendingSessionManagerService.remove ([22m[2msrc/lib/services/pending-session-manager.service.ts[2m:102:15)[22m[2m[22m
    [2mconsole.log[22m
      [PendingSessionManager] Added pending resolution: { sessionId: 'session_rapid_37', tabId: 'tab_rapid_37' }
[2m[22m
[2m      [2mat PendingSessionManagerService.add ([22m[2msrc/lib/services/pending-session-manager.service.ts[2m:65:13)[22m[2m[22m
    [2mconsole.log[22m
      [PendingSessionManager] Removed pending resolution: { sessionId: 'session_rapid_37', tabId: 'tab_rapid_37' }
[2m[22m
[2m      [2mat PendingSessionManagerService.remove ([22m[2msrc/lib/services/pending-session-manager.service.ts[2m:102:15)[22m[2m[22m
    [2mconsole.log[22m
      [PendingSessionManager] Added pending resolution: { sessionId: 'session_rapid_38', tabId: 'tab_rapid_38' }
[2m[22m
[2m      [2mat PendingSessionManagerService.add ([22m[2msrc/lib/services/pending-session-manager.service.ts[2m:65:13)[22m[2m[22m
    [2mconsole.log[22m
      [PendingSessionManager] Removed pending resolution: { sessionId: 'session_rapid_38', tabId: 'tab_rapid_38' }
[2m[22m
[2m      [2mat PendingSessionManagerService.remove ([22m[2msrc/lib/services/pending-session-manager.service.ts[2m:102:15)[22m[2m[22m
    [2mconsole.log[22m
      [PendingSessionManager] Added pending resolution: { sessionId: 'session_rapid_39', tabId: 'tab_rapid_39' }
[2m[22m
[2m      [2mat PendingSessionManagerService.add ([22m[2msrc/lib/services/pending-session-manager.service.ts[2m:65:13)[22m[2m[22m
    [2mconsole.log[22m
      [PendingSessionManager] Removed pending resolution: { sessionId: 'session_rapid_39', tabId: 'tab_rapid_39' }
[2m[22m
[2m      [2mat PendingSessionManagerService.remove ([22m[2msrc/lib/services/pending-session-manager.service.ts[2m:102:15)[22m[2m[22m
    [2mconsole.log[22m
      [PendingSessionManager] Added pending resolution: { sessionId: 'session_rapid_40', tabId: 'tab_rapid_40' }
[2m[22m
[2m      [2mat PendingSessionManagerService.add ([22m[2msrc/lib/services/pending-session-manager.service.ts[2m:65:13)[22m[2m[22m
    [2mconsole.log[22m
      [PendingSessionManager] Removed pending resolution: { sessionId: 'session_rapid_40', tabId: 'tab_rapid_40' }
[2m[22m
[2m      [2mat PendingSessionManagerService.remove ([22m[2msrc/lib/services/pending-session-manager.service.ts[2m:102:15)[22m[2m[22m
    [2mconsole.log[22m
      [PendingSessionManager] Added pending resolution: { sessionId: 'session_rapid_41', tabId: 'tab_rapid_41' }
[2m[22m
[2m      [2mat PendingSessionManagerService.add ([22m[2msrc/lib/services/pending-session-manager.service.ts[2m:65:13)[22m[2m[22m
    [2mconsole.log[22m
      [PendingSessionManager] Removed pending resolution: { sessionId: 'session_rapid_41', tabId: 'tab_rapid_41' }
[2m[22m
[2m      [2mat PendingSessionManagerService.remove ([22m[2msrc/lib/services/pending-session-manager.service.ts[2m:102:15)[22m[2m[22m
    [2mconsole.log[22m
      [PendingSessionManager] Added pending resolution: { sessionId: 'session_rapid_42', tabId: 'tab_rapid_42' }
[2m[22m
[2m      [2mat PendingSessionManagerService.add ([22m[2msrc/lib/services/pending-session-manager.service.ts[2m:65:13)[22m[2m[22m
    [2mconsole.log[22m
      [PendingSessionManager] Removed pending resolution: { sessionId: 'session_rapid_42', tabId: 'tab_rapid_42' }
[2m[22m
[2m      [2mat PendingSessionManagerService.remove ([22m[2msrc/lib/services/pending-session-manager.service.ts[2m:102:15)[22m[2m[22m
    [2mconsole.log[22m
      [PendingSessionManager] Added pending resolution: { sessionId: 'session_rapid_43', tabId: 'tab_rapid_43' }
[2m[22m
[2m      [2mat PendingSessionManagerService.add ([22m[2msrc/lib/services/pending-session-manager.service.ts[2m:65:13)[22m[2m[22m
    [2mconsole.log[22m
      [PendingSessionManager] Removed pending resolution: { sessionId: 'session_rapid_43', tabId: 'tab_rapid_43' }
[2m[22m
[2m      [2mat PendingSessionManagerService.remove ([22m[2msrc/lib/services/pending-session-manager.service.ts[2m:102:15)[22m[2m[22m
    [2mconsole.log[22m
      [PendingSessionManager] Added pending resolution: { sessionId: 'session_rapid_44', tabId: 'tab_rapid_44' }
[2m[22m
[2m      [2mat PendingSessionManagerService.add ([22m[2msrc/lib/services/pending-session-manager.service.ts[2m:65:13)[22m[2m[22m
    [2mconsole.log[22m
      [PendingSessionManager] Removed pending resolution: { sessionId: 'session_rapid_44', tabId: 'tab_rapid_44' }
[2m[22m
[2m      [2mat PendingSessionManagerService.remove ([22m[2msrc/lib/services/pending-session-manager.service.ts[2m:102:15)[22m[2m[22m
    [2mconsole.log[22m
      [PendingSessionManager] Added pending resolution: { sessionId: 'session_rapid_45', tabId: 'tab_rapid_45' }
[2m[22m
[2m      [2mat PendingSessionManagerService.add ([22m[2msrc/lib/services/pending-session-manager.service.ts[2m:65:13)[22m[2m[22m
    [2mconsole.log[22m
      [PendingSessionManager] Removed pending resolution: { sessionId: 'session_rapid_45', tabId: 'tab_rapid_45' }
[2m[22m
[2m      [2mat PendingSessionManagerService.remove ([22m[2msrc/lib/services/pending-session-manager.service.ts[2m:102:15)[22m[2m[22m
    [2mconsole.log[22m
      [PendingSessionManager] Added pending resolution: { sessionId: 'session_rapid_46', tabId: 'tab_rapid_46' }
[2m[22m
[2m      [2mat PendingSessionManagerService.add ([22m[2msrc/lib/services/pending-session-manager.service.ts[2m:65:13)[22m[2m[22m
    [2mconsole.log[22m
      [PendingSessionManager] Removed pending resolution: { sessionId: 'session_rapid_46', tabId: 'tab_rapid_46' }
[2m[22m
[2m      [2mat PendingSessionManagerService.remove ([22m[2msrc/lib/services/pending-session-manager.service.ts[2m:102:15)[22m[2m[22m
    [2mconsole.log[22m
      [PendingSessionManager] Added pending resolution: { sessionId: 'session_rapid_47', tabId: 'tab_rapid_47' }
[2m[22m
[2m      [2mat PendingSessionManagerService.add ([22m[2msrc/lib/services/pending-session-manager.service.ts[2m:65:13)[22m[2m[22m
    [2mconsole.log[22m
      [PendingSessionManager] Removed pending resolution: { sessionId: 'session_rapid_47', tabId: 'tab_rapid_47' }
[2m[22m
[2m      [2mat PendingSessionManagerService.remove ([22m[2msrc/lib/services/pending-session-manager.service.ts[2m:102:15)[22m[2m[22m
    [2mconsole.log[22m
      [PendingSessionManager] Added pending resolution: { sessionId: 'session_rapid_48', tabId: 'tab_rapid_48' }
[2m[22m
[2m      [2mat PendingSessionManagerService.add ([22m[2msrc/lib/services/pending-session-manager.service.ts[2m:65:13)[22m[2m[22m
    [2mconsole.log[22m
      [PendingSessionManager] Removed pending resolution: { sessionId: 'session_rapid_48', tabId: 'tab_rapid_48' }
[2m[22m
[2m      [2mat PendingSessionManagerService.remove ([22m[2msrc/lib/services/pending-session-manager.service.ts[2m:102:15)[22m[2m[22m
    [2mconsole.log[22m
      [PendingSessionManager] Added pending resolution: { sessionId: 'session_rapid_49', tabId: 'tab_rapid_49' }
[2m[22m
[2m      [2mat PendingSessionManagerService.add ([22m[2msrc/lib/services/pending-session-manager.service.ts[2m:65:13)[22m[2m[22m
    [2mconsole.log[22m
      [PendingSessionManager] Removed pending resolution: { sessionId: 'session_rapid_49', tabId: 'tab_rapid_49' }
[2m[22m
[2m      [2mat PendingSessionManagerService.remove ([22m[2msrc/lib/services/pending-session-manager.service.ts[2m:102:15)[22m[2m[22m
    [2mconsole.log[22m
      [PendingSessionManager] Added pending resolution: { sessionId: 'session_rapid_50', tabId: 'tab_rapid_50' }
[2m[22m
[2m      [2mat PendingSessionManagerService.add ([22m[2msrc/lib/services/pending-session-manager.service.ts[2m:65:13)[22m[2m[22m
    [2mconsole.log[22m
      [PendingSessionManager] Removed pending resolution: { sessionId: 'session_rapid_50', tabId: 'tab_rapid_50' }
[2m[22m
[2m      [2mat PendingSessionManagerService.remove ([22m[2msrc/lib/services/pending-session-manager.service.ts[2m:102:15)[22m[2m[22m
    [2mconsole.log[22m
      [PendingSessionManager] Added pending resolution: { sessionId: 'session_rapid_51', tabId: 'tab_rapid_51' }
[2m[22m
[2m      [2mat PendingSessionManagerService.add ([22m[2msrc/lib/services/pending-session-manager.service.ts[2m:65:13)[22m[2m[22m
    [2mconsole.log[22m
      [PendingSessionManager] Removed pending resolution: { sessionId: 'session_rapid_51', tabId: 'tab_rapid_51' }
[2m[22m
[2m      [2mat PendingSessionManagerService.remove ([22m[2msrc/lib/services/pending-session-manager.service.ts[2m:102:15)[22m[2m[22m
    [2mconsole.log[22m
      [PendingSessionManager] Added pending resolution: { sessionId: 'session_rapid_52', tabId: 'tab_rapid_52' }
[2m[22m
[2m      [2mat PendingSessionManagerService.add ([22m[2msrc/lib/services/pending-session-manager.service.ts[2m:65:13)[22m[2m[22m
    [2mconsole.log[22m
      [PendingSessionManager] Removed pending resolution: { sessionId: 'session_rapid_52', tabId: 'tab_rapid_52' }
[2m[22m
[2m      [2mat PendingSessionManagerService.remove ([22m[2msrc/lib/services/pending-session-manager.service.ts[2m:102:15)[22m[2m[22m
    [2mconsole.log[22m
      [PendingSessionManager] Added pending resolution: { sessionId: 'session_rapid_53', tabId: 'tab_rapid_53' }
[2m[22m
[2m      [2mat PendingSessionManagerService.add ([22m[2msrc/lib/services/pending-session-manager.service.ts[2m:65:13)[22m[2m[22m
    [2mconsole.log[22m
      [PendingSessionManager] Removed pending resolution: { sessionId: 'session_rapid_53', tabId: 'tab_rapid_53' }
[2m[22m
[2m      [2mat PendingSessionManagerService.remove ([22m[2msrc/lib/services/pending-session-manager.service.ts[2m:102:15)[22m[2m[22m
    [2mconsole.log[22m
      [PendingSessionManager] Added pending resolution: { sessionId: 'session_rapid_54', tabId: 'tab_rapid_54' }
[2m[22m
[2m      [2mat PendingSessionManagerService.add ([22m[2msrc/lib/services/pending-session-manager.service.ts[2m:65:13)[22m[2m[22m
    [2mconsole.log[22m
      [PendingSessionManager] Removed pending resolution: { sessionId: 'session_rapid_54', tabId: 'tab_rapid_54' }
[2m[22m
[2m      [2mat PendingSessionManagerService.remove ([22m[2msrc/lib/services/pending-session-manager.service.ts[2m:102:15)[22m[2m[22m
    [2mconsole.log[22m
      [PendingSessionManager] Added pending resolution: { sessionId: 'session_rapid_55', tabId: 'tab_rapid_55' }
[2m[22m
[2m      [2mat PendingSessionManagerService.add ([22m[2msrc/lib/services/pending-session-manager.service.ts[2m:65:13)[22m[2m[22m
    [2mconsole.log[22m
      [PendingSessionManager] Removed pending resolution: { sessionId: 'session_rapid_55', tabId: 'tab_rapid_55' }
[2m[22m
[2m      [2mat PendingSessionManagerService.remove ([22m[2msrc/lib/services/pending-session-manager.service.ts[2m:102:15)[22m[2m[22m
    [2mconsole.log[22m
      [PendingSessionManager] Added pending resolution: { sessionId: 'session_rapid_56', tabId: 'tab_rapid_56' }
[2m[22m
[2m      [2mat PendingSessionManagerService.add ([22m[2msrc/lib/services/pending-session-manager.service.ts[2m:65:13)[22m[2m[22m
    [2mconsole.log[22m
      [PendingSessionManager] Removed pending resolution: { sessionId: 'session_rapid_56', tabId: 'tab_rapid_56' }
[2m[22m
[2m      [2mat PendingSessionManagerService.remove ([22m[2msrc/lib/services/pending-session-manager.service.ts[2m:102:15)[22m[2m[22m
    [2mconsole.log[22m
      [PendingSessionManager] Added pending resolution: { sessionId: 'session_rapid_57', tabId: 'tab_rapid_57' }
[2m[22m
[2m      [2mat PendingSessionManagerService.add ([22m[2msrc/lib/services/pending-session-manager.service.ts[2m:65:13)[22m[2m[22m
    [2mconsole.log[22m
      [PendingSessionManager] Removed pending resolution: { sessionId: 'session_rapid_57', tabId: 'tab_rapid_57' }
[2m[22m
[2m      [2mat PendingSessionManagerService.remove ([22m[2msrc/lib/services/pending-session-manager.service.ts[2m:102:15)[22m[2m[22m
    [2mconsole.log[22m
      [PendingSessionManager] Added pending resolution: { sessionId: 'session_rapid_58', tabId: 'tab_rapid_58' }
[2m[22m
[2m      [2mat PendingSessionManagerService.add ([22m[2msrc/lib/services/pending-session-manager.service.ts[2m:65:13)[22m[2m[22m
    [2mconsole.log[22m
      [PendingSessionManager] Removed pending resolution: { sessionId: 'session_rapid_58', tabId: 'tab_rapid_58' }
[2m[22m
[2m      [2mat PendingSessionManagerService.remove ([22m[2msrc/lib/services/pending-session-manager.service.ts[2m:102:15)[22m[2m[22m
    [2mconsole.log[22m
      [PendingSessionManager] Added pending resolution: { sessionId: 'session_rapid_59', tabId: 'tab_rapid_59' }
[2m[22m
[2m      [2mat PendingSessionManagerService.add ([22m[2msrc/lib/services/pending-session-manager.service.ts[2m:65:13)[22m[2m[22m
    [2mconsole.log[22m
      [PendingSessionManager] Removed pending resolution: { sessionId: 'session_rapid_59', tabId: 'tab_rapid_59' }
[2m[22m
[2m      [2mat PendingSessionManagerService.remove ([22m[2msrc/lib/services/pending-session-manager.service.ts[2m:102:15)[22m[2m[22m
    [2mconsole.log[22m
      [PendingSessionManager] Added pending resolution: { sessionId: 'session_rapid_60', tabId: 'tab_rapid_60' }
[2m[22m
[2m      [2mat PendingSessionManagerService.add ([22m[2msrc/lib/services/pending-session-manager.service.ts[2m:65:13)[22m[2m[22m
    [2mconsole.log[22m
      [PendingSessionManager] Removed pending resolution: { sessionId: 'session_rapid_60', tabId: 'tab_rapid_60' }
[2m[22m
[2m      [2mat PendingSessionManagerService.remove ([22m[2msrc/lib/services/pending-session-manager.service.ts[2m:102:15)[22m[2m[22m
    [2mconsole.log[22m
      [PendingSessionManager] Added pending resolution: { sessionId: 'session_rapid_61', tabId: 'tab_rapid_61' }
[2m[22m
[2m      [2mat PendingSessionManagerService.add ([22m[2msrc/lib/services/pending-session-manager.service.ts[2m:65:13)[22m[2m[22m
    [2mconsole.log[22m
      [PendingSessionManager] Removed pending resolution: { sessionId: 'session_rapid_61', tabId: 'tab_rapid_61' }
[2m[22m
[2m      [2mat PendingSessionManagerService.remove ([22m[2msrc/lib/services/pending-session-manager.service.ts[2m:102:15)[22m[2m[22m
    [2mconsole.log[22m
      [PendingSessionManager] Added pending resolution: { sessionId: 'session_rapid_62', tabId: 'tab_rapid_62' }
[2m[22m
[2m      [2mat PendingSessionManagerService.add ([22m[2msrc/lib/services/pending-session-manager.service.ts[2m:65:13)[22m[2m[22m
    [2mconsole.log[22m
      [PendingSessionManager] Removed pending resolution: { sessionId: 'session_rapid_62', tabId: 'tab_rapid_62' }
[2m[22m
[2m      [2mat PendingSessionManagerService.remove ([22m[2msrc/lib/services/pending-session-manager.service.ts[2m:102:15)[22m[2m[22m
    [2mconsole.log[22m
      [PendingSessionManager] Added pending resolution: { sessionId: 'session_rapid_63', tabId: 'tab_rapid_63' }
[2m[22m
[2m      [2mat PendingSessionManagerService.add ([22m[2msrc/lib/services/pending-session-manager.service.ts[2m:65:13)[22m[2m[22m
    [2mconsole.log[22m
      [PendingSessionManager] Removed pending resolution: { sessionId: 'session_rapid_63', tabId: 'tab_rapid_63' }
[2m[22m
[2m      [2mat PendingSessionManagerService.remove ([22m[2msrc/lib/services/pending-session-manager.service.ts[2m:102:15)[22m[2m[22m
    [2mconsole.log[22m
      [PendingSessionManager] Added pending resolution: { sessionId: 'session_rapid_64', tabId: 'tab_rapid_64' }
[2m[22m
[2m      [2mat PendingSessionManagerService.add ([22m[2msrc/lib/services/pending-session-manager.service.ts[2m:65:13)[22m[2m[22m
    [2mconsole.log[22m
      [PendingSessionManager] Removed pending resolution: { sessionId: 'session_rapid_64', tabId: 'tab_rapid_64' }
[2m[22m
[2m      [2mat PendingSessionManagerService.remove ([22m[2msrc/lib/services/pending-session-manager.service.ts[2m:102:15)[22m[2m[22m
    [2mconsole.log[22m
      [PendingSessionManager] Added pending resolution: { sessionId: 'session_rapid_65', tabId: 'tab_rapid_65' }
[2m[22m
[2m      [2mat PendingSessionManagerService.add ([22m[2msrc/lib/services/pending-session-manager.service.ts[2m:65:13)[22m[2m[22m
    [2mconsole.log[22m
      [PendingSessionManager] Removed pending resolution: { sessionId: 'session_rapid_65', tabId: 'tab_rapid_65' }
[2m[22m
[2m      [2mat PendingSessionManagerService.remove ([22m[2msrc/lib/services/pending-session-manager.service.ts[2m:102:15)[22m[2m[22m
    [2mconsole.log[22m
      [PendingSessionManager] Added pending resolution: { sessionId: 'session_rapid_66', tabId: 'tab_rapid_66' }
[2m[22m
[2m      [2mat PendingSessionManagerService.add ([22m[2msrc/lib/services/pending-session-manager.service.ts[2m:65:13)[22m[2m[22m
    [2mconsole.log[22m
      [PendingSessionManager] Removed pending resolution: { sessionId: 'session_rapid_66', tabId: 'tab_rapid_66' }
[2m[22m
[2m      [2mat PendingSessionManagerService.remove ([22m[2msrc/lib/services/pending-session-manager.service.ts[2m:102:15)[22m[2m[22m
    [2mconsole.log[22m
      [PendingSessionManager] Added pending resolution: { sessionId: 'session_rapid_67', tabId: 'tab_rapid_67' }
[2m[22m
[2m      [2mat PendingSessionManagerService.add ([22m[2msrc/lib/services/pending-session-manager.service.ts[2m:65:13)[22m[2m[22m
    [2mconsole.log[22m
      [PendingSessionManager] Removed pending resolution: { sessionId: 'session_rapid_67', tabId: 'tab_rapid_67' }
[2m[22m
[2m      [2mat PendingSessionManagerService.remove ([22m[2msrc/lib/services/pending-session-manager.service.ts[2m:102:15)[22m[2m[22m
    [2mconsole.log[22m
      [PendingSessionManager] Added pending resolution: { sessionId: 'session_rapid_68', tabId: 'tab_rapid_68' }
[2m[22m
[2m      [2mat PendingSessionManagerService.add ([22m[2msrc/lib/services/pending-session-manager.service.ts[2m:65:13)[22m[2m[22m
    [2mconsole.log[22m
      [PendingSessionManager] Removed pending resolution: { sessionId: 'session_rapid_68', tabId: 'tab_rapid_68' }
[2m[22m
[2m      [2mat PendingSessionManagerService.remove ([22m[2msrc/lib/services/pending-session-manager.service.ts[2m:102:15)[22m[2m[22m
    [2mconsole.log[22m
      [PendingSessionManager] Added pending resolution: { sessionId: 'session_rapid_69', tabId: 'tab_rapid_69' }
[2m[22m
[2m      [2mat PendingSessionManagerService.add ([22m[2msrc/lib/services/pending-session-manager.service.ts[2m:65:13)[22m[2m[22m
    [2mconsole.log[22m
      [PendingSessionManager] Removed pending resolution: { sessionId: 'session_rapid_69', tabId: 'tab_rapid_69' }
[2m[22m
[2m      [2mat PendingSessionManagerService.remove ([22m[2msrc/lib/services/pending-session-manager.service.ts[2m:102:15)[22m[2m[22m
    [2mconsole.log[22m
      [PendingSessionManager] Added pending resolution: { sessionId: 'session_rapid_70', tabId: 'tab_rapid_70' }
[2m[22m
[2m      [2mat PendingSessionManagerService.add ([22m[2msrc/lib/services/pending-session-manager.service.ts[2m:65:13)[22m[2m[22m
    [2mconsole.log[22m
      [PendingSessionManager] Removed pending resolution: { sessionId: 'session_rapid_70', tabId: 'tab_rapid_70' }
[2m[22m
[2m      [2mat PendingSessionManagerService.remove ([22m[2msrc/lib/services/pending-session-manager.service.ts[2m:102:15)[22m[2m[22m
    [2mconsole.log[22m
      [PendingSessionManager] Added pending resolution: { sessionId: 'session_rapid_71', tabId: 'tab_rapid_71' }
[2m[22m
[2m      [2mat PendingSessionManagerService.add ([22m[2msrc/lib/services/pending-session-manager.service.ts[2m:65:13)[22m[2m[22m
    [2mconsole.log[22m
      [PendingSessionManager] Removed pending resolution: { sessionId: 'session_rapid_71', tabId: 'tab_rapid_71' }
[2m[22m
[2m      [2mat PendingSessionManagerService.remove ([22m[2msrc/lib/services/pending-session-manager.service.ts[2m:102:15)[22m[2m[22m
    [2mconsole.log[22m
      [PendingSessionManager] Added pending resolution: { sessionId: 'session_rapid_72', tabId: 'tab_rapid_72' }
[2m[22m
[2m      [2mat PendingSessionManagerService.add ([22m[2msrc/lib/services/pending-session-manager.service.ts[2m:65:13)[22m[2m[22m
    [2mconsole.log[22m
      [PendingSessionManager] Removed pending resolution: { sessionId: 'session_rapid_72', tabId: 'tab_rapid_72' }
[2m[22m
[2m      [2mat PendingSessionManagerService.remove ([22m[2msrc/lib/services/pending-session-manager.service.ts[2m:102:15)[22m[2m[22m
    [2mconsole.log[22m
      [PendingSessionManager] Added pending resolution: { sessionId: 'session_rapid_73', tabId: 'tab_rapid_73' }
[2m[22m
[2m      [2mat PendingSessionManagerService.add ([22m[2msrc/lib/services/pending-session-manager.service.ts[2m:65:13)[22m[2m[22m
    [2mconsole.log[22m
      [PendingSessionManager] Removed pending resolution: { sessionId: 'session_rapid_73', tabId: 'tab_rapid_73' }
[2m[22m
[2m      [2mat PendingSessionManagerService.remove ([22m[2msrc/lib/services/pending-session-manager.service.ts[2m:102:15)[22m[2m[22m
    [2mconsole.log[22m
      [PendingSessionManager] Added pending resolution: { sessionId: 'session_rapid_74', tabId: 'tab_rapid_74' }
[2m[22m
[2m      [2mat PendingSessionManagerService.add ([22m[2msrc/lib/services/pending-session-manager.service.ts[2m:65:13)[22m[2m[22m
    [2mconsole.log[22m
      [PendingSessionManager] Removed pending resolution: { sessionId: 'session_rapid_74', tabId: 'tab_rapid_74' }
[2m[22m
[2m      [2mat PendingSessionManagerService.remove ([22m[2msrc/lib/services/pending-session-manager.service.ts[2m:102:15)[22m[2m[22m
    [2mconsole.log[22m
      [PendingSessionManager] Added pending resolution: { sessionId: 'session_rapid_75', tabId: 'tab_rapid_75' }
[2m[22m
[2m      [2mat PendingSessionManagerService.add ([22m[2msrc/lib/services/pending-session-manager.service.ts[2m:65:13)[22m[2m[22m
    [2mconsole.log[22m
      [PendingSessionManager] Removed pending resolution: { sessionId: 'session_rapid_75', tabId: 'tab_rapid_75' }
[2m[22m
[2m      [2mat PendingSessionManagerService.remove ([22m[2msrc/lib/services/pending-session-manager.service.ts[2m:102:15)[22m[2m[22m
    [2mconsole.log[22m
      [PendingSessionManager] Added pending resolution: { sessionId: 'session_rapid_76', tabId: 'tab_rapid_76' }
[2m[22m
[2m      [2mat PendingSessionManagerService.add ([22m[2msrc/lib/services/pending-session-manager.service.ts[2m:65:13)[22m[2m[22m
    [2mconsole.log[22m
      [PendingSessionManager] Removed pending resolution: { sessionId: 'session_rapid_76', tabId: 'tab_rapid_76' }
[2m[22m
[2m      [2mat PendingSessionManagerService.remove ([22m[2msrc/lib/services/pending-session-manager.service.ts[2m:102:15)[22m[2m[22m
    [2mconsole.log[22m
      [PendingSessionManager] Added pending resolution: { sessionId: 'session_rapid_77', tabId: 'tab_rapid_77' }
[2m[22m
[2m      [2mat PendingSessionManagerService.add ([22m[2msrc/lib/services/pending-session-manager.service.ts[2m:65:13)[22m[2m[22m
    [2mconsole.log[22m
      [PendingSessionManager] Removed pending resolution: { sessionId: 'session_rapid_77', tabId: 'tab_rapid_77' }
[2m[22m
[2m      [2mat PendingSessionManagerService.remove ([22m[2msrc/lib/services/pending-session-manager.service.ts[2m:102:15)[22m[2m[22m
    [2mconsole.log[22m
      [PendingSessionManager] Added pending resolution: { sessionId: 'session_rapid_78', tabId: 'tab_rapid_78' }
[2m[22m
[2m      [2mat PendingSessionManagerService.add ([22m[2msrc/lib/services/pending-session-manager.service.ts[2m:65:13)[22m[2m[22m
    [2mconsole.log[22m
      [PendingSessionManager] Removed pending resolution: { sessionId: 'session_rapid_78', tabId: 'tab_rapid_78' }
[2m[22m
[2m      [2mat PendingSessionManagerService.remove ([22m[2msrc/lib/services/pending-session-manager.service.ts[2m:102:15)[22m[2m[22m
    [2mconsole.log[22m
      [PendingSessionManager] Added pending resolution: { sessionId: 'session_rapid_79', tabId: 'tab_rapid_79' }
[2m[22m
[2m      [2mat PendingSessionManagerService.add ([22m[2msrc/lib/services/pending-session-manager.service.ts[2m:65:13)[22m[2m[22m
    [2mconsole.log[22m
      [PendingSessionManager] Removed pending resolution: { sessionId: 'session_rapid_79', tabId: 'tab_rapid_79' }
[2m[22m
[2m      [2mat PendingSessionManagerService.remove ([22m[2msrc/lib/services/pending-session-manager.service.ts[2m:102:15)[22m[2m[22m
    [2mconsole.log[22m
      [PendingSessionManager] Added pending resolution: { sessionId: 'session_rapid_80', tabId: 'tab_rapid_80' }
[2m[22m
[2m      [2mat PendingSessionManagerService.add ([22m[2msrc/lib/services/pending-session-manager.service.ts[2m:65:13)[22m[2m[22m
    [2mconsole.log[22m
      [PendingSessionManager] Removed pending resolution: { sessionId: 'session_rapid_80', tabId: 'tab_rapid_80' }
[2m[22m
[2m      [2mat PendingSessionManagerService.remove ([22m[2msrc/lib/services/pending-session-manager.service.ts[2m:102:15)[22m[2m[22m
    [2mconsole.log[22m
      [PendingSessionManager] Added pending resolution: { sessionId: 'session_rapid_81', tabId: 'tab_rapid_81' }
[2m[22m
[2m      [2mat PendingSessionManagerService.add ([22m[2msrc/lib/services/pending-session-manager.service.ts[2m:65:13)[22m[2m[22m
    [2mconsole.log[22m
      [PendingSessionManager] Removed pending resolution: { sessionId: 'session_rapid_81', tabId: 'tab_rapid_81' }
[2m[22m
[2m      [2mat PendingSessionManagerService.remove ([22m[2msrc/lib/services/pending-session-manager.service.ts[2m:102:15)[22m[2m[22m
    [2mconsole.log[22m
      [PendingSessionManager] Added pending resolution: { sessionId: 'session_rapid_82', tabId: 'tab_rapid_82' }
[2m[22m
[2m      [2mat PendingSessionManagerService.add ([22m[2msrc/lib/services/pending-session-manager.service.ts[2m:65:13)[22m[2m[22m
    [2mconsole.log[22m
      [PendingSessionManager] Removed pending resolution: { sessionId: 'session_rapid_82', tabId: 'tab_rapid_82' }
[2m[22m
[2m      [2mat PendingSessionManagerService.remove ([22m[2msrc/lib/services/pending-session-manager.service.ts[2m:102:15)[22m[2m[22m
    [2mconsole.log[22m
      [PendingSessionManager] Added pending resolution: { sessionId: 'session_rapid_83', tabId: 'tab_rapid_83' }
[2m[22m
[2m      [2mat PendingSessionManagerService.add ([22m[2msrc/lib/services/pending-session-manager.service.ts[2m:65:13)[22m[2m[22m
    [2mconsole.log[22m
      [PendingSessionManager] Removed pending resolution: { sessionId: 'session_rapid_83', tabId: 'tab_rapid_83' }
[2m[22m
[2m      [2mat PendingSessionManagerService.remove ([22m[2msrc/lib/services/pending-session-manager.service.ts[2m:102:15)[22m[2m[22m
    [2mconsole.log[22m
      [PendingSessionManager] Added pending resolution: { sessionId: 'session_rapid_84', tabId: 'tab_rapid_84' }
[2m[22m
[2m      [2mat PendingSessionManagerService.add ([22m[2msrc/lib/services/pending-session-manager.service.ts[2m:65:13)[22m[2m[22m
    [2mconsole.log[22m
      [PendingSessionManager] Removed pending resolution: { sessionId: 'session_rapid_84', tabId: 'tab_rapid_84' }
[2m[22m
[2m      [2mat PendingSessionManagerService.remove ([22m[2msrc/lib/services/pending-session-manager.service.ts[2m:102:15)[22m[2m[22m
    [2mconsole.log[22m
      [PendingSessionManager] Added pending resolution: { sessionId: 'session_rapid_85', tabId: 'tab_rapid_85' }
[2m[22m
[2m      [2mat PendingSessionManagerService.add ([22m[2msrc/lib/services/pending-session-manager.service.ts[2m:65:13)[22m[2m[22m
    [2mconsole.log[22m
      [PendingSessionManager] Removed pending resolution: { sessionId: 'session_rapid_85', tabId: 'tab_rapid_85' }
[2m[22m
[2m      [2mat PendingSessionManagerService.remove ([22m[2msrc/lib/services/pending-session-manager.service.ts[2m:102:15)[22m[2m[22m
    [2mconsole.log[22m
      [PendingSessionManager] Added pending resolution: { sessionId: 'session_rapid_86', tabId: 'tab_rapid_86' }
[2m[22m
[2m      [2mat PendingSessionManagerService.add ([22m[2msrc/lib/services/pending-session-manager.service.ts[2m:65:13)[22m[2m[22m
    [2mconsole.log[22m
      [PendingSessionManager] Removed pending resolution: { sessionId: 'session_rapid_86', tabId: 'tab_rapid_86' }
[2m[22m
[2m      [2mat PendingSessionManagerService.remove ([22m[2msrc/lib/services/pending-session-manager.service.ts[2m:102:15)[22m[2m[22m
    [2mconsole.log[22m
      [PendingSessionManager] Added pending resolution: { sessionId: 'session_rapid_87', tabId: 'tab_rapid_87' }
[2m[22m
[2m      [2mat PendingSessionManagerService.add ([22m[2msrc/lib/services/pending-session-manager.service.ts[2m:65:13)[22m[2m[22m
    [2mconsole.log[22m
      [PendingSessionManager] Removed pending resolution: { sessionId: 'session_rapid_87', tabId: 'tab_rapid_87' }
[2m[22m
[2m      [2mat PendingSessionManagerService.remove ([22m[2msrc/lib/services/pending-session-manager.service.ts[2m:102:15)[22m[2m[22m
    [2mconsole.log[22m
      [PendingSessionManager] Added pending resolution: { sessionId: 'session_rapid_88', tabId: 'tab_rapid_88' }
[2m[22m
[2m      [2mat PendingSessionManagerService.add ([22m[2msrc/lib/services/pending-session-manager.service.ts[2m:65:13)[22m[2m[22m
    [2mconsole.log[22m
      [PendingSessionManager] Removed pending resolution: { sessionId: 'session_rapid_88', tabId: 'tab_rapid_88' }
[2m[22m
[2m      [2mat PendingSessionManagerService.remove ([22m[2msrc/lib/services/pending-session-manager.service.ts[2m:102:15)[22m[2m[22m
    [2mconsole.log[22m
      [PendingSessionManager] Added pending resolution: { sessionId: 'session_rapid_89', tabId: 'tab_rapid_89' }
[2m[22m
[2m      [2mat PendingSessionManagerService.add ([22m[2msrc/lib/services/pending-session-manager.service.ts[2m:65:13)[22m[2m[22m
    [2mconsole.log[22m
      [PendingSessionManager] Removed pending resolution: { sessionId: 'session_rapid_89', tabId: 'tab_rapid_89' }
[2m[22m
[2m      [2mat PendingSessionManagerService.remove ([22m[2msrc/lib/services/pending-session-manager.service.ts[2m:102:15)[22m[2m[22m
    [2mconsole.log[22m
      [PendingSessionManager] Added pending resolution: { sessionId: 'session_rapid_90', tabId: 'tab_rapid_90' }
[2m[22m
[2m      [2mat PendingSessionManagerService.add ([22m[2msrc/lib/services/pending-session-manager.service.ts[2m:65:13)[22m[2m[22m
    [2mconsole.log[22m
      [PendingSessionManager] Removed pending resolution: { sessionId: 'session_rapid_90', tabId: 'tab_rapid_90' }
[2m[22m
[2m      [2mat PendingSessionManagerService.remove ([22m[2msrc/lib/services/pending-session-manager.service.ts[2m:102:15)[22m[2m[22m
    [2mconsole.log[22m
      [PendingSessionManager] Added pending resolution: { sessionId: 'session_rapid_91', tabId: 'tab_rapid_91' }
[2m[22m
[2m      [2mat PendingSessionManagerService.add ([22m[2msrc/lib/services/pending-session-manager.service.ts[2m:65:13)[22m[2m[22m
    [2mconsole.log[22m
      [PendingSessionManager] Removed pending resolution: { sessionId: 'session_rapid_91', tabId: 'tab_rapid_91' }
[2m[22m
[2m      [2mat PendingSessionManagerService.remove ([22m[2msrc/lib/services/pending-session-manager.service.ts[2m:102:15)[22m[2m[22m
    [2mconsole.log[22m
      [PendingSessionManager] Added pending resolution: { sessionId: 'session_rapid_92', tabId: 'tab_rapid_92' }
[2m[22m
[2m      [2mat PendingSessionManagerService.add ([22m[2msrc/lib/services/pending-session-manager.service.ts[2m:65:13)[22m[2m[22m
    [2mconsole.log[22m
      [PendingSessionManager] Removed pending resolution: { sessionId: 'session_rapid_92', tabId: 'tab_rapid_92' }
[2m[22m
[2m      [2mat PendingSessionManagerService.remove ([22m[2msrc/lib/services/pending-session-manager.service.ts[2m:102:15)[22m[2m[22m
    [2mconsole.log[22m
      [PendingSessionManager] Added pending resolution: { sessionId: 'session_rapid_93', tabId: 'tab_rapid_93' }
[2m[22m
[2m      [2mat PendingSessionManagerService.add ([22m[2msrc/lib/services/pending-session-manager.service.ts[2m:65:13)[22m[2m[22m
    [2mconsole.log[22m
      [PendingSessionManager] Removed pending resolution: { sessionId: 'session_rapid_93', tabId: 'tab_rapid_93' }
[2m[22m
[2m      [2mat PendingSessionManagerService.remove ([22m[2msrc/lib/services/pending-session-manager.service.ts[2m:102:15)[22m[2m[22m
    [2mconsole.log[22m
      [PendingSessionManager] Added pending resolution: { sessionId: 'session_rapid_94', tabId: 'tab_rapid_94' }
[2m[22m
[2m      [2mat PendingSessionManagerService.add ([22m[2msrc/lib/services/pending-session-manager.service.ts[2m:65:13)[22m[2m[22m
    [2mconsole.log[22m
      [PendingSessionManager] Removed pending resolution: { sessionId: 'session_rapid_94', tabId: 'tab_rapid_94' }
[2m[22m
[2m      [2mat PendingSessionManagerService.remove ([22m[2msrc/lib/services/pending-session-manager.service.ts[2m:102:15)[22m[2m[22m
    [2mconsole.log[22m
      [PendingSessionManager] Added pending resolution: { sessionId: 'session_rapid_95', tabId: 'tab_rapid_95' }
[2m[22m
[2m      [2mat PendingSessionManagerService.add ([22m[2msrc/lib/services/pending-session-manager.service.ts[2m:65:13)[22m[2m[22m
    [2mconsole.log[22m
      [PendingSessionManager] Removed pending resolution: { sessionId: 'session_rapid_95', tabId: 'tab_rapid_95' }
[2m[22m
[2m      [2mat PendingSessionManagerService.remove ([22m[2msrc/lib/services/pending-session-manager.service.ts[2m:102:15)[22m[2m[22m
    [2mconsole.log[22m
      [PendingSessionManager] Added pending resolution: { sessionId: 'session_rapid_96', tabId: 'tab_rapid_96' }
[2m[22m
[2m      [2mat PendingSessionManagerService.add ([22m[2msrc/lib/services/pending-session-manager.service.ts[2m:65:13)[22m[2m[22m
    [2mconsole.log[22m
      [PendingSessionManager] Removed pending resolution: { sessionId: 'session_rapid_96', tabId: 'tab_rapid_96' }
[2m[22m
[2m      [2mat PendingSessionManagerService.remove ([22m[2msrc/lib/services/pending-session-manager.service.ts[2m:102:15)[22m[2m[22m
    [2mconsole.log[22m
      [PendingSessionManager] Added pending resolution: { sessionId: 'session_rapid_97', tabId: 'tab_rapid_97' }
[2m[22m
[2m      [2mat PendingSessionManagerService.add ([22m[2msrc/lib/services/pending-session-manager.service.ts[2m:65:13)[22m[2m[22m
    [2mconsole.log[22m
      [PendingSessionManager] Removed pending resolution: { sessionId: 'session_rapid_97', tabId: 'tab_rapid_97' }
[2m[22m
[2m      [2mat PendingSessionManagerService.remove ([22m[2msrc/lib/services/pending-session-manager.service.ts[2m:102:15)[22m[2m[22m
    [2mconsole.log[22m
      [PendingSessionManager] Added pending resolution: { sessionId: 'session_rapid_98', tabId: 'tab_rapid_98' }
[2m[22m
[2m      [2mat PendingSessionManagerService.add ([22m[2msrc/lib/services/pending-session-manager.service.ts[2m:65:13)[22m[2m[22m
    [2mconsole.log[22m
      [PendingSessionManager] Removed pending resolution: { sessionId: 'session_rapid_98', tabId: 'tab_rapid_98' }
[2m[22m
[2m      [2mat PendingSessionManagerService.remove ([22m[2msrc/lib/services/pending-session-manager.service.ts[2m:102:15)[22m[2m[22m
    [2mconsole.log[22m
      [PendingSessionManager] Added pending resolution: { sessionId: 'session_rapid_99', tabId: 'tab_rapid_99' }
[2m[22m
[2m      [2mat PendingSessionManagerService.add ([22m[2msrc/lib/services/pending-session-manager.service.ts[2m:65:13)[22m[2m[22m
    [2mconsole.log[22m
      [PendingSessionManager] Removed pending resolution: { sessionId: 'session_rapid_99', tabId: 'tab_rapid_99' }
[2m[22m
[2m      [2mat PendingSessionManagerService.remove ([22m[2msrc/lib/services/pending-session-manager.service.ts[2m:102:15)[22m[2m[22m
    [2mconsole.log[22m
      [PendingSessionManager] Added pending resolution: { sessionId: 'session_1', tabId: 'tab_1' }
[2m[22m
[2m      [2mat PendingSessionManagerService.add ([22m[2msrc/lib/services/pending-session-manager.service.ts[2m:65:13)[22m[2m[22m
[2m          at Array.forEach (<anonymous>)[22m
    [2mconsole.log[22m
      [PendingSessionManager] Added pending resolution: { sessionId: 'session_2', tabId: 'tab_2' }
[2m[22m
[2m      [2mat PendingSessionManagerService.add ([22m[2msrc/lib/services/pending-session-manager.service.ts[2m:65:13)[22m[2m[22m
[2m          at Array.forEach (<anonymous>)[22m
    [2mconsole.log[22m
      [PendingSessionManager] Added pending resolution: { sessionId: 'session_3', tabId: 'tab_3' }
[2m[22m
[2m      [2mat PendingSessionManagerService.add ([22m[2msrc/lib/services/pending-session-manager.service.ts[2m:65:13)[22m[2m[22m
[2m          at Array.forEach (<anonymous>)[22m
    [2mconsole.log[22m
      [PendingSessionManager] Removed pending resolution: { sessionId: 'session_2', tabId: 'tab_2' }
[2m[22m
[2m      [2mat PendingSessionManagerService.remove ([22m[2msrc/lib/services/pending-session-manager.service.ts[2m:102:15)[22m[2m[22m
    [2mconsole.log[22m
      [PendingSessionManager] Added pending resolution: { sessionId: 'session_clear_timeout', tabId: 'tab_clear' }
[2m[22m
[2m      [2mat PendingSessionManagerService.add ([22m[2msrc/lib/services/pending-session-manager.service.ts[2m:65:13)[22m[2m[22m
    [2mconsole.log[22m
      [PendingSessionManager] Removed pending resolution: { sessionId: 'session_clear_timeout', tabId: 'tab_clear' }
[2m[22m
[2m      [2mat PendingSessionManagerService.remove ([22m[2msrc/lib/services/pending-session-manager.service.ts[2m:102:15)[22m[2m[22m
    [2mconsole.log[22m
      [PendingSessionManager] Added pending resolution: { sessionId: '', tabId: 'tab_empty' }
[2m[22m
[2m      [2mat PendingSessionManagerService.add ([22m[2msrc/lib/services/pending-session-manager.service.ts[2m:65:13)[22m[2m[22m
    [2mconsole.log[22m
      [PendingSessionManager] Removed pending resolution: { sessionId: '', tabId: 'tab_empty' }
[2m[22m
[2m      [2mat PendingSessionManagerService.remove ([22m[2msrc/lib/services/pending-session-manager.service.ts[2m:102:15)[22m[2m[22m
    [2mconsole.log[22m
      [PendingSessionManager] Added pending resolution: { sessionId: 'session_empty_tab', tabId: '' }
[2m[22m
[2m      [2mat PendingSessionManagerService.add ([22m[2msrc/lib/services/pending-session-manager.service.ts[2m:65:13)[22m[2m[22m
    [2mconsole.log[22m
      [PendingSessionManager] Added pending resolution: { sessionId: 'session_lifecycle_success', tabId: 'tab_lifecycle' }
[2m[22m
[2m      [2mat PendingSessionManagerService.add ([22m[2msrc/lib/services/pending-session-manager.service.ts[2m:65:13)[22m[2m[22m
    [2mconsole.log[22m
      [PendingSessionManager] Removed pending resolution: { sessionId: 'session_lifecycle_success', tabId: 'tab_lifecycle' }
[2m[22m
[2m      [2mat PendingSessionManagerService.remove ([22m[2msrc/lib/services/pending-session-manager.service.ts[2m:102:15)[22m[2m[22m
    [2mconsole.log[22m
      [PendingSessionManager] Added pending resolution: { sessionId: 'session_lifecycle_failure', tabId: 'tab_failure' }
[2m[22m
[2m      [2mat PendingSessionManagerService.add ([22m[2msrc/lib/services/pending-session-manager.service.ts[2m:65:13)[22m[2m[22m
    [2mconsole.log[22m
      [PendingSessionManager] Removed pending resolution: { sessionId: 'session_lifecycle_failure', tabId: 'tab_failure' }
[2m[22m
[2m      [2mat PendingSessionManagerService.remove ([22m[2msrc/lib/services/pending-session-manager.service.ts[2m:102:15)[22m[2m[22m
    [2mconsole.log[22m
      [PendingSessionManager] Added pending resolution: { sessionId: 'session_timeout_scenario', tabId: 'tab_timeout' }
[2m[22m
[2m      [2mat PendingSessionManagerService.add ([22m[2msrc/lib/services/pending-session-manager.service.ts[2m:65:13)[22m[2m[22m
[1m[31m  [1m● [22m[1mPendingSessionManagerService › should auto-cleanup after 60 seconds timeout[39m[22m
    [2mexpect([22m[31mreceived[39m[2m).[22mtoBe[2m([22m[32mexpected[39m[2m) // Object.is equality[22m
    Expected: [32mfalse[39m
    Received: [31mtrue[39m
[2m[22m
[2m    [0m [90m 119 |[39m[22m
[2m     [90m 120 |[39m     [90m// Verify timeout fired and cleaned up[39m[22m
[2m    [31m[1m>[22m[2m[39m[90m 121 |[39m     expect(service[33m.[39mhas(sessionId))[33m.[39mtoBe([36mfalse[39m)[33m;[39m[22m
[2m     [90m     |[39m                                    [31m[1m^[22m[2m[39m[22m
[2m     [90m 122 |[39m     expect(service[33m.[39m[36mget[39m(sessionId))[33m.[39mtoBeUndefined()[33m;[39m[22m
[2m     [90m 123 |[39m[22m
[2m     [90m 124 |[39m     [90m// Verify warning was logged[39m[0m[22m
[2m[22m
[2m      [2mat [22m[2m[0m[36msrc/lib/services/pending-session-manager.service.spec.ts[39m[0m[2m:121:36[22m[2m[22m
[2m      [2mat _ZoneDelegate.invoke ([22m[2m../../../node_modules/zone.js/bundles/zone.umd.js[2m:410:32)[22m[2m[22m
[2m      [2mat ProxyZoneSpec.onInvoke ([22m[2m../../../node_modules/zone.js/bundles/zone-testing.umd.js[2m:2219:43)[22m[2m[22m
[2m      [2mat _ZoneDelegate.invoke ([22m[2m../../../node_modules/zone.js/bundles/zone.umd.js[2m:409:38)[22m[2m[22m
[2m      [2mat ZoneImpl.run ([22m[2m../../../node_modules/zone.js/bundles/zone.umd.js[2m:145:47)[22m[2m[22m
[2m      [2mat Object.wrappedFunc ([22m[2m../../../node_modules/zone.js/bundles/zone-testing.umd.js[2m:449:38)[22m[2m[22m
[1m[31m  [1m● [22m[1mPendingSessionManagerService › should log warning message on timeout[39m[22m
    [2mexpect([22m[31mjest.fn()[39m[2m).[22mtoHaveBeenCalledWith[2m([22m[32m...expected[39m[2m)[22m
    Expected: [32mStringContaining "[PendingSessionManager] Timeout for session: session_timeout_test"[39m
    Number of calls: [31m0[39m
[2m[22m
[2m    [0m [90m 143 |[39m[22m
[2m     [90m 144 |[39m     [90m// Verify warning message format[39m[22m
[2m    [31m[1m>[22m[2m[39m[90m 145 |[39m     expect(consoleWarnSpy)[33m.[39mtoHaveBeenCalledWith([22m
[2m     [90m     |[39m                            [31m[1m^[22m[2m[39m[22m
[2m     [90m 146 |[39m       expect[33m.[39mstringContaining([22m
[2m     [90m 147 |[39m         [32m'[PendingSessionManager] Timeout for session: session_timeout_test'[39m[22m
[2m     [90m 148 |[39m       )[0m[22m
[2m[22m
[2m      [2mat [22m[2m[0m[36msrc/lib/services/pending-session-manager.service.spec.ts[39m[0m[2m:145:28[22m[2m[22m
[2m      [2mat _ZoneDelegate.invoke ([22m[2m../../../node_modules/zone.js/bundles/zone.umd.js[2m:410:32)[22m[2m[22m
[2m      [2mat ProxyZoneSpec.onInvoke ([22m[2m../../../node_modules/zone.js/bundles/zone-testing.umd.js[2m:2219:43)[22m[2m[22m
[2m      [2mat _ZoneDelegate.invoke ([22m[2m../../../node_modules/zone.js/bundles/zone.umd.js[2m:409:38)[22m[2m[22m
[2m      [2mat ZoneImpl.run ([22m[2m../../../node_modules/zone.js/bundles/zone.umd.js[2m:145:47)[22m[2m[22m
[2m      [2mat Object.wrappedFunc ([22m[2m../../../node_modules/zone.js/bundles/zone-testing.umd.js[2m:449:38)[22m[2m[22m
[1m[31m  [1m● [22m[1mPendingSessionManagerService › should handle multiple concurrent pending sessions[39m[22m
    [2mexpect([22m[31mreceived[39m[2m).[22mtoBe[2m([22m[32mexpected[39m[2m) // Object.is equality[22m
    Expected: [32mfalse[39m
    Received: [31mtrue[39m
[2m[22m
[2m    [0m [90m 233 |[39m[22m
[2m     [90m 234 |[39m     [90m// Only session_1 and session_3 should timeout (session_2 was removed early)[39m[22m
[2m    [31m[1m>[22m[2m[39m[90m 235 |[39m     expect(service[33m.[39mhas([32m'session_1'[39m))[33m.[39mtoBe([36mfalse[39m)[33m;[39m[22m
[2m     [90m     |[39m                                      [31m[1m^[22m[2m[39m[22m
[2m     [90m 236 |[39m     expect(service[33m.[39mhas([32m'session_3'[39m))[33m.[39mtoBe([36mfalse[39m)[33m;[39m[22m
[2m     [90m 237 |[39m   })[33m;[39m[22m
[2m     [90m 238 |[39m[0m[22m
[2m[22m
[2m      [2mat [22m[2m[0m[36msrc/lib/services/pending-session-manager.service.spec.ts[39m[0m[2m:235:38[22m[2m[22m
[2m      [2mat _ZoneDelegate.invoke ([22m[2m../../../node_modules/zone.js/bundles/zone.umd.js[2m:410:32)[22m[2m[22m
[2m      [2mat ProxyZoneSpec.onInvoke ([22m[2m../../../node_modules/zone.js/bundles/zone-testing.umd.js[2m:2219:43)[22m[2m[22m
[2m      [2mat _ZoneDelegate.invoke ([22m[2m../../../node_modules/zone.js/bundles/zone.umd.js[2m:409:38)[22m[2m[22m
[2m      [2mat ZoneImpl.run ([22m[2m../../../node_modules/zone.js/bundles/zone.umd.js[2m:145:47)[22m[2m[22m
[2m      [2mat Object.wrappedFunc ([22m[2m../../../node_modules/zone.js/bundles/zone-testing.umd.js[2m:449:38)[22m[2m[22m
[1m[31m  [1m● [22m[1mPendingSessionManagerService › should simulate timeout scenario: add -> never resolved -> auto-cleanup[39m[22m
    [2mexpect([22m[31mreceived[39m[2m).[22mtoBe[2m([22m[32mexpected[39m[2m) // Object.is equality[22m
    Expected: [32mfalse[39m
    Received: [31mtrue[39m
[2m[22m
[2m    [0m [90m 349 |[39m[22m
[2m     [90m 350 |[39m     [90m// Step 3: Verify auto-cleanup fired[39m[22m
[2m    [31m[1m>[22m[2m[39m[90m 351 |[39m     expect(service[33m.[39mhas(sessionId))[33m.[39mtoBe([36mfalse[39m)[33m;[39m[22m
[2m     [90m     |[39m                                    [31m[1m^[22m[2m[39m[22m
[2m     [90m 352 |[39m     expect(consoleWarnSpy)[33m.[39mtoHaveBeenCalledWith([22m
[2m     [90m 353 |[39m       expect[33m.[39mstringContaining([32m'Timeout for session: session_timeout_scenario'[39m)[22m
[2m     [90m 354 |[39m     )[33m;[39m[0m[22m
[2m[22m
[2m      [2mat [22m[2m[0m[36msrc/lib/services/pending-session-manager.service.spec.ts[39m[0m[2m:351:36[22m[2m[22m
[2m      [2mat _ZoneDelegate.invoke ([22m[2m../../../node_modules/zone.js/bundles/zone.umd.js[2m:410:32)[22m[2m[22m
[2m      [2mat ProxyZoneSpec.onInvoke ([22m[2m../../../node_modules/zone.js/bundles/zone-testing.umd.js[2m:2219:43)[22m[2m[22m
[2m      [2mat _ZoneDelegate.invoke ([22m[2m../../../node_modules/zone.js/bundles/zone.umd.js[2m:409:38)[22m[2m[22m
[2m      [2mat ZoneImpl.run ([22m[2m../../../node_modules/zone.js/bundles/zone.umd.js[2m:145:47)[22m[2m[22m
[2m      [2mat Object.wrappedFunc ([22m[2m../../../node_modules/zone.js/bundles/zone-testing.umd.js[2m:449:38)[22m[2m[22m
[0m[7m[1m[31m FAIL [39m[22m[27m[0m [0m[7m[37m chat [39m[27m[0m [2mlibs/frontend/chat/src/lib/services/[22m[1mmessage-validation.service.spec.ts[22m
[1m[31m  [1m● [22m[1mMessageValidationService › Rule 5: Alphanumeric content check › should reject punctuation-only content (single exclamation)[39m[22m
    [2mexpect([22m[31mreceived[39m[2m).[22mtoContain[2m([22m[32mexpected[39m[2m) // indexOf[22m
    Expected substring: [32m"alphanumeric"[39m
    Received string:    [31m"Message content must contain at least one letter or number"[39m
[2m[22m
[2m    [0m [90m 176 |[39m[22m
[2m     [90m 177 |[39m       expect(result[33m.[39mvalid)[33m.[39mtoBe([36mfalse[39m)[33m;[39m[22m
[2m    [31m[1m>[22m[2m[39m[90m 178 |[39m       expect(result[33m.[39mreason)[33m.[39mtoContain([32m'alphanumeric'[39m)[33m;[39m[22m
[2m     [90m     |[39m                             [31m[1m^[22m[2m[39m[22m
[2m     [90m 179 |[39m     })[33m;[39m[22m
[2m     [90m 180 |[39m[22m
[2m     [90m 181 |[39m     it([32m'should reject punctuation-only content (multiple symbols)'[39m[33m,[39m () [33m=>[39m {[0m[22m
[2m[22m
[2m      [2mat [22m[2m[0m[36msrc/lib/services/message-validation.service.spec.ts[39m[0m[2m:178:29[22m[2m[22m
[2m      [2mat _ZoneDelegate.invoke ([22m[2m../../../node_modules/zone.js/bundles/zone.umd.js[2m:410:32)[22m[2m[22m
[2m      [2mat ProxyZoneSpec.onInvoke ([22m[2m../../../node_modules/zone.js/bundles/zone-testing.umd.js[2m:2219:43)[22m[2m[22m
[2m      [2mat _ZoneDelegate.invoke ([22m[2m../../../node_modules/zone.js/bundles/zone.umd.js[2m:409:38)[22m[2m[22m
[2m      [2mat ZoneImpl.run ([22m[2m../../../node_modules/zone.js/bundles/zone.umd.js[2m:145:47)[22m[2m[22m
[2m      [2mat Object.wrappedFunc ([22m[2m../../../node_modules/zone.js/bundles/zone-testing.umd.js[2m:449:38)[22m[2m[22m
[1m[31m  [1m● [22m[1mMessageValidationService › Rule 5: Alphanumeric content check › should reject punctuation-only content (multiple symbols)[39m[22m
    [2mexpect([22m[31mreceived[39m[2m).[22mtoContain[2m([22m[32mexpected[39m[2m) // indexOf[22m
    Expected substring: [32m"alphanumeric"[39m
    Received string:    [31m"Message content must contain at least one letter or number"[39m
[2m[22m
[2m    [0m [90m 183 |[39m[22m
[2m     [90m 184 |[39m       expect(result[33m.[39mvalid)[33m.[39mtoBe([36mfalse[39m)[33m;[39m[22m
[2m    [31m[1m>[22m[2m[39m[90m 185 |[39m       expect(result[33m.[39mreason)[33m.[39mtoContain([32m'alphanumeric'[39m)[33m;[39m[22m
[2m     [90m     |[39m                             [31m[1m^[22m[2m[39m[22m
[2m     [90m 186 |[39m     })[33m;[39m[22m
[2m     [90m 187 |[39m[22m
[2m     [90m 188 |[39m     it([32m'should reject emoji-only content'[39m[33m,[39m () [33m=>[39m {[0m[22m
[2m[22m
[2m      [2mat [22m[2m[0m[36msrc/lib/services/message-validation.service.spec.ts[39m[0m[2m:185:29[22m[2m[22m
[2m      [2mat _ZoneDelegate.invoke ([22m[2m../../../node_modules/zone.js/bundles/zone.umd.js[2m:410:32)[22m[2m[22m
[2m      [2mat ProxyZoneSpec.onInvoke ([22m[2m../../../node_modules/zone.js/bundles/zone-testing.umd.js[2m:2219:43)[22m[2m[22m
[2m      [2mat _ZoneDelegate.invoke ([22m[2m../../../node_modules/zone.js/bundles/zone.umd.js[2m:409:38)[22m[2m[22m
[2m      [2mat ZoneImpl.run ([22m[2m../../../node_modules/zone.js/bundles/zone.umd.js[2m:145:47)[22m[2m[22m
[2m      [2mat Object.wrappedFunc ([22m[2m../../../node_modules/zone.js/bundles/zone-testing.umd.js[2m:449:38)[22m[2m[22m
[1m[31m  [1m● [22m[1mMessageValidationService › Rule 5: Alphanumeric content check › should reject emoji-only content[39m[22m
    [2mexpect([22m[31mreceived[39m[2m).[22mtoContain[2m([22m[32mexpected[39m[2m) // indexOf[22m
    Expected substring: [32m"alphanumeric"[39m
    Received string:    [31m"Message content must contain at least one letter or number"[39m
[2m[22m
[2m    [0m [90m 190 |[39m[22m
[2m     [90m 191 |[39m       expect(result[33m.[39mvalid)[33m.[39mtoBe([36mfalse[39m)[33m;[39m[22m
[2m    [31m[1m>[22m[2m[39m[90m 192 |[39m       expect(result[33m.[39mreason)[33m.[39mtoContain([32m'alphanumeric'[39m)[33m;[39m[22m
[2m     [90m     |[39m                             [31m[1m^[22m[2m[39m[22m
[2m     [90m 193 |[39m     })[33m;[39m[22m
[2m     [90m 194 |[39m[22m
[2m     [90m 195 |[39m     it([32m'should reject special characters only'[39m[33m,[39m () [33m=>[39m {[0m[22m
[2m[22m
[2m      [2mat [22m[2m[0m[36msrc/lib/services/message-validation.service.spec.ts[39m[0m[2m:192:29[22m[2m[22m
[2m      [2mat _ZoneDelegate.invoke ([22m[2m../../../node_modules/zone.js/bundles/zone.umd.js[2m:410:32)[22m[2m[22m
[2m      [2mat ProxyZoneSpec.onInvoke ([22m[2m../../../node_modules/zone.js/bundles/zone-testing.umd.js[2m:2219:43)[22m[2m[22m
[2m      [2mat _ZoneDelegate.invoke ([22m[2m../../../node_modules/zone.js/bundles/zone.umd.js[2m:409:38)[22m[2m[22m
[2m      [2mat ZoneImpl.run ([22m[2m../../../node_modules/zone.js/bundles/zone.umd.js[2m:145:47)[22m[2m[22m
[2m      [2mat Object.wrappedFunc ([22m[2m../../../node_modules/zone.js/bundles/zone-testing.umd.js[2m:449:38)[22m[2m[22m
[1m[31m  [1m● [22m[1mMessageValidationService › Rule 5: Alphanumeric content check › should reject special characters only[39m[22m
    [2mexpect([22m[31mreceived[39m[2m).[22mtoContain[2m([22m[32mexpected[39m[2m) // indexOf[22m
    Expected substring: [32m"alphanumeric"[39m
    Received string:    [31m"Message content must contain at least one letter or number"[39m
[2m[22m
[2m    [0m [90m 197 |[39m[22m
[2m     [90m 198 |[39m       expect(result[33m.[39mvalid)[33m.[39mtoBe([36mfalse[39m)[33m;[39m[22m
[2m    [31m[1m>[22m[2m[39m[90m 199 |[39m       expect(result[33m.[39mreason)[33m.[39mtoContain([32m'alphanumeric'[39m)[33m;[39m[22m
[2m     [90m     |[39m                             [31m[1m^[22m[2m[39m[22m
[2m     [90m 200 |[39m     })[33m;[39m[22m
[2m     [90m 201 |[39m[22m
[2m     [90m 202 |[39m     it([32m'should accept content with letters'[39m[33m,[39m () [33m=>[39m {[0m[22m
[2m[22m
[2m      [2mat [22m[2m[0m[36msrc/lib/services/message-validation.service.spec.ts[39m[0m[2m:199:29[22m[2m[22m
[2m      [2mat _ZoneDelegate.invoke ([22m[2m../../../node_modules/zone.js/bundles/zone.umd.js[2m:410:32)[22m[2m[22m
[2m      [2mat ProxyZoneSpec.onInvoke ([22m[2m../../../node_modules/zone.js/bundles/zone-testing.umd.js[2m:2219:43)[22m[2m[22m
[2m      [2mat _ZoneDelegate.invoke ([22m[2m../../../node_modules/zone.js/bundles/zone.umd.js[2m:409:38)[22m[2m[22m
[2m      [2mat ZoneImpl.run ([22m[2m../../../node_modules/zone.js/bundles/zone.umd.js[2m:145:47)[22m[2m[22m
[2m      [2mat Object.wrappedFunc ([22m[2m../../../node_modules/zone.js/bundles/zone-testing.umd.js[2m:449:38)[22m[2m[22m
[1m[31m  [1m● [22m[1mMessageValidationService › Edge cases › should handle Unicode characters[39m[22m
    [2mexpect([22m[31mreceived[39m[2m).[22mtoBe[2m([22m[32mexpected[39m[2m) // Object.is equality[22m
    Expected: [32mfalse[39m
    Received: [31mtrue[39m
[2m[22m
[2m    [0m [90m 343 |[39m       [36mconst[39m result [33m=[39m service[33m.[39mvalidate([32m'こんにちは世界'[39m)[33m;[39m [90m// Japanese[39m[22m
[2m     [90m 344 |[39m[22m
[2m    [31m[1m>[22m[2m[39m[90m 345 |[39m       expect(result[33m.[39mvalid)[33m.[39mtoBe([36mfalse[39m)[33m;[39m [90m// No alphanumeric (a-z, A-Z, 0-9)[39m[22m
[2m     [90m     |[39m                            [31m[1m^[22m[2m[39m[22m
[2m     [90m 346 |[39m       expect(result[33m.[39mreason)[33m.[39mtoContain([32m'alphanumeric'[39m)[33m;[39m[22m
[2m     [90m 347 |[39m     })[33m;[39m[22m
[2m     [90m 348 |[39m[0m[22m
[2m[22m
[2m      [2mat [22m[2m[0m[36msrc/lib/services/message-validation.service.spec.ts[39m[0m[2m:345:28[22m[2m[22m
[2m      [2mat _ZoneDelegate.invoke ([22m[2m../../../node_modules/zone.js/bundles/zone.umd.js[2m:410:32)[22m[2m[22m
[2m      [2mat ProxyZoneSpec.onInvoke ([22m[2m../../../node_modules/zone.js/bundles/zone-testing.umd.js[2m:2219:43)[22m[2m[22m
[2m      [2mat _ZoneDelegate.invoke ([22m[2m../../../node_modules/zone.js/bundles/zone.umd.js[2m:409:38)[22m[2m[22m
[2m      [2mat ZoneImpl.run ([22m[2m../../../node_modules/zone.js/bundles/zone.umd.js[2m:145:47)[22m[2m[22m
[2m      [2mat Object.wrappedFunc ([22m[2m../../../node_modules/zone.js/bundles/zone-testing.umd.js[2m:449:38)[22m[2m[22m
[1m[31m  [1m● [22m[1mMessageValidationService › Edge cases › should handle zero-width characters[39m[22m
    [2mexpect([22m[31mreceived[39m[2m).[22mtoContain[2m([22m[32mexpected[39m[2m) // indexOf[22m
    Expected substring: [32m"alphanumeric"[39m
    Received string:    [31m"Message content must contain at least one letter or number"[39m
[2m[22m
[2m    [0m [90m 357 |[39m[22m
[2m     [90m 358 |[39m       expect(result[33m.[39mvalid)[33m.[39mtoBe([36mfalse[39m)[33m;[39m[22m
[2m    [31m[1m>[22m[2m[39m[90m 359 |[39m       expect(result[33m.[39mreason)[33m.[39mtoContain([32m'alphanumeric'[39m)[33m;[39m[22m
[2m     [90m     |[39m                             [31m[1m^[22m[2m[39m[22m
[2m     [90m 360 |[39m     })[33m;[39m[22m
[2m     [90m 361 |[39m   })[33m;[39m[22m
[2m     [90m 362 |[39m })[33m;[39m[0m[22m
[2m[22m
[2m      [2mat [22m[2m[0m[36msrc/lib/services/message-validation.service.spec.ts[39m[0m[2m:359:29[22m[2m[22m
[2m      [2mat _ZoneDelegate.invoke ([22m[2m../../../node_modules/zone.js/bundles/zone.umd.js[2m:410:32)[22m[2m[22m
[2m      [2mat ProxyZoneSpec.onInvoke ([22m[2m../../../node_modules/zone.js/bundles/zone-testing.umd.js[2m:2219:43)[22m[2m[22m
[2m      [2mat _ZoneDelegate.invoke ([22m[2m../../../node_modules/zone.js/bundles/zone.umd.js[2m:409:38)[22m[2m[22m
[2m      [2mat ZoneImpl.run ([22m[2m../../../node_modules/zone.js/bundles/zone.umd.js[2m:145:47)[22m[2m[22m
[2m      [2mat Object.wrappedFunc ([22m[2m../../../node_modules/zone.js/bundles/zone-testing.umd.js[2m:449:38)[22m[2m[22m
[0m[7m[1m[31m FAIL [39m[22m[27m[0m [0m[7m[37m chat [39m[27m[0m [2mlibs/frontend/chat/src/lib/services/[22m[1msession-manager.service.spec.ts[22m
  [1m● [22mTest suite failed to run
    [96mlibs/frontend/chat/src/lib/services/session-manager.service.spec.ts[0m:[93m72[0m:[93m20[0m - [91merror[0m[90m TS2339: [0mProperty 'claudeSessionId' does not exist on type 'SessionManager'.
    [7m72[0m     expect(service.claudeSessionId()).toBe(confirmedId);
    [7m  [0m [91m                   ~~~~~~~~~~~~~~~[0m
    [96mlibs/frontend/chat/src/lib/services/session-manager.service.spec.ts[0m:[93m226[0m:[93m20[0m - [91merror[0m[90m TS2339: [0mProperty 'claudeSessionId' does not exist on type 'SessionManager'.
    [7m226[0m     expect(service.claudeSessionId()).toBeNull();
    [7m   [0m [91m                   ~~~~~~~~~~~~~~~[0m
    [96mlibs/frontend/chat/src/lib/services/session-manager.service.spec.ts[0m:[93m254[0m:[93m20[0m - [91merror[0m[90m TS2339: [0mProperty 'claudeSessionId' does not exist on type 'SessionManager'.
    [7m254[0m     expect(service.claudeSessionId()).toBe(confirmedId);
    [7m   [0m [91m                   ~~~~~~~~~~~~~~~[0m
    [96mlibs/frontend/chat/src/lib/services/session-manager.service.spec.ts[0m:[93m302[0m:[93m13[0m - [91merror[0m[90m TS2551: [0mProperty 'setClaudeSessionId' does not exist on type 'SessionManager'. Did you mean 'setSessionId'?
    [7m302[0m     service.setClaudeSessionId(realId);
    [7m   [0m [91m            ~~~~~~~~~~~~~~~~~~[0m
      [96mlibs/frontend/chat/src/lib/services/session-manager.service.ts[0m:[93m64[0m:[93m3[0m
        [7m64[0m   setSessionId(sessionId: string | null, state: SessionState = 'draft'): void {
        [7m  [0m [96m  ~~~~~~~~~~~~[0m
        'setSessionId' is declared here.
    [96mlibs/frontend/chat/src/lib/services/session-manager.service.spec.ts[0m:[93m304[0m:[93m20[0m - [91merror[0m[90m TS2339: [0mProperty 'claudeSessionId' does not exist on type 'SessionManager'.
    [7m304[0m     expect(service.claudeSessionId()).toBe(realId);
    [7m   [0m [91m                   ~~~~~~~~~~~~~~~[0m
    [96mlibs/frontend/chat/src/lib/services/session-manager.service.spec.ts[0m:[93m319[0m:[93m13[0m - [91merror[0m[90m TS2551: [0mProperty 'setClaudeSessionId' does not exist on type 'SessionManager'. Did you mean 'setSessionId'?
    [7m319[0m     service.setClaudeSessionId(realId);
    [7m   [0m [91m            ~~~~~~~~~~~~~~~~~~[0m
      [96mlibs/frontend/chat/src/lib/services/session-manager.service.ts[0m:[93m64[0m:[93m3[0m
        [7m64[0m   setSessionId(sessionId: string | null, state: SessionState = 'draft'): void {
        [7m  [0m [96m  ~~~~~~~~~~~~[0m
        'setSessionId' is declared here.
    [96mlibs/frontend/chat/src/lib/services/session-manager.service.spec.ts[0m:[93m320[0m:[93m20[0m - [91merror[0m[90m TS2339: [0mProperty 'claudeSessionId' does not exist on type 'SessionManager'.
    [7m320[0m     expect(service.claudeSessionId()).toBe(realId);
    [7m   [0m [91m                   ~~~~~~~~~~~~~~~[0m
[0m[7m[1m[31m FAIL [39m[22m[27m[0m [0m[7m[37m chat [39m[27m[0m [2mlibs/frontend/chat/src/lib/services/chat-store/[22m[1mconversation.service.spec.ts[22m
  [1m● [22mTest suite failed to run
    [96mlibs/frontend/chat/src/lib/services/chat-store/conversation.service.spec.ts[0m:[93m40[0m:[93m76[0m - [91merror[0m[90m TS2322: [0mType '{ id: string; claudeSessionId: string | null; placeholderSessionId?: string | null | undefined; name?: string | undefined; title: string; order: number; status: SessionStatus; ... 5 more ...; queuedContent: string | null; }' is not assignable to type 'TabState'.
      Types of property 'placeholderSessionId' are incompatible.
        Type 'string | null | undefined' is not assignable to type 'string | null'.
          Type 'undefined' is not assignable to type 'string | null'.
    [7m 40[0m   const createMockTabState = (overrides?: Partial<TabState>): TabState => ({
    [7m   [0m [91m                                                                           ~[0m
    [7m 41[0m     id: 'tab_123',
    [7m   [0m [91m~~~~~~~~~~~~~~~~~~[0m
    [7m...[0m 
    [7m 52[0m     ...overrides,
    [7m   [0m [91m~~~~~~~~~~~~~~~~~[0m
    [7m 53[0m   });
    [7m   [0m [91m~~~[0m
[0m[7m[1m[31m FAIL [39m[22m[27m[0m [0m[7m[37m chat [39m[27m[0m [2mlibs/frontend/chat/src/lib/services/[22m[1mmessage-sender.service.spec.ts[22m
  [1m● [22mTest suite failed to run
    [96mlibs/frontend/chat/src/lib/services/message-sender.service.spec.ts[0m:[93m35[0m:[93m7[0m - [91merror[0m[90m TS2322: [0mType 'Mock<any, any, any>' is not assignable to type 'Signal<WebviewConfig>'.
      Property '[SIGNAL]' is missing in type 'Mock<any, any, any>' but required in type '{ [SIGNAL]: unknown; }'.
    [7m35[0m       config: jest.fn().mockReturnValue({
    [7m  [0m [91m      ~~~~~~[0m
      [96mnode_modules/@angular/core/chrome_dev_tools_performance.d.d.ts[0m:[93m21[0m:[93m5[0m
        [7m21[0m     [SIGNAL]: unknown;
        [7m  [0m [96m    ~~~~~~~~[0m
        '[SIGNAL]' is declared here.
      [96mlibs/frontend/core/src/lib/services/vscode.service.ts[0m:[93m81[0m:[93m12[0m
        [7m81[0m   readonly config = this._config.asReadonly();
        [7m  [0m [96m           ~~~~~~[0m
        The expected type comes from property 'config' which is declared here on type 'Mocked<Partial<VSCodeService>>'
    [96mlibs/frontend/chat/src/lib/services/message-sender.service.spec.ts[0m:[93m41[0m:[93m7[0m - [91merror[0m[90m TS2322: [0mType 'Mock<any, any, any>' is not assignable to type 'Signal<TabState | null>'.
      Property '[SIGNAL]' is missing in type 'Mock<any, any, any>' but required in type '{ [SIGNAL]: unknown; }'.
    [7m41[0m       activeTab: jest.fn(),
    [7m  [0m [91m      ~~~~~~~~~[0m
      [96mnode_modules/@angular/core/chrome_dev_tools_performance.d.d.ts[0m:[93m21[0m:[93m5[0m
        [7m21[0m     [SIGNAL]: unknown;
        [7m  [0m [96m    ~~~~~~~~[0m
        '[SIGNAL]' is declared here.
      [96mlibs/frontend/chat/src/lib/services/tab-manager.service.ts[0m:[93m47[0m:[93m12[0m
        [7m47[0m   readonly activeTab = computed(
        [7m  [0m [96m           ~~~~~~~~~[0m
        The expected type comes from property 'activeTab' which is declared here on type 'Mocked<Partial<TabManagerService>>'
    [96mlibs/frontend/chat/src/lib/services/message-sender.service.spec.ts[0m:[93m42[0m:[93m7[0m - [91merror[0m[90m TS2322: [0mType 'Mock<any, any, any>' is not assignable to type 'Signal<string | null>'.
      Property '[SIGNAL]' is missing in type 'Mock<any, any, any>' but required in type '{ [SIGNAL]: unknown; }'.
    [7m42[0m       activeTabId: jest.fn(),
    [7m  [0m [91m      ~~~~~~~~~~~[0m
      [96mnode_modules/@angular/core/chrome_dev_tools_performance.d.d.ts[0m:[93m21[0m:[93m5[0m
        [7m21[0m     [SIGNAL]: unknown;
        [7m  [0m [96m    ~~~~~~~~[0m
        '[SIGNAL]' is declared here.
      [96mlibs/frontend/chat/src/lib/services/tab-manager.service.ts[0m:[93m41[0m:[93m12[0m
        [7m41[0m   readonly activeTabId = this._activeTabId.asReadonly();
        [7m  [0m [96m           ~~~~~~~~~~~[0m
        The expected type comes from property 'activeTabId' which is declared here on type 'Mocked<Partial<TabManagerService>>'
    [96mlibs/frontend/chat/src/lib/services/message-sender.service.spec.ts[0m:[93m46[0m:[93m7[0m - [91merror[0m[90m TS2322: [0mType 'Mock<any, any, any>' is not assignable to type 'Signal<TabState[]>'.
      Property '[SIGNAL]' is missing in type 'Mock<any, any, any>' but required in type '{ [SIGNAL]: unknown; }'.
    [7m46[0m       tabs: jest.fn().mockReturnValue([]),
    [7m  [0m [91m      ~~~~[0m
      [96mnode_modules/@angular/core/chrome_dev_tools_performance.d.d.ts[0m:[93m21[0m:[93m5[0m
        [7m21[0m     [SIGNAL]: unknown;
        [7m  [0m [96m    ~~~~~~~~[0m
        '[SIGNAL]' is declared here.
      [96mlibs/frontend/chat/src/lib/services/tab-manager.service.ts[0m:[93m40[0m:[93m12[0m
        [7m40[0m   readonly tabs = this._tabs.asReadonly();
        [7m  [0m [96m           ~~~~[0m
        The expected type comes from property 'tabs' which is declared here on type 'Mocked<Partial<TabManagerService>>'
    [96mlibs/frontend/chat/src/lib/services/message-sender.service.spec.ts[0m:[93m52[0m:[93m7[0m - [91merror[0m[90m TS2353: [0mObject literal may only specify known properties, and 'clearClaudeSessionId' does not exist in type 'Mocked<Partial<SessionManager>>'.
    [7m52[0m       clearClaudeSessionId: jest.fn(),
    [7m  [0m [91m      ~~~~~~~~~~~~~~~~~~~~[0m
    [96mlibs/frontend/chat/src/lib/services/message-sender.service.spec.ts[0m:[93m98[0m:[93m8[0m - [91merror[0m[90m TS2352: [0mConversion of type 'Signal<TabState | null> | undefined' to type 'Mock<any, any, any>' may be a mistake because neither type sufficiently overlaps with the other. If this was intentional, convert the expression to 'unknown' first.
      Type 'Signal<TabState | null>' is missing the following properties from type 'Mock<any, any, any>': getMockName, mock, mockClear, mockReset, and 13 more.
    [7m98[0m       (mockTabManager.activeTab as jest.Mock) = jest
    [7m  [0m [91m       ~~~~~~~~~~~~~~~~~~~~~~~~~~~~~~~~~~~~~[0m
    [96mlibs/frontend/chat/src/lib/services/message-sender.service.spec.ts[0m:[93m101[0m:[93m8[0m - [91merror[0m[90m TS2352: [0mConversion of type 'Signal<string | null> | undefined' to type 'Mock<any, any, any>' may be a mistake because neither type sufficiently overlaps with the other. If this was intentional, convert the expression to 'unknown' first.
      Type 'Signal<string | null>' is missing the following properties from type 'Mock<any, any, any>': getMockName, mock, mockClear, mockReset, and 13 more.
    [7m101[0m       (mockTabManager.activeTabId as jest.Mock) = jest
    [7m   [0m [91m       ~~~~~~~~~~~~~~~~~~~~~~~~~~~~~~~~~~~~~~~[0m
    [96mlibs/frontend/chat/src/lib/services/message-sender.service.spec.ts[0m:[93m127[0m:[93m8[0m - [91merror[0m[90m TS2352: [0mConversion of type 'Signal<TabState | null> | undefined' to type 'Mock<any, any, any>' may be a mistake because neither type sufficiently overlaps with the other. If this was intentional, convert the expression to 'unknown' first.
      Type 'Signal<TabState | null>' is missing the following properties from type 'Mock<any, any, any>': getMockName, mock, mockClear, mockReset, and 13 more.
    [7m127[0m       (mockTabManager.activeTab as jest.Mock) = jest
    [7m   [0m [91m       ~~~~~~~~~~~~~~~~~~~~~~~~~~~~~~~~~~~~~[0m
    [96mlibs/frontend/chat/src/lib/services/message-sender.service.spec.ts[0m:[93m130[0m:[93m8[0m - [91merror[0m[90m TS2352: [0mConversion of type 'Signal<string | null> | undefined' to type 'Mock<any, any, any>' may be a mistake because neither type sufficiently overlaps with the other. If this was intentional, convert the expression to 'unknown' first.
      Type 'Signal<string | null>' is missing the following properties from type 'Mock<any, any, any>': getMockName, mock, mockClear, mockReset, and 13 more.
    [7m130[0m       (mockTabManager.activeTabId as jest.Mock) = jest
    [7m   [0m [91m       ~~~~~~~~~~~~~~~~~~~~~~~~~~~~~~~~~~~~~~~[0m
    [96mlibs/frontend/chat/src/lib/services/message-sender.service.spec.ts[0m:[93m153[0m:[93m8[0m - [91merror[0m[90m TS2352: [0mConversion of type 'Signal<TabState | null> | undefined' to type 'Mock<any, any, any>' may be a mistake because neither type sufficiently overlaps with the other. If this was intentional, convert the expression to 'unknown' first.
      Type 'Signal<TabState | null>' is missing the following properties from type 'Mock<any, any, any>': getMockName, mock, mockClear, mockReset, and 13 more.
    [7m153[0m       (mockTabManager.activeTab as jest.Mock) = jest.fn().mockReturnValue(null);
    [7m   [0m [91m       ~~~~~~~~~~~~~~~~~~~~~~~~~~~~~~~~~~~~~[0m
    [96mlibs/frontend/chat/src/lib/services/message-sender.service.spec.ts[0m:[93m177[0m:[93m8[0m - [91merror[0m[90m TS2352: [0mConversion of type 'Signal<TabState | null> | undefined' to type 'Mock<any, any, any>' may be a mistake because neither type sufficiently overlaps with the other. If this was intentional, convert the expression to 'unknown' first.
      Type 'Signal<TabState | null>' is missing the following properties from type 'Mock<any, any, any>': getMockName, mock, mockClear, mockReset, and 13 more.
    [7m177[0m       (mockTabManager.activeTab as jest.Mock) = jest
    [7m   [0m [91m       ~~~~~~~~~~~~~~~~~~~~~~~~~~~~~~~~~~~~~[0m
    [96mlibs/frontend/chat/src/lib/services/message-sender.service.spec.ts[0m:[93m202[0m:[93m8[0m - [91merror[0m[90m TS2352: [0mConversion of type 'Signal<TabState | null> | undefined' to type 'Mock<any, any, any>' may be a mistake because neither type sufficiently overlaps with the other. If this was intentional, convert the expression to 'unknown' first.
      Type 'Signal<TabState | null>' is missing the following properties from type 'Mock<any, any, any>': getMockName, mock, mockClear, mockReset, and 13 more.
    [7m202[0m       (mockTabManager.activeTab as jest.Mock) = jest
    [7m   [0m [91m       ~~~~~~~~~~~~~~~~~~~~~~~~~~~~~~~~~~~~~[0m
    [96mlibs/frontend/chat/src/lib/services/message-sender.service.spec.ts[0m:[93m205[0m:[93m8[0m - [91merror[0m[90m TS2352: [0mConversion of type 'Signal<string | null> | undefined' to type 'Mock<any, any, any>' may be a mistake because neither type sufficiently overlaps with the other. If this was intentional, convert the expression to 'unknown' first.
      Type 'Signal<string | null>' is missing the following properties from type 'Mock<any, any, any>': getMockName, mock, mockClear, mockReset, and 13 more.
    [7m205[0m       (mockTabManager.activeTabId as jest.Mock) = jest
    [7m   [0m [91m       ~~~~~~~~~~~~~~~~~~~~~~~~~~~~~~~~~~~~~~~[0m
    [96mlibs/frontend/chat/src/lib/services/message-sender.service.spec.ts[0m:[93m227[0m:[93m8[0m - [91merror[0m[90m TS2352: [0mConversion of type 'Signal<string | null> | undefined' to type 'Mock<any, any, any>' may be a mistake because neither type sufficiently overlaps with the other. If this was intentional, convert the expression to 'unknown' first.
      Type 'Signal<string | null>' is missing the following properties from type 'Mock<any, any, any>': getMockName, mock, mockClear, mockReset, and 13 more.
    [7m227[0m       (mockTabManager.activeTabId as jest.Mock) = jest
    [7m   [0m [91m       ~~~~~~~~~~~~~~~~~~~~~~~~~~~~~~~~~~~~~~~[0m
    [96mlibs/frontend/chat/src/lib/services/message-sender.service.spec.ts[0m:[93m234[0m:[93m8[0m - [91merror[0m[90m TS2352: [0mConversion of type 'Signal<TabState | null> | undefined' to type 'Mock<any, any, any>' may be a mistake because neither type sufficiently overlaps with the other. If this was intentional, convert the expression to 'unknown' first.
      Type 'Signal<TabState | null>' is missing the following properties from type 'Mock<any, any, any>': getMockName, mock, mockClear, mockReset, and 13 more.
    [7m234[0m       (mockTabManager.activeTab as jest.Mock) = jest
    [7m   [0m [91m       ~~~~~~~~~~~~~~~~~~~~~~~~~~~~~~~~~~~~~[0m
    [96mlibs/frontend/chat/src/lib/services/message-sender.service.spec.ts[0m:[93m328[0m:[93m8[0m - [91merror[0m[90m TS2352: [0mConversion of type 'Signal<TabState | null> | undefined' to type 'Mock<any, any, any>' may be a mistake because neither type sufficiently overlaps with the other. If this was intentional, convert the expression to 'unknown' first.
      Type 'Signal<TabState | null>' is missing the following properties from type 'Mock<any, any, any>': getMockName, mock, mockClear, mockReset, and 13 more.
    [7m328[0m       (mockTabManager.activeTab as jest.Mock) = jest
    [7m   [0m [91m       ~~~~~~~~~~~~~~~~~~~~~~~~~~~~~~~~~~~~~[0m
    [96mlibs/frontend/chat/src/lib/services/message-sender.service.spec.ts[0m:[93m331[0m:[93m8[0m - [91merror[0m[90m TS2352: [0mConversion of type 'Signal<string | null> | undefined' to type 'Mock<any, any, any>' may be a mistake because neither type sufficiently overlaps with the other. If this was intentional, convert the expression to 'unknown' first.
      Type 'Signal<string | null>' is missing the following properties from type 'Mock<any, any, any>': getMockName, mock, mockClear, mockReset, and 13 more.
    [7m331[0m       (mockTabManager.activeTabId as jest.Mock) = jest
    [7m   [0m [91m       ~~~~~~~~~~~~~~~~~~~~~~~~~~~~~~~~~~~~~~~[0m
[1mTest Suites: [22m[1m[31m5 failed[39m[22m, 5 total
[1mTests:       [22m[1m[31m10 failed[39m[22m, [1m[32m48 passed[39m[22m, 58 total
[1mSnapshots:   [22m0 total
[1mTime:[22m        [1m[33m7.152 s[39m[22m
[2mRan all test suites[22m[2m.[22m



 NX   Running target test for project chat failed

Failed tasks:

- chat:test

Hint: run the command with --verbose for more details.

View structured, searchable error logs at https://nx.app/runs/UKd85tBSgu

